[INFO    ] 2019-03-22T07:51:55.367848419Z: Running Test linuxkit.packages.format_mount.xfs in /tmp/build/test/cases/040_packages/006_format_mount/004_xfs
[INFO    ] 2019-03-22T07:51:55.368006130Z: Running command: [/bin/sh -x /tmp/build/test/cases/040_packages/006_format_mount/004_xfs/test.sh]
[STDERR  ] 2019-03-22T07:51:55.379784878Z: + set -e
[STDERR  ] 2019-03-22T07:51:55.379926251Z: + . /tmp/build/test/cases/_lib/lib.sh
[STDERR  ] 2019-03-22T07:51:55.379941899Z: + [ -f src/github.com/linuxkit/rtf/lib/lib.sh ]
[STDERR  ] 2019-03-22T07:51:55.379954250Z: + LINUXKIT_TMPDIR=/tmp/build/test/cases/_tmp
[STDERR  ] 2019-03-22T07:51:55.379966217Z: + [ -f /tmp/build/test/cases/_tmp/env.sh ]
[STDERR  ] 2019-03-22T07:51:55.379979330Z: + . /tmp/build/test/cases/_tmp/env.sh
[STDERR  ] 2019-03-22T07:51:55.380104984Z: + export LINUXKIT_EXAMPLES_DIR=/tmp/build/test/cases/../../examples
[STDERR  ] 2019-03-22T07:51:55.380129808Z: + RT_CANCEL=253
[STDERR  ] 2019-03-22T07:51:55.380144529Z: + NAME=test-format
[STDERR  ] 2019-03-22T07:51:55.380157468Z: + DISK=disk.img
[STDERR  ] 2019-03-22T07:51:55.380225273Z: + trap clean_up EXIT
[STDERR  ] 2019-03-22T07:51:55.380247893Z: + linuxkit build -format kernel+initrd -name test-format test.yml
[STDERR  ] 2019-03-22T07:51:55.416836594Z: Extract kernel image: linuxkit/kernel:4.19.27
[STDERR  ] 2019-03-22T07:51:57.324856487Z: Add init containers:
[STDERR  ] 2019-03-22T07:51:57.324933147Z: Process init image: linuxkit/init:629fdad56e62ae72bf8becf0c8a668241480d3ff
[STDERR  ] 2019-03-22T07:51:58.528055106Z: Process init image: linuxkit/runc:606971451ea29b4238029804ca638f9f85caf5af
[STDERR  ] 2019-03-22T07:51:59.676086382Z: Add onboot containers:
[STDERR  ] 2019-03-22T07:51:59.676162494Z:   Create OCI config for linuxkit/format:ada5fd97592c33399140f5f93f517c02f55edb14
[STDERR  ] 2019-03-22T07:52:01.050648502Z:   Create OCI config for linuxkit/mount:019bc551972cf2d136b443d70b4bf94c54d0d1fe
[STDERR  ] 2019-03-22T07:52:02.424697262Z:   Create OCI config for alpine:3.9
[STDERR  ] 2019-03-22T07:52:03.593364927Z:   Create OCI config for linuxkit/poweroff:9f4e04f09bbb4a028f0a1f57d430e1ad3095ace1
[STDERR  ] 2019-03-22T07:52:04.744802184Z: Add files:
[STDERR  ] 2019-03-22T07:52:04.744882172Z:   check.sh
[STDERR  ] 2019-03-22T07:52:04.754938288Z: Create outputs:
[STDERR  ] 2019-03-22T07:52:12.105484008Z:   test-format-kernel test-format-initrd.img test-format-cmdline
[STDERR  ] 2019-03-22T07:52:12.184607926Z: + linuxkit run -disk file=disk.img,size=512M test-format
[STDERR  ] 2019-03-22T07:52:29.806385647Z: + RESULT=[    0.000000] Linux version 4.19.27-linuxkit (root@82332b297024) (gcc version 8.2.0 (Alpine 8.2.0)) #1 SMP Sun Mar 10 18:51:44 UTC 2019
[STDERR  ] 2019-03-22T07:52:29.806486443Z: [    0.000000] Command line: console=ttyS0 console=ttyAMA0
[STDERR  ] 2019-03-22T07:52:29.806503871Z: [    0.000000] x86/fpu: x87 FPU will use FXSAVE
[STDERR  ] 2019-03-22T07:52:29.806518491Z: [    0.000000] BIOS-provided physical RAM map:
[STDERR  ] 2019-03-22T07:52:29.806532998Z: [    0.000000] BIOS-e820: [mem 0x0000000000000000-0x000000000009fbff] usable
[STDERR  ] 2019-03-22T07:52:29.806566788Z: [    0.000000] BIOS-e820: [mem 0x000000000009fc00-0x000000000009ffff] reserved
[STDERR  ] 2019-03-22T07:52:29.806580534Z: [    0.000000] BIOS-e820: [mem 0x00000000000f0000-0x00000000000fffff] reserved
[STDERR  ] 2019-03-22T07:52:29.806594479Z: [    0.000000] BIOS-e820: [mem 0x0000000000100000-0x000000003ffdefff] usable
[STDERR  ] 2019-03-22T07:52:29.806607682Z: [    0.000000] BIOS-e820: [mem 0x000000003ffdf000-0x000000003fffffff] reserved
[STDERR  ] 2019-03-22T07:52:29.806621158Z: [    0.000000] BIOS-e820: [mem 0x00000000b0000000-0x00000000bfffffff] reserved
[STDERR  ] 2019-03-22T07:52:29.806634441Z: [    0.000000] BIOS-e820: [mem 0x00000000fed1c000-0x00000000fed1ffff] reserved
[STDERR  ] 2019-03-22T07:52:29.806648204Z: [    0.000000] BIOS-e820: [mem 0x00000000feffc000-0x00000000feffffff] reserved
[STDERR  ] 2019-03-22T07:52:29.806662107Z: [    0.000000] BIOS-e820: [mem 0x00000000fffc0000-0x00000000ffffffff] reserved
[STDERR  ] 2019-03-22T07:52:29.806675023Z: [    0.000000] NX (Execute Disable) protection: active
[STDERR  ] 2019-03-22T07:52:29.806707944Z: [    0.000000] SMBIOS 2.8 present.
[STDERR  ] 2019-03-22T07:52:29.806721915Z: [    0.000000] DMI: QEMU Standard PC (Q35 + ICH9, 2009), BIOS 1.10.2-1 04/01/2014
[STDERR  ] 2019-03-22T07:52:29.806733836Z: [    0.000000] Hypervisor detected: KVM
[STDERR  ] 2019-03-22T07:52:29.806746366Z: [    0.000000] kvm-clock: Using msrs 4b564d01 and 4b564d00
[STDERR  ] 2019-03-22T07:52:29.806758250Z: [    0.585378] kvm-clock: cpu 0, msr 2481a001, primary cpu clock
[STDERR  ] 2019-03-22T07:52:29.806772839Z: [    0.585378] clocksource: kvm-clock: mask: 0xffffffffffffffff max_cycles: 0x1cd42e4dffb, max_idle_ns: 881590591483 ns
[STDERR  ] 2019-03-22T07:52:29.806788464Z: [    0.585389] tsc: Detected 2299.814 MHz processor
[STDERR  ] 2019-03-22T07:52:29.806802222Z: [    0.588666] last_pfn = 0x3ffdf max_arch_pfn = 0x400000000
[STDERR  ] 2019-03-22T07:52:29.806814722Z: [    0.589282] x86/PAT: PAT not supported by CPU.
[STDERR  ] 2019-03-22T07:52:29.806827828Z: [    0.589336] x86/PAT: Configuration [0-7]: WB  WT  UC- UC  WB  WT  UC- UC  
[STDERR  ] 2019-03-22T07:52:29.806840869Z: [    0.601025] found SMP MP-table at [mem 0x000f6a90-0x000f6a9f] mapped at [(____ptrval____)]
[STDERR  ] 2019-03-22T07:52:29.806854733Z: [    0.601991] RAMDISK: [mem 0x3d6b6000-0x3ffcffff]
[STDERR  ] 2019-03-22T07:52:29.806867699Z: [    0.602211] ACPI: Early table checksum verification disabled
[STDERR  ] 2019-03-22T07:52:29.806879894Z: [    0.602354] ACPI: RSDP 0x00000000000F68D0 000014 (v00 BOCHS )
[STDERR  ] 2019-03-22T07:52:29.806892008Z: [    0.602365] ACPI: RSDT 0x000000003FFE2404 000034 (v01 BOCHS  BXPCRSDT 00000001 BXPC 00000001)
[STDERR  ] 2019-03-22T07:52:29.806904318Z: [    0.602387] ACPI: FACP 0x000000003FFE22A4 000074 (v01 BOCHS  BXPCFACP 00000001 BXPC 00000001)
[STDERR  ] 2019-03-22T07:52:29.806916826Z: [    0.602394] ACPI: DSDT 0x000000003FFE0040 002264 (v01 BOCHS  BXPCDSDT 00000001 BXPC 00000001)
[STDERR  ] 2019-03-22T07:52:29.806935847Z: [    0.602399] ACPI: FACS 0x000000003FFE0000 000040
[STDERR  ] 2019-03-22T07:52:29.806955270Z: [    0.602403] ACPI: APIC 0x000000003FFE2318 000078 (v01 BOCHS  BXPCAPIC 00000001 BXPC 00000001)
[STDERR  ] 2019-03-22T07:52:29.806971319Z: [    0.602407] ACPI: HPET 0x000000003FFE2390 000038 (v01 BOCHS  BXPCHPET 00000001 BXPC 00000001)
[STDERR  ] 2019-03-22T07:52:29.806983283Z: [    0.602411] ACPI: MCFG 0x000000003FFE23C8 00003C (v01 BOCHS  BXPCMCFG 00000001 BXPC 00000001)
[STDERR  ] 2019-03-22T07:52:29.806996870Z: [    0.603272] Zone ranges:
[STDERR  ] 2019-03-22T07:52:29.807009529Z: [    0.603274]   DMA      [mem 0x0000000000001000-0x0000000000ffffff]
[STDERR  ] 2019-03-22T07:52:29.807025458Z: [    0.603276]   DMA32    [mem 0x0000000001000000-0x000000003ffdefff]
[STDERR  ] 2019-03-22T07:52:29.807041187Z: [    0.603278]   Normal   empty
[STDERR  ] 2019-03-22T07:52:29.807052600Z: [    0.603279]   Device   empty
[STDERR  ] 2019-03-22T07:52:29.807064713Z: [    0.603280] Movable zone start for each node
[STDERR  ] 2019-03-22T07:52:29.807076963Z: [    0.603281] Early memory node ranges
[STDERR  ] 2019-03-22T07:52:29.807092852Z: [    0.603282]   node   0: [mem 0x0000000000001000-0x000000000009efff]
[STDERR  ] 2019-03-22T07:52:29.807105191Z: [    0.603284]   node   0: [mem 0x0000000000100000-0x000000003ffdefff]
[STDERR  ] 2019-03-22T07:52:29.807119385Z: [    0.603866] Reserved but unavailable: 98 pages
[STDERR  ] 2019-03-22T07:52:29.807137043Z: [    0.603868] Initmem setup node 0 [mem 0x0000000000001000-0x000000003ffdefff]
[STDERR  ] 2019-03-22T07:52:29.807149635Z: [    0.616110] ACPI: PM-Timer IO Port: 0x608
[STDERR  ] 2019-03-22T07:52:29.807163422Z: [    0.616161] ACPI: LAPIC_NMI (acpi_id[0xff] dfl dfl lint[0x1])
[STDERR  ] 2019-03-22T07:52:29.807175416Z: [    0.616409] IOAPIC[0]: apic_id 0, version 17, address 0xfec00000, GSI 0-23
[STDERR  ] 2019-03-22T07:52:29.807188237Z: [    0.616413] ACPI: INT_SRC_OVR (bus 0 bus_irq 0 global_irq 2 dfl dfl)
[STDERR  ] 2019-03-22T07:52:29.807201745Z: [    0.616415] ACPI: INT_SRC_OVR (bus 0 bus_irq 5 global_irq 5 high level)
[STDERR  ] 2019-03-22T07:52:29.807224458Z: [    0.616416] ACPI: INT_SRC_OVR (bus 0 bus_irq 9 global_irq 9 high level)
[STDERR  ] 2019-03-22T07:52:29.807239494Z: [    0.616425] ACPI: INT_SRC_OVR (bus 0 bus_irq 10 global_irq 10 high level)
[STDERR  ] 2019-03-22T07:52:29.807253327Z: [    0.616426] ACPI: INT_SRC_OVR (bus 0 bus_irq 11 global_irq 11 high level)
[STDERR  ] 2019-03-22T07:52:29.807267686Z: [    0.616434] Using ACPI (MADT) for SMP configuration information
[STDERR  ] 2019-03-22T07:52:29.807279951Z: [    0.616436] ACPI: HPET id: 0x8086a201 base: 0xfed00000
[STDERR  ] 2019-03-22T07:52:29.807293188Z: [    0.616470] smpboot: Allowing 1 CPUs, 0 hotplug CPUs
[STDERR  ] 2019-03-22T07:52:29.807304921Z: [    0.616630] [mem 0x40000000-0xafffffff] available for PCI devices
[STDERR  ] 2019-03-22T07:52:29.807316734Z: [    0.616631] Booting paravirtualized kernel on KVM
[STDERR  ] 2019-03-22T07:52:29.807332934Z: [    0.616634] clocksource: refined-jiffies: mask: 0xffffffff max_cycles: 0xffffffff, max_idle_ns: 1910969940391419 ns
[STDERR  ] 2019-03-22T07:52:29.807348738Z: [    0.724626] random: get_random_bytes called from start_kernel+0x91/0x517 with crng_init=0
[STDERR  ] 2019-03-22T07:52:29.807363850Z: [    0.724648] setup_percpu: NR_CPUS:128 nr_cpumask_bits:128 nr_cpu_ids:1 nr_node_ids:1
[STDERR  ] 2019-03-22T07:52:29.807378340Z: [    0.725490] percpu: Embedded 45 pages/cpu @(____ptrval____) s145112 r8192 d31016 u2097152
[STDERR  ] 2019-03-22T07:52:29.807391929Z: [    0.725652] KVM setup async PF for cpu 0
[STDERR  ] 2019-03-22T07:52:29.807416471Z: [    0.725703] kvm-stealtime: cpu 0, msr 3c215e80
[STDERR  ] 2019-03-22T07:52:29.807439985Z: [    0.725733] Built 1 zonelists, mobility grouping on.  Total pages: 257896
[STDERR  ] 2019-03-22T07:52:29.807452705Z: [    0.725736] Kernel command line: console=ttyS0 console=ttyAMA0
[STDERR  ] 2019-03-22T07:52:29.807470351Z: [    0.725886] Dentry cache hash table entries: 131072 (order: 8, 1048576 bytes)
[STDERR  ] 2019-03-22T07:52:29.807490218Z: [    0.725975] Inode-cache hash table entries: 65536 (order: 7, 524288 bytes)
[STDERR  ] 2019-03-22T07:52:29.807506856Z: [    0.729919] Memory: 959716K/1048052K available (12300K kernel code, 1573K rwdata, 3056K rodata, 1584K init, 2036K bss, 88336K reserved, 0K cma-reserved)
[STDERR  ] 2019-03-22T07:52:29.807519706Z: [    0.730768] Kernel/User page tables isolation: enabled
[STDERR  ] 2019-03-22T07:52:29.807535764Z: [    0.730871] ftrace: allocating 43039 entries in 169 pages
[STDERR  ] 2019-03-22T07:52:29.807559915Z: [    0.754106] rcu: Hierarchical RCU implementation.
[STDERR  ] 2019-03-22T07:52:29.807572382Z: [    0.754109] rcu: 	RCU restricting CPUs from NR_CPUS=128 to nr_cpu_ids=1.
[STDERR  ] 2019-03-22T07:52:29.807584279Z: [    0.754111] rcu: Adjusting geometry for rcu_fanout_leaf=16, nr_cpu_ids=1
[STDERR  ] 2019-03-22T07:52:29.807595527Z: [    0.757868] NR_IRQS: 8448, nr_irqs: 256, preallocated irqs: 16
[STDERR  ] 2019-03-22T07:52:29.807608606Z: [    0.784837] Console: colour VGA+ 80x25
[STDERR  ] 2019-03-22T07:52:29.807620405Z: [    1.233978] console [ttyS0] enabled
[STDERR  ] 2019-03-22T07:52:29.807631455Z: [    1.237285] ACPI: Core revision 20180810
[STDERR  ] 2019-03-22T07:52:29.807643195Z: [    1.241883] clocksource: hpet: mask: 0xffffffff max_cycles: 0xffffffff, max_idle_ns: 19112604467 ns
[STDERR  ] 2019-03-22T07:52:29.807654922Z: [    1.250922] APIC: Switch to symmetric I/O mode setup
[STDERR  ] 2019-03-22T07:52:29.807667530Z: [    1.258125] x2apic enabled
[STDERR  ] 2019-03-22T07:52:29.807681308Z: [    1.263089] Switched APIC routing to physical x2apic.
[STDERR  ] 2019-03-22T07:52:29.807694372Z: [    1.278044] ..TIMER: vector=0x30 apic1=0 pin1=2 apic2=-1 pin2=-1
[STDERR  ] 2019-03-22T07:52:29.807707011Z: [    1.283732] clocksource: tsc-early: mask: 0xffffffffffffffff max_cycles: 0x212685622b2, max_idle_ns: 440795265736 ns
[STDERR  ] 2019-03-22T07:52:29.807720388Z: [    1.293397] Calibrating delay loop (skipped) preset value.. 4599.62 BogoMIPS (lpj=2299814)
[STDERR  ] 2019-03-22T07:52:29.807734660Z: [    1.294374] pid_max: default: 32768 minimum: 301
[STDERR  ] 2019-03-22T07:52:29.807752164Z: [    1.295491] Security Framework initialized
[STDERR  ] 2019-03-22T07:52:29.807769942Z: [    1.296374] Yama: becoming mindful.
[STDERR  ] 2019-03-22T07:52:29.807782434Z: [    1.298433] Mount-cache hash table entries: 2048 (order: 2, 16384 bytes)
[STDERR  ] 2019-03-22T07:52:29.807794642Z: [    1.299377] Mountpoint-cache hash table entries: 2048 (order: 2, 16384 bytes)
[STDERR  ] 2019-03-22T07:52:29.807807012Z: [    1.303410] Last level iTLB entries: 4KB 0, 2MB 0, 4MB 0
[STDERR  ] 2019-03-22T07:52:29.807819960Z: [    1.304372] Last level dTLB entries: 4KB 0, 2MB 0, 4MB 0, 1GB 0
[STDERR  ] 2019-03-22T07:52:29.807840828Z: [    1.305372] Spectre V2 : Mitigation: Full generic retpoline
[STDERR  ] 2019-03-22T07:52:29.807852896Z: [    1.306371] Spectre V2 : Spectre v2 / SpectreRSB mitigation: Filling RSB on context switch
[STDERR  ] 2019-03-22T07:52:29.807866937Z: [    1.307373] Speculative Store Bypass: Vulnerable
[STDERR  ] 2019-03-22T07:52:29.807879543Z: [    1.319436] Freeing SMP alternatives memory: 20K
[STDERR  ] 2019-03-22T07:52:29.807893212Z: [    1.322363] smpboot: CPU0: Intel QEMU Virtual CPU version 2.5+ (family: 0x6, model: 0x6, stepping: 0x3)
[STDERR  ] 2019-03-22T07:52:29.807905444Z: [    1.322557] Performance Events: PMU not available due to virtualization, using software events only.
[STDERR  ] 2019-03-22T07:52:29.807924500Z: [    1.326602] rcu: Hierarchical SRCU implementation.
[STDERR  ] 2019-03-22T07:52:29.807937349Z: [    1.327527] NMI watchdog: Perf NMI watchdog permanently disabled
[STDERR  ] 2019-03-22T07:52:29.807954936Z: [    1.329455] smp: Bringing up secondary CPUs ...
[STDERR  ] 2019-03-22T07:52:29.807966989Z: [    1.330373] smp: Brought up 1 node, 1 CPU
[STDERR  ] 2019-03-22T07:52:29.807979896Z: [    1.331371] smpboot: Max logical packages: 1
[STDERR  ] 2019-03-22T07:52:29.808003695Z: [    1.332373] smpboot: Total of 1 processors activated (4599.62 BogoMIPS)
[STDERR  ] 2019-03-22T07:52:29.808021052Z: [    1.334651] devtmpfs: initialized
[STDERR  ] 2019-03-22T07:52:29.808038061Z: [    1.335456] x86/mm: Memory block size: 128MB
[STDERR  ] 2019-03-22T07:52:29.808050279Z: [    1.336841] clocksource: jiffies: mask: 0xffffffff max_cycles: 0xffffffff, max_idle_ns: 1911260446275000 ns
[STDERR  ] 2019-03-22T07:52:29.808063025Z: [    1.337382] futex hash table entries: 256 (order: 2, 16384 bytes)
[STDERR  ] 2019-03-22T07:52:29.808075521Z: [    1.338802] NET: Registered protocol family 16
[STDERR  ] 2019-03-22T07:52:29.808088242Z: [    1.340535] audit: initializing netlink subsys (disabled)
[STDERR  ] 2019-03-22T07:52:29.808107493Z: [    1.341458] audit: type=2000 audit(1553241133.153:1): state=initialized audit_enabled=0 res=1
[STDERR  ] 2019-03-22T07:52:29.808120399Z: [    1.342497] cpuidle: using governor ladder
[STDERR  ] 2019-03-22T07:52:29.808132867Z: [    1.343374] cpuidle: using governor menu
[STDERR  ] 2019-03-22T07:52:29.808145130Z: [    1.344520] ACPI: bus type PCI registered
[STDERR  ] 2019-03-22T07:52:29.808163334Z: [    1.345874] PCI: MMCONFIG for domain 0000 [bus 00-ff] at [mem 0xb0000000-0xbfffffff] (base 0xb0000000)
[STDERR  ] 2019-03-22T07:52:29.808176251Z: [    1.346378] PCI: MMCONFIG at [mem 0xb0000000-0xbfffffff] reserved in E820
[STDERR  ] 2019-03-22T07:52:29.808188769Z: [    1.347397] PCI: Using configuration type 1 for base access
[STDERR  ] 2019-03-22T07:52:29.808201698Z: [    1.350595] HugeTLB registered 2.00 MiB page size, pre-allocated 0 pages
[STDERR  ] 2019-03-22T07:52:29.808214361Z: [    1.351552] cryptd: max_cpu_qlen set to 1000
[STDERR  ] 2019-03-22T07:52:29.808226252Z: [    1.352565] ACPI: Added _OSI(Module Device)
[STDERR  ] 2019-03-22T07:52:29.808238771Z: [    1.353414] ACPI: Added _OSI(Processor Device)
[STDERR  ] 2019-03-22T07:52:29.808251259Z: [    1.354371] ACPI: Added _OSI(3.0 _SCP Extensions)
[STDERR  ] 2019-03-22T07:52:29.808264045Z: [    1.355370] ACPI: Added _OSI(Processor Aggregator Device)
[STDERR  ] 2019-03-22T07:52:29.808278874Z: [    1.356390] ACPI: Added _OSI(Linux-Dell-Video)
[STDERR  ] 2019-03-22T07:52:29.808295275Z: [    1.357372] ACPI: Added _OSI(Linux-Lenovo-NV-HDMI-Audio)
[STDERR  ] 2019-03-22T07:52:29.808314133Z: [    1.359719] ACPI: 1 ACPI AML tables successfully acquired and loaded
[STDERR  ] 2019-03-22T07:52:29.808330159Z: [    1.363595] ACPI: Interpreter enabled
[STDERR  ] 2019-03-22T07:52:29.808342649Z: [    1.364382] ACPI: (supports S0 S5)
[STDERR  ] 2019-03-22T07:52:29.808355168Z: [    1.365370] ACPI: Using IOAPIC for interrupt routing
[STDERR  ] 2019-03-22T07:52:29.808367644Z: [    1.366434] PCI: Using host bridge windows from ACPI; if necessary, use "pci=nocrs" and report a bug
[STDERR  ] 2019-03-22T07:52:29.808380366Z: [    1.367591] ACPI: Enabled 2 GPEs in block 00 to 3F
[STDERR  ] 2019-03-22T07:52:29.808393368Z: [    1.373182] ACPI: PCI Root Bridge [PCI0] (domain 0000 [bus 00-ff])
[STDERR  ] 2019-03-22T07:52:29.808413727Z: [    1.373384] acpi PNP0A08:00: _OSC: OS supports [ExtendedConfig ASPM ClockPM Segments MSI]
[STDERR  ] 2019-03-22T07:52:29.808429199Z: [    1.374483] acpi PNP0A08:00: _OSC: platform does not support [SHPCHotplug LTR]
[STDERR  ] 2019-03-22T07:52:29.808445138Z: [    1.375471] acpi PNP0A08:00: _OSC: OS now controls [PCIeHotplug PME PCIeCapability]
[STDERR  ] 2019-03-22T07:52:29.808457818Z: [    1.377454] PCI host bridge to bus 0000:00
[STDERR  ] 2019-03-22T07:52:29.808476355Z: [    1.378376] pci_bus 0000:00: root bus resource [io  0x0000-0x0cf7 window]
[STDERR  ] 2019-03-22T07:52:29.808488856Z: [    1.379375] pci_bus 0000:00: root bus resource [io  0x0d00-0xffff window]
[STDERR  ] 2019-03-22T07:52:29.808501276Z: [    1.380374] pci_bus 0000:00: root bus resource [mem 0x000a0000-0x000bffff window]
[STDERR  ] 2019-03-22T07:52:29.808516679Z: [    1.381373] pci_bus 0000:00: root bus resource [mem 0xc0000000-0xfebfffff window]
[STDERR  ] 2019-03-22T07:52:29.808530995Z: [    1.382375] pci_bus 0000:00: root bus resource [bus 00-ff]
[STDERR  ] 2019-03-22T07:52:29.808543091Z: [    1.456546] pci 0000:00:1f.0: quirk: [io  0x0600-0x067f] claimed by ICH6 ACPI/GPIO/TCO
[STDERR  ] 2019-03-22T07:52:29.808570714Z: [    1.486267] ACPI: PCI Interrupt Link [LNKA] (IRQs 5 *10 11)
[STDERR  ] 2019-03-22T07:52:29.808583310Z: [    1.486726] ACPI: PCI Interrupt Link [LNKB] (IRQs 5 *10 11)
[STDERR  ] 2019-03-22T07:52:29.808595775Z: [    1.487695] ACPI: PCI Interrupt Link [LNKC] (IRQs 5 10 *11)
[STDERR  ] 2019-03-22T07:52:29.808608605Z: [    1.489388] ACPI: PCI Interrupt Link [LNKD] (IRQs 5 10 *11)
[STDERR  ] 2019-03-22T07:52:29.808621003Z: [    1.490716] ACPI: PCI Interrupt Link [LNKE] (IRQs 5 *10 11)
[STDERR  ] 2019-03-22T07:52:29.808636538Z: [    1.492587] ACPI: PCI Interrupt Link [LNKF] (IRQs 5 *10 11)
[STDERR  ] 2019-03-22T07:52:29.808652862Z: [    1.493675] ACPI: PCI Interrupt Link [LNKG] (IRQs 5 10 *11)
[STDERR  ] 2019-03-22T07:52:29.808665777Z: [    1.494678] ACPI: PCI Interrupt Link [LNKH] (IRQs 5 10 *11)
[STDERR  ] 2019-03-22T07:52:29.808678166Z: [    1.495531] ACPI: PCI Interrupt Link [GSIA] (IRQs *16)
[STDERR  ] 2019-03-22T07:52:29.808694099Z: [    1.496393] ACPI: PCI Interrupt Link [GSIB] (IRQs *17)
[STDERR  ] 2019-03-22T07:52:29.808705698Z: [    1.497393] ACPI: PCI Interrupt Link [GSIC] (IRQs *18)
[STDERR  ] 2019-03-22T07:52:29.808718007Z: [    1.498393] ACPI: PCI Interrupt Link [GSID] (IRQs *19)
[STDERR  ] 2019-03-22T07:52:29.808730287Z: [    1.499394] ACPI: PCI Interrupt Link [GSIE] (IRQs *20)
[STDERR  ] 2019-03-22T07:52:29.808742473Z: [    1.500392] ACPI: PCI Interrupt Link [GSIF] (IRQs *21)
[STDERR  ] 2019-03-22T07:52:29.808754543Z: [    1.501394] ACPI: PCI Interrupt Link [GSIG] (IRQs *22)
[STDERR  ] 2019-03-22T07:52:29.808768222Z: [    1.502396] ACPI: PCI Interrupt Link [GSIH] (IRQs *23)
[STDERR  ] 2019-03-22T07:52:29.808783443Z: [    1.503860] SCSI subsystem initialized
[STDERR  ] 2019-03-22T07:52:29.808795657Z: [    1.504495] ACPI: bus type USB registered
[STDERR  ] 2019-03-22T07:52:29.808807829Z: [    1.505418] usbcore: registered new interface driver usbfs
[STDERR  ] 2019-03-22T07:52:29.808823872Z: [    1.506405] usbcore: registered new interface driver hub
[STDERR  ] 2019-03-22T07:52:29.808846367Z: [    1.507411] usbcore: registered new device driver usb
[STDERR  ] 2019-03-22T07:52:29.808858414Z: [    1.508401] pps_core: LinuxPPS API ver. 1 registered
[STDERR  ] 2019-03-22T07:52:29.808870645Z: [    1.509368] pps_core: Software ver. 5.3.6 - Copyright 2005-2007 Rodolfo Giometti <giometti@linux.it>
[STDERR  ] 2019-03-22T07:52:29.808883087Z: [    1.510388] PTP clock support registered
[STDERR  ] 2019-03-22T07:52:29.808895332Z: [    1.512466] PCI: Using ACPI for IRQ routing
[STDERR  ] 2019-03-22T07:52:29.808907888Z: [    1.979481] NetLabel: Initializing
[STDERR  ] 2019-03-22T07:52:29.808919919Z: [    1.980371] NetLabel:  domain hash size = 128
[STDERR  ] 2019-03-22T07:52:29.808932145Z: [    1.981369] NetLabel:  protocols = UNLABELED CIPSOv4 CALIPSO
[STDERR  ] 2019-03-22T07:52:29.808947302Z: [    1.982409] NetLabel:  unlabeled traffic allowed by default
[STDERR  ] 2019-03-22T07:52:29.808959624Z: [    1.983553] HPET: 3 timers in total, 0 timers will be used for per-cpu timer
[STDERR  ] 2019-03-22T07:52:29.808972805Z: [    1.984488] hpet0: at MMIO 0xfed00000, IRQs 2, 8, 0
[STDERR  ] 2019-03-22T07:52:29.808985188Z: [    1.985372] hpet0: 3 comparators, 64-bit 100.000000 MHz counter
[STDERR  ] 2019-03-22T07:52:29.809003191Z: [    1.989411] clocksource: Switched to clocksource kvm-clock
[STDERR  ] 2019-03-22T07:52:29.809015170Z: [    2.020009] VFS: Disk quotas dquot_6.6.0
[STDERR  ] 2019-03-22T07:52:29.809032505Z: [    2.023892] VFS: Dquot-cache hash table entries: 512 (order 0, 4096 bytes)
[STDERR  ] 2019-03-22T07:52:29.809045204Z: [    2.030478] FS-Cache: Loaded
[STDERR  ] 2019-03-22T07:52:29.809059079Z: [    2.033568] CacheFiles: Loaded
[STDERR  ] 2019-03-22T07:52:29.809070899Z: [    2.036536] pnp: PnP ACPI init
[STDERR  ] 2019-03-22T07:52:29.809099432Z: [    2.040700] pnp: PnP ACPI: found 5 devices
[STDERR  ] 2019-03-22T07:52:29.809116100Z: [    2.051151] clocksource: acpi_pm: mask: 0xffffff max_cycles: 0xffffff, max_idle_ns: 2085701024 ns
[STDERR  ] 2019-03-22T07:52:29.809133047Z: [    2.059555] NET: Registered protocol family 2
[STDERR  ] 2019-03-22T07:52:29.809145129Z: [    2.064828] tcp_listen_portaddr_hash hash table entries: 512 (order: 1, 8192 bytes)
[STDERR  ] 2019-03-22T07:52:29.809157780Z: [    2.072025] TCP established hash table entries: 8192 (order: 4, 65536 bytes)
[STDERR  ] 2019-03-22T07:52:29.809170620Z: [    2.078610] TCP bind hash table entries: 8192 (order: 5, 131072 bytes)
[STDERR  ] 2019-03-22T07:52:29.809186743Z: [    2.084671] TCP: Hash tables configured (established 8192 bind 8192)
[STDERR  ] 2019-03-22T07:52:29.809198848Z: [    2.090654] UDP hash table entries: 512 (order: 2, 16384 bytes)
[STDERR  ] 2019-03-22T07:52:29.809211156Z: [    2.096690] UDP-Lite hash table entries: 512 (order: 2, 16384 bytes)
[STDERR  ] 2019-03-22T07:52:29.809223336Z: [    2.102687] NET: Registered protocol family 1
[STDERR  ] 2019-03-22T07:52:29.809235930Z: [    2.106833] NET: Registered protocol family 44
[STDERR  ] 2019-03-22T07:52:29.809248476Z: [    2.111245] pci 0000:00:01.0: Video device with shadowed ROM at [mem 0x000c0000-0x000dffff]
[STDERR  ] 2019-03-22T07:52:29.809262083Z: [    2.119286] Trying to unpack rootfs image as initramfs...
[STDERR  ] 2019-03-22T07:52:29.809274123Z: [    3.017439] Freeing initrd memory: 42088K
[STDERR  ] 2019-03-22T07:52:29.809286491Z: [    3.021514] clocksource: tsc: mask: 0xffffffffffffffff max_cycles: 0x212685622b2, max_idle_ns: 440795265736 ns
[STDERR  ] 2019-03-22T07:52:29.809299108Z: [    3.031317] PCLMULQDQ-NI instructions are not detected.
[STDERR  ] 2019-03-22T07:52:29.809315089Z: [    3.036490] AVX or AES-NI instructions are not detected.
[STDERR  ] 2019-03-22T07:52:29.809326941Z: [    3.041585] CPU feature 'AVX registers' is not supported.
[STDERR  ] 2019-03-22T07:52:29.809342964Z: [    3.046641] CPU feature 'AVX registers' is not supported.
[STDERR  ] 2019-03-22T07:52:29.809355201Z: [    3.051699] CPU feature 'AVX registers' is not supported.
[STDERR  ] 2019-03-22T07:52:29.809367483Z: [    3.056833] CPU feature 'AVX registers' is not supported.
[STDERR  ] 2019-03-22T07:52:29.809385117Z: [    3.061912] AVX2 or AES-NI instructions are not detected.
[STDERR  ] 2019-03-22T07:52:29.809396836Z: [    3.066933] AVX2 instructions are not detected.
[STDERR  ] 2019-03-22T07:52:29.809415457Z: [    3.071817] workingset: timestamp_bits=46 max_order=18 bucket_order=0
[STDERR  ] 2019-03-22T07:52:29.809431055Z: [    3.078219] squashfs: version 4.0 (2009/01/31) Phillip Lougher
[STDERR  ] 2019-03-22T07:52:29.809443185Z: [    3.083775] FS-Cache: Netfs 'cifs' registered for caching
[STDERR  ] 2019-03-22T07:52:29.809455614Z: [    3.088870] fuse init (API version 7.27)
[STDERR  ] 2019-03-22T07:52:29.809470950Z: [    3.092675] SGI XFS with ACLs, security attributes, no debug enabled
[STDERR  ] 2019-03-22T07:52:29.809483396Z: [    3.098800] 9p: Installing v9fs 9p2000 file system support
[STDERR  ] 2019-03-22T07:52:29.809495711Z: [    3.103924] FS-Cache: Netfs '9p' registered for caching
[STDERR  ] 2019-03-22T07:52:29.809507846Z: [    3.108766] pstore: using deflate compression
[STDERR  ] 2019-03-22T07:52:29.809520141Z: [    3.114326] NET: Registered protocol family 38
[STDERR  ] 2019-03-22T07:52:29.809536610Z: [    3.118629] Key type asymmetric registered
[STDERR  ] 2019-03-22T07:52:29.809557501Z: [    3.122708] Asymmetric key parser 'x509' registered
[STDERR  ] 2019-03-22T07:52:29.809575742Z: [    3.127305] Block layer SCSI generic (bsg) driver version 0.4 loaded (major 247)
[STDERR  ] 2019-03-22T07:52:29.809588230Z: [    3.134208] io scheduler noop registered
[STDERR  ] 2019-03-22T07:52:29.809606634Z: [    3.137943] io scheduler deadline registered (default)
[STDERR  ] 2019-03-22T07:52:29.809618630Z: [    3.142780] io scheduler cfq registered
[STDERR  ] 2019-03-22T07:52:29.809631062Z: [    3.146396] io scheduler mq-deadline registered (default)
[STDERR  ] 2019-03-22T07:52:29.809643327Z: [    3.151485] io scheduler kyber registered
[STDERR  ] 2019-03-22T07:52:29.809658802Z: [    3.155508] shpchp: Standard Hot Plug PCI Controller Driver version: 0.4
[STDERR  ] 2019-03-22T07:52:29.809684487Z: [    3.161781] hv_vmbus: registering driver hyperv_fb
[STDERR  ] 2019-03-22T07:52:29.809700387Z: [    3.166367] input: Power Button as /devices/LNXSYSTM:00/LNXPWRBN:00/input/input0
[STDERR  ] 2019-03-22T07:52:29.809712622Z: [    3.173186] ACPI: Power Button [PWRF]
[STDERR  ] 2019-03-22T07:52:29.809724999Z: [    3.177799] PCI Interrupt Link [GSIG] enabled at IRQ 22
[STDERR  ] 2019-03-22T07:52:29.809737147Z: [    3.189233] PCI Interrupt Link [GSIH] enabled at IRQ 23
[STDERR  ] 2019-03-22T07:52:29.809749640Z: [    3.200520] Serial: 8250/16550 driver, 4 ports, IRQ sharing disabled
[STDERR  ] 2019-03-22T07:52:29.809766406Z: [    3.244987] 00:04: ttyS0 at I/O 0x3f8 (irq = 4, base_baud = 115200) is a 16550A
[STDERR  ] 2019-03-22T07:52:29.809783081Z: [    3.252904] Non-volatile memory driver v1.3
[STDERR  ] 2019-03-22T07:52:29.809795203Z: [    3.258750] Hangcheck: starting hangcheck timer 0.9.1 (tick is 180 seconds, margin is 60 seconds).
[STDERR  ] 2019-03-22T07:52:29.809811294Z: [    3.267299] random: fast init done
[STDERR  ] 2019-03-22T07:52:29.809823915Z: [    3.271717] random: crng init done
[STDERR  ] 2019-03-22T07:52:29.809836245Z: [    3.276225] brd: module loaded
[STDERR  ] 2019-03-22T07:52:29.809848677Z: [    3.282110] loop: module loaded
[STDERR  ] 2019-03-22T07:52:29.809861307Z: [    3.289885] lpc_ich 0000:00:1f.0: I/O space for GPIO uninitialized
[STDERR  ] 2019-03-22T07:52:29.809873798Z: [    3.295687] VMware PVSCSI driver - version 1.0.7.0-k
[STDERR  ] 2019-03-22T07:52:29.809887187Z: [    3.300309] hv_vmbus: registering driver hv_storvsc
[STDERR  ] 2019-03-22T07:52:29.809899042Z: [    3.305764] PCI Interrupt Link [GSIA] enabled at IRQ 16
[STDERR  ] 2019-03-22T07:52:29.809911055Z: [    3.314394] ahci 0000:00:1f.2: AHCI 0001.0000 32 slots 6 ports 1.5 Gbps 0x3f impl SATA mode
[STDERR  ] 2019-03-22T07:52:29.809923730Z: [    3.322122] ahci 0000:00:1f.2: flags: 64bit ncq only 
[STDERR  ] 2019-03-22T07:52:29.809936162Z: [    3.330735] scsi host0: ahci
[STDERR  ] 2019-03-22T07:52:29.809952462Z: [    3.333726] scsi host1: ahci
[STDERR  ] 2019-03-22T07:52:29.809970706Z: [    3.336701] scsi host2: ahci
[STDERR  ] 2019-03-22T07:52:29.809986014Z: [    3.339699] scsi host3: ahci
[STDERR  ] 2019-03-22T07:52:29.809999482Z: [    3.342661] scsi host4: ahci
[STDERR  ] 2019-03-22T07:52:29.810011337Z: [    3.345596] scsi host5: ahci
[STDERR  ] 2019-03-22T07:52:29.810023429Z: [    3.348563] ata1: SATA max UDMA/133 abar m4096@0xfebd2000 port 0xfebd2100 irq 24
[STDERR  ] 2019-03-22T07:52:29.810040183Z: [    3.355442] ata2: SATA max UDMA/133 abar m4096@0xfebd2000 port 0xfebd2180 irq 24
[STDERR  ] 2019-03-22T07:52:29.810058639Z: [    3.362317] ata3: SATA max UDMA/133 abar m4096@0xfebd2000 port 0xfebd2200 irq 24
[STDERR  ] 2019-03-22T07:52:29.810074750Z: [    3.369150] ata4: SATA max UDMA/133 abar m4096@0xfebd2000 port 0xfebd2280 irq 24
[STDERR  ] 2019-03-22T07:52:29.810087122Z: [    3.376035] ata5: SATA max UDMA/133 abar m4096@0xfebd2000 port 0xfebd2300 irq 24
[STDERR  ] 2019-03-22T07:52:29.810099495Z: [    3.382822] ata6: SATA max UDMA/133 abar m4096@0xfebd2000 port 0xfebd2380 irq 24
[STDERR  ] 2019-03-22T07:52:29.810112052Z: [    3.391960] tun: Universal TUN/TAP device driver, 1.6
[STDERR  ] 2019-03-22T07:52:29.810124245Z: [    3.401747] VMware vmxnet3 virtual NIC driver - version 1.4.16.0-k-NAPI
[STDERR  ] 2019-03-22T07:52:29.810136606Z: [    3.407898] hv_vmbus: registering driver hv_netvsc
[STDERR  ] 2019-03-22T07:52:29.810148525Z: [    3.412321] Fusion MPT base driver 3.04.20
[STDERR  ] 2019-03-22T07:52:29.810160936Z: [    3.416211] Copyright (c) 1999-2008 LSI Corporation
[STDERR  ] 2019-03-22T07:52:29.810173086Z: [    3.420866] Fusion MPT SPI Host driver 3.04.20
[STDERR  ] 2019-03-22T07:52:29.810189384Z: [    3.425219] i8042: PNP: PS/2 Controller [PNP0303:KBD,PNP0f13:MOU] at 0x60,0x64 irq 1,12
[STDERR  ] 2019-03-22T07:52:29.810201993Z: [    3.436767] serio: i8042 KBD port at 0x60,0x64 irq 1
[STDERR  ] 2019-03-22T07:52:29.810214371Z: [    3.441595] serio: i8042 AUX port at 0x60,0x64 irq 12
[STDERR  ] 2019-03-22T07:52:29.810232616Z: [    3.446566] hv_vmbus: registering driver hyperv_keyboard
[STDERR  ] 2019-03-22T07:52:29.810278753Z: [    3.452205] mousedev: PS/2 mouse device common for all mice
[STDERR  ] 2019-03-22T07:52:29.810292034Z: [    3.459956] input: AT Translated Set 2 keyboard as /devices/platform/i8042/serio0/input/input1
[STDERR  ] 2019-03-22T07:52:29.810304723Z: [    3.468310] input: PC Speaker as /devices/platform/pcspkr/input/input2
[STDERR  ] 2019-03-22T07:52:29.810323698Z: [    3.474858] rtc_cmos 00:00: RTC can wake from S4
[STDERR  ] 2019-03-22T07:52:29.810335705Z: [    3.482744] rtc_cmos 00:00: registered as rtc0
[STDERR  ] 2019-03-22T07:52:29.810348192Z: [    3.486962] rtc_cmos 00:00: alarms up to one day, y3k, 114 bytes nvram, hpet irqs
[STDERR  ] 2019-03-22T07:52:29.810360696Z: [    3.493847] i2c /dev entries driver
[STDERR  ] 2019-03-22T07:52:29.810373231Z: [    3.497645] device-mapper: ioctl: 4.39.0-ioctl (2018-04-03) initialised: dm-devel@redhat.com
[STDERR  ] 2019-03-22T07:52:29.810390396Z: [    3.506080] usbcore: registered new interface driver usbhid
[STDERR  ] 2019-03-22T07:52:29.810401794Z: [    3.511315] usbhid: USB HID core driver
[STDERR  ] 2019-03-22T07:52:29.810418349Z: [    3.515050] hv_utils: Registering HyperV Utility Driver
[STDERR  ] 2019-03-22T07:52:29.810429214Z: [    3.519946] hv_vmbus: registering driver hv_util
[STDERR  ] 2019-03-22T07:52:29.810458720Z: [    3.524260] hv_vmbus: registering driver hv_balloon
[STDERR  ] 2019-03-22T07:52:29.810470605Z: [    3.528817] oprofile: using NMI interrupt.
[STDERR  ] 2019-03-22T07:52:29.810483063Z: [    3.532729] GACT probability on
[STDERR  ] 2019-03-22T07:52:29.810495444Z: [    3.535716] Mirror/redirect action on
[STDERR  ] 2019-03-22T07:52:29.810506836Z: [    3.539192] Simple TC action Loaded
[STDERR  ] 2019-03-22T07:52:29.810519056Z: [    3.542553] u32 classifier
[STDERR  ] 2019-03-22T07:52:29.810531419Z: [    3.545146]     Performance counters on
[STDERR  ] 2019-03-22T07:52:29.810543660Z: [    3.548731]     input device check on
[STDERR  ] 2019-03-22T07:52:29.810569834Z: [    3.552172]     Actions configured
[STDERR  ] 2019-03-22T07:52:29.810582102Z: [    3.555774] xt_time: kernel timezone is -0000
[STDERR  ] 2019-03-22T07:52:29.810594469Z: [    3.559910] IPVS: Registered protocols (TCP, UDP, SCTP, AH, ESP)
[STDERR  ] 2019-03-22T07:52:29.810607070Z: [    3.565567] IPVS: Connection hash table configured (size=4096, memory=64Kbytes)
[STDERR  ] 2019-03-22T07:52:29.810627332Z: [    3.572535] IPVS: ipvs loaded.
[STDERR  ] 2019-03-22T07:52:29.810639892Z: [    3.575515] IPVS: [rr] scheduler registered.
[STDERR  ] 2019-03-22T07:52:29.810652358Z: [    3.579512] IPVS: [wrr] scheduler registered.
[STDERR  ] 2019-03-22T07:52:29.810668049Z: [    3.583594] IPVS: [lc] scheduler registered.
[STDERR  ] 2019-03-22T07:52:29.810680198Z: [    3.587584] IPVS: [wlc] scheduler registered.
[STDERR  ] 2019-03-22T07:52:29.810692691Z: [    3.591669] IPVS: [fo] scheduler registered.
[STDERR  ] 2019-03-22T07:52:29.810705322Z: [    3.595943] IPVS: [ovf] scheduler registered.
[STDERR  ] 2019-03-22T07:52:29.810717847Z: [    3.600019] IPVS: [lblc] scheduler registered.
[STDERR  ] 2019-03-22T07:52:29.810730542Z: [    3.604583] IPVS: [lblcr] scheduler registered.
[STDERR  ] 2019-03-22T07:52:29.810743134Z: [    3.608839] IPVS: [dh] scheduler registered.
[STDERR  ] 2019-03-22T07:52:29.810755399Z: [    3.613148] IPVS: [sh] scheduler registered.
[STDERR  ] 2019-03-22T07:52:29.810767065Z: [    3.617152] IPVS: [mh] scheduler registered.
[STDERR  ] 2019-03-22T07:52:29.810784524Z: [    3.621497] IPVS: [sed] scheduler registered.
[STDERR  ] 2019-03-22T07:52:29.810797446Z: [    3.625650] IPVS: [nq] scheduler registered.
[STDERR  ] 2019-03-22T07:52:29.810809473Z: [    3.629963] IPVS: ftp: loaded support on port[0] = 21
[STDERR  ] 2019-03-22T07:52:29.810821807Z: [    3.635220] ipip: IPv4 and MPLS over IPv4 tunneling driver
[STDERR  ] 2019-03-22T07:52:29.810834053Z: [    3.640861] gre: GRE over IPv4 demultiplexor driver
[STDERR  ] 2019-03-22T07:52:29.810845911Z: [    3.645932] ipt_CLUSTERIP: ClusterIP Version 0.8 loaded successfully
[STDERR  ] 2019-03-22T07:52:29.810866582Z: [    3.652139] NET: Registered protocol family 10
[STDERR  ] 2019-03-22T07:52:29.810879325Z: [    3.656806] Segment Routing with IPv6
[STDERR  ] 2019-03-22T07:52:29.810891800Z: [    3.660919] NET: Registered protocol family 17
[STDERR  ] 2019-03-22T07:52:29.810907227Z: [    3.665192] Bridge firewalling registered
[STDERR  ] 2019-03-22T07:52:29.810919652Z: [    3.669274] 8021q: 802.1Q VLAN Support v1.8
[STDERR  ] 2019-03-22T07:52:29.810931596Z: [    3.673269] 9pnet: Installing 9P2000 support
[STDERR  ] 2019-03-22T07:52:29.810943452Z: [    3.677588] Key type dns_resolver registered
[STDERR  ] 2019-03-22T07:52:29.810955605Z: [    3.681864] registered taskstats version 1
[STDERR  ] 2019-03-22T07:52:29.810967743Z: [    3.694764] Key type big_key registered
[STDERR  ] 2019-03-22T07:52:29.810988280Z: [    3.699173] ata4: SATA link down (SStatus 0 SControl 300)
[STDERR  ] 2019-03-22T07:52:29.811000732Z: [    3.705325] ata3: SATA link up 1.5 Gbps (SStatus 113 SControl 300)
[STDERR  ] 2019-03-22T07:52:29.811016025Z: [    3.712070] ata2: SATA link down (SStatus 0 SControl 300)
[STDERR  ] 2019-03-22T07:52:29.811028295Z: [    3.718122] ata1: SATA link up 1.5 Gbps (SStatus 113 SControl 300)
[STDERR  ] 2019-03-22T07:52:29.811041182Z: [    3.724849] ata6: SATA link down (SStatus 0 SControl 300)
[STDERR  ] 2019-03-22T07:52:29.811054269Z: [    3.730719] ata5: SATA link down (SStatus 0 SControl 300)
[STDERR  ] 2019-03-22T07:52:29.811070642Z: [    3.738047] ata1.00: ATA-7: QEMU HARDDISK, 2.5+, max UDMA/100
[STDERR  ] 2019-03-22T07:52:29.811082792Z: [    3.743436] ata1.00: 1048576 sectors, multi 16: LBA48 NCQ (depth 32)
[STDERR  ] 2019-03-22T07:52:29.811095330Z: [    3.749324] ata1.00: applying bridge limits
[STDERR  ] 2019-03-22T07:52:29.811110333Z: [    3.753665] ata3.00: ATAPI: QEMU DVD-ROM, 2.5+, max UDMA/100
[STDERR  ] 2019-03-22T07:52:29.811122844Z: [    3.758921] ata3.00: applying bridge limits
[STDERR  ] 2019-03-22T07:52:29.811135222Z: [    3.766126] ata3.00: configured for UDMA/100
[STDERR  ] 2019-03-22T07:52:29.811151821Z: [    3.770650] Key type trusted registered
[STDERR  ] 2019-03-22T07:52:29.811164766Z: [    3.777261] ata1.00: configured for UDMA/100
[STDERR  ] 2019-03-22T07:52:29.811177399Z: [    3.781535] scsi 0:0:0:0: Direct-Access     ATA      QEMU HARDDISK    2.5+ PQ: 0 ANSI: 5
[STDERR  ] 2019-03-22T07:52:29.811193581Z: [    3.791786] sd 0:0:0:0: [sda] 1048576 512-byte logical blocks: (537 MB/512 MiB)
[STDERR  ] 2019-03-22T07:52:29.811205740Z: [    3.798706] sd 0:0:0:0: Attached scsi generic sg0 type 0
[STDERR  ] 2019-03-22T07:52:29.811218015Z: [    3.803804] Key type encrypted registered
[STDERR  ] 2019-03-22T07:52:29.811230554Z: [    3.807776] sd 0:0:0:0: [sda] Write Protect is off
[STDERR  ] 2019-03-22T07:52:29.811243189Z: [    3.812335] ima: No TPM chip found, activating TPM-bypass!
[STDERR  ] 2019-03-22T07:52:29.811255868Z: [    3.818159] scsi 2:0:0:0: CD-ROM            QEMU     QEMU DVD-ROM     2.5+ PQ: 0 ANSI: 5
[STDERR  ] 2019-03-22T07:52:29.811268409Z: [    3.825832] sd 0:0:0:0: [sda] Write cache: enabled, read cache: enabled, doesn't support DPO or FUA
[STDERR  ] 2019-03-22T07:52:29.811281332Z: [    3.834211] ima: Allocated hash algorithm: sha256
[STDERR  ] 2019-03-22T07:52:29.811295848Z: [    3.840283] evm: Initialising EVM extended attributes:
[STDERR  ] 2019-03-22T07:52:29.811308088Z: [    3.845140] evm: security.ima
[STDERR  ] 2019-03-22T07:52:29.811320616Z: [    3.847997] evm: security.capability
[STDERR  ] 2019-03-22T07:52:29.811332816Z: [    3.851372] evm: HMAC attrs: 0x1
[STDERR  ] 2019-03-22T07:52:29.811345200Z: [    3.855554] sd 0:0:0:0: [sda] Attached SCSI disk
[STDERR  ] 2019-03-22T07:52:29.811357833Z: [    3.860773] rtc_cmos 00:00: setting system clock to 2019-03-22 07:52:16 UTC (1553241136)
[STDERR  ] 2019-03-22T07:52:29.811370571Z: [    3.869084] sr 2:0:0:0: [sr0] scsi3-mmc drive: 4x/4x cd/rw xa/form2 tray
[STDERR  ] 2019-03-22T07:52:29.811382324Z: [    3.875280] cdrom: Uniform CD-ROM driver Revision: 3.20
[STDERR  ] 2019-03-22T07:52:29.811398986Z: [    3.880269] Unstable clock detected, switching default tracing clock to "global"
[STDERR  ] 2019-03-22T07:52:29.811418328Z: [    3.880269] If you want to keep using the local clock, then add:
[STDERR  ] 2019-03-22T07:52:29.811435662Z: [    3.880269]   "trace_clock=local"
[STDERR  ] 2019-03-22T07:52:29.811448071Z: [    3.880269] on the kernel command line
[STDERR  ] 2019-03-22T07:52:29.811460661Z: [    3.899327] sr 2:0:0:0: Attached scsi generic sg1 type 5
[STDERR  ] 2019-03-22T07:52:29.811472510Z: [    3.908887] Freeing unused kernel image memory: 1584K
[STDERR  ] 2019-03-22T07:52:29.811485106Z: [    3.915510] Write protecting the kernel read-only data: 18432k
[STDERR  ] 2019-03-22T07:52:29.811497729Z: [    3.922131] Freeing unused kernel image memory: 2028K
[STDERR  ] 2019-03-22T07:52:29.811513908Z: [    3.927204] Freeing unused kernel image memory: 1040K
[STDERR  ] 2019-03-22T07:52:29.811526391Z: [    3.931996] Run /init as init process
[STDERR  ] 2019-03-22T07:52:29.811538634Z: 
[STDERR  ] 2019-03-22T07:52:29.811560637Z: Welcome to LinuxKit
[STDERR  ] 2019-03-22T07:52:29.811573652Z: 
[STDERR  ] 2019-03-22T07:52:29.811586452Z:                         ##         .
[STDERR  ] 2019-03-22T07:52:29.811599268Z:                   ## ## ##        ==
[STDERR  ] 2019-03-22T07:52:29.811616448Z:                ## ## ## ## ##    ===
[STDERR  ] 2019-03-22T07:52:29.811628650Z:            /"""""""""""""""""\___/ ===
[STDERR  ] 2019-03-22T07:52:29.811640921Z:           {                       /  ===-
[STDERR  ] 2019-03-22T07:52:29.811652933Z:            \______ O           __/
[STDERR  ] 2019-03-22T07:52:29.811664872Z:              \    \         __/
[STDERR  ] 2019-03-22T07:52:29.811677632Z:               \____\_______/
[STDERR  ] 2019-03-22T07:52:29.811690290Z: 
[STDERR  ] 2019-03-22T07:52:29.811702756Z: [    4.765496] IPVS: ftp: loaded support on port[0] = 21
[STDERR  ] 2019-03-22T07:52:29.811715463Z: [    4.932171]  sda:
[STDERR  ] 2019-03-22T07:52:29.811728104Z: [    4.947668]  sda:
[STDERR  ] 2019-03-22T07:52:29.811745398Z: [    5.221573]  sda: sda1
[STDERR  ] 2019-03-22T07:52:29.811761116Z: [    5.228768]  sda: sda1
[STDERR  ] 2019-03-22T07:52:29.811774007Z: 2019/03/22 07:52:17 Creating partition on /dev/sda
[STDERR  ] 2019-03-22T07:52:29.811786690Z: 2019/03/22 07:52:18 Partition /dev/sda1 successfully created!
[STDERR  ] 2019-03-22T07:52:29.811799567Z: [    6.397147] IPVS: ftp: loaded support on port[0] = 21
[STDERR  ] 2019-03-22T07:52:29.811811718Z: [    6.482920] FAT-fs (sda1): utf8 is not a recommended IO charset for FAT filesystems, filesystem will be case sensitive!
[STDERR  ] 2019-03-22T07:52:29.811831929Z: [    6.493610] FAT-fs (sda1): utf8 is not a recommended IO charset for FAT filesystems, filesystem will be case sensitive!
[STDERR  ] 2019-03-22T07:52:29.811844151Z: [    6.542606] XFS (sda1): Mounting V5 Filesystem
[STDERR  ] 2019-03-22T07:52:29.811856728Z: [    6.560823] XFS (sda1): Ending clean mount
[STDERR  ] 2019-03-22T07:52:29.811869386Z: format_mount test suite PASSED
[STDERR  ] 2019-03-22T07:52:29.811882447Z: [   16.912483] sd 0:0:0:0: [sda] Synchronizing SCSI cache
[STDERR  ] 2019-03-22T07:52:29.811894754Z: [   16.917663] sd 0:0:0:0: [sda] Stopping disk
[STDERR  ] 2019-03-22T07:52:29.811907121Z: [   16.922805] ACPI: Preparing to enter system sleep state S5
[STDERR  ] 2019-03-22T07:52:29.811919374Z: [   16.928311] reboot: Power down
[STDERR  ] 2019-03-22T07:52:29.811932178Z: + echo [    0.000000] Linux version 4.19.27-linuxkit (root@82332b297024) (gcc version 8.2.0 (Alpine 8.2.0)) #1 SMP Sun Mar 10 18:51:44 UTC 2019
[STDERR  ] 2019-03-22T07:52:29.811946732Z: [    0.000000] Command line: console=ttyS0 console=ttyAMA0
[STDERR  ] 2019-03-22T07:52:29.811959337Z: [    0.000000] x86/fpu: x87 FPU will use FXSAVE
[STDERR  ] 2019-03-22T07:52:29.811972326Z: [    0.000000] BIOS-provided physical RAM map:
[STDERR  ] 2019-03-22T07:52:29.811988257Z: [    0.000000] BIOS-e820: [mem 0x0000000000000000-0x000000000009fbff] usable
[STDERR  ] 2019-03-22T07:52:29.812005022Z: [    0.000000] BIOS-e820: [mem 0x000000000009fc00-0x000000000009ffff] reserved
[STDERR  ] 2019-03-22T07:52:29.812017550Z: [    0.000000] BIOS-e820: [mem 0x00000000000f0000-0x00000000000fffff] reserved
[STDERR  ] 2019-03-22T07:52:29.812030403Z: [    0.000000] BIOS-e820: [mem 0x0000000000100000-0x000000003ffdefff] usable
[STDERR  ] 2019-03-22T07:52:29.812043101Z: [    0.000000] BIOS-e820: [mem 0x000000003ffdf000-0x000000003fffffff] reserved
[STDERR  ] 2019-03-22T07:52:29.812058813Z: [    0.000000] BIOS-e820: [mem 0x00000000b0000000-0x00000000bfffffff] reserved
[STDERR  ] 2019-03-22T07:52:29.812071112Z: [    0.000000] BIOS-e820: [mem 0x00000000fed1c000-0x00000000fed1ffff] reserved
[STDERR  ] 2019-03-22T07:52:29.812083141Z: [    0.000000] BIOS-e820: [mem 0x00000000feffc000-0x00000000feffffff] reserved
[STDERR  ] 2019-03-22T07:52:29.812095100Z: [    0.000000] BIOS-e820: [mem 0x00000000fffc0000-0x00000000ffffffff] reserved
[STDERR  ] 2019-03-22T07:52:29.812110625Z: [    0.000000] NX (Execute Disable) protection: active
[STDERR  ] 2019-03-22T07:52:29.812123260Z: [    0.000000] SMBIOS 2.8 present.
[STDERR  ] 2019-03-22T07:52:29.812135934Z: [    0.000000] DMI: QEMU Standard PC (Q35 + ICH9, 2009), BIOS 1.10.2-1 04/01/2014
[STDERR  ] 2019-03-22T07:52:29.812148449Z: [    0.000000] Hypervisor detected: KVM
[STDERR  ] 2019-03-22T07:52:29.812160435Z: [    0.000000] kvm-clock: Using msrs 4b564d01 and 4b564d00
[STDERR  ] 2019-03-22T07:52:29.812172889Z: [    0.585378] kvm-clock: cpu 0, msr 2481a001, primary cpu clock
[STDERR  ] 2019-03-22T07:52:29.812185794Z: [    0.585378] clocksource: kvm-clock: mask: 0xffffffffffffffff max_cycles: 0x1cd42e4dffb, max_idle_ns: 881590591483 ns
[STDERR  ] 2019-03-22T07:52:29.812198714Z: [    0.585389] tsc: Detected 2299.814 MHz processor
[STDERR  ] 2019-03-22T07:52:29.812214390Z: [    0.588666] last_pfn = 0x3ffdf max_arch_pfn = 0x400000000
[STDERR  ] 2019-03-22T07:52:29.812226733Z: [    0.589282] x86/PAT: PAT not supported by CPU.
[STDERR  ] 2019-03-22T07:52:29.812238982Z: [    0.589336] x86/PAT: Configuration [0-7]: WB  WT  UC- UC  WB  WT  UC- UC  
[STDERR  ] 2019-03-22T07:52:29.812255084Z: [    0.601025] found SMP MP-table at [mem 0x000f6a90-0x000f6a9f] mapped at [(____ptrval____)]
[STDERR  ] 2019-03-22T07:52:29.812267359Z: [    0.601991] RAMDISK: [mem 0x3d6b6000-0x3ffcffff]
[STDERR  ] 2019-03-22T07:52:29.812279942Z: [    0.602211] ACPI: Early table checksum verification disabled
[STDERR  ] 2019-03-22T07:52:29.812295800Z: [    0.602354] ACPI: RSDP 0x00000000000F68D0 000014 (v00 BOCHS )
[STDERR  ] 2019-03-22T07:52:29.812308503Z: [    0.602365] ACPI: RSDT 0x000000003FFE2404 000034 (v01 BOCHS  BXPCRSDT 00000001 BXPC 00000001)
[STDERR  ] 2019-03-22T07:52:29.812320905Z: [    0.602387] ACPI: FACP 0x000000003FFE22A4 000074 (v01 BOCHS  BXPCFACP 00000001 BXPC 00000001)
[STDERR  ] 2019-03-22T07:52:29.812332883Z: [    0.602394] ACPI: DSDT 0x000000003FFE0040 002264 (v01 BOCHS  BXPCDSDT 00000001 BXPC 00000001)
[STDERR  ] 2019-03-22T07:52:29.812348245Z: [    0.602399] ACPI: FACS 0x000000003FFE0000 000040
[STDERR  ] 2019-03-22T07:52:29.812360634Z: [    0.602403] ACPI: APIC 0x000000003FFE2318 000078 (v01 BOCHS  BXPCAPIC 00000001 BXPC 00000001)
[STDERR  ] 2019-03-22T07:52:29.812373035Z: [    0.602407] ACPI: HPET 0x000000003FFE2390 000038 (v01 BOCHS  BXPCHPET 00000001 BXPC 00000001)
[STDERR  ] 2019-03-22T07:52:29.812385792Z: [    0.602411] ACPI: MCFG 0x000000003FFE23C8 00003C (v01 BOCHS  BXPCMCFG 00000001 BXPC 00000001)
[STDERR  ] 2019-03-22T07:52:29.812401216Z: [    0.603272] Zone ranges:
[STDERR  ] 2019-03-22T07:52:29.812420962Z: [    0.603274]   DMA      [mem 0x0000000000001000-0x0000000000ffffff]
[STDERR  ] 2019-03-22T07:52:29.812433226Z: [    0.603276]   DMA32    [mem 0x0000000001000000-0x000000003ffdefff]
[STDERR  ] 2019-03-22T07:52:29.812445714Z: [    0.603278]   Normal   empty
[STDERR  ] 2019-03-22T07:52:29.812458270Z: [    0.603279]   Device   empty
[STDERR  ] 2019-03-22T07:52:29.812470608Z: [    0.603280] Movable zone start for each node
[STDERR  ] 2019-03-22T07:52:29.812483422Z: [    0.603281] Early memory node ranges
[STDERR  ] 2019-03-22T07:52:29.812500242Z: [    0.603282]   node   0: [mem 0x0000000000001000-0x000000000009efff]
[STDERR  ] 2019-03-22T07:52:29.812512279Z: [    0.603284]   node   0: [mem 0x0000000000100000-0x000000003ffdefff]
[STDERR  ] 2019-03-22T07:52:29.812527188Z: [    0.603866] Reserved but unavailable: 98 pages
[STDERR  ] 2019-03-22T07:52:29.812539749Z: [    0.603868] Initmem setup node 0 [mem 0x0000000000001000-0x000000003ffdefff]
[STDERR  ] 2019-03-22T07:52:29.812562653Z: [    0.616110] ACPI: PM-Timer IO Port: 0x608
[STDERR  ] 2019-03-22T07:52:29.812575123Z: [    0.616161] ACPI: LAPIC_NMI (acpi_id[0xff] dfl dfl lint[0x1])
[STDERR  ] 2019-03-22T07:52:29.812587474Z: [    0.616409] IOAPIC[0]: apic_id 0, version 17, address 0xfec00000, GSI 0-23
[STDERR  ] 2019-03-22T07:52:29.812599937Z: [    0.616413] ACPI: INT_SRC_OVR (bus 0 bus_irq 0 global_irq 2 dfl dfl)
[STDERR  ] 2019-03-22T07:52:29.812615901Z: [    0.616415] ACPI: INT_SRC_OVR (bus 0 bus_irq 5 global_irq 5 high level)
[STDERR  ] 2019-03-22T07:52:29.812631464Z: [    0.616416] ACPI: INT_SRC_OVR (bus 0 bus_irq 9 global_irq 9 high level)
[STDERR  ] 2019-03-22T07:52:29.812644144Z: [    0.616425] ACPI: INT_SRC_OVR (bus 0 bus_irq 10 global_irq 10 high level)
[STDERR  ] 2019-03-22T07:52:29.812656552Z: [    0.616426] ACPI: INT_SRC_OVR (bus 0 bus_irq 11 global_irq 11 high level)
[STDERR  ] 2019-03-22T07:52:29.812668785Z: [    0.616434] Using ACPI (MADT) for SMP configuration information
[STDERR  ] 2019-03-22T07:52:29.812681041Z: [    0.616436] ACPI: HPET id: 0x8086a201 base: 0xfed00000
[STDERR  ] 2019-03-22T07:52:29.812693383Z: [    0.616470] smpboot: Allowing 1 CPUs, 0 hotplug CPUs
[STDERR  ] 2019-03-22T07:52:29.812705498Z: [    0.616630] [mem 0x40000000-0xafffffff] available for PCI devices
[STDERR  ] 2019-03-22T07:52:29.812717835Z: [    0.616631] Booting paravirtualized kernel on KVM
[STDERR  ] 2019-03-22T07:52:29.812730295Z: [    0.616634] clocksource: refined-jiffies: mask: 0xffffffff max_cycles: 0xffffffff, max_idle_ns: 1910969940391419 ns
[STDERR  ] 2019-03-22T07:52:29.812748097Z: [    0.724626] random: get_random_bytes called from start_kernel+0x91/0x517 with crng_init=0
[STDERR  ] 2019-03-22T07:52:29.812761077Z: [    0.724648] setup_percpu: NR_CPUS:128 nr_cpumask_bits:128 nr_cpu_ids:1 nr_node_ids:1
[STDERR  ] 2019-03-22T07:52:29.812773402Z: [    0.725490] percpu: Embedded 45 pages/cpu @(____ptrval____) s145112 r8192 d31016 u2097152
[STDERR  ] 2019-03-22T07:52:29.812785613Z: [    0.725652] KVM setup async PF for cpu 0
[STDERR  ] 2019-03-22T07:52:29.812798485Z: [    0.725703] kvm-stealtime: cpu 0, msr 3c215e80
[STDERR  ] 2019-03-22T07:52:29.812810964Z: [    0.725733] Built 1 zonelists, mobility grouping on.  Total pages: 257896
[STDERR  ] 2019-03-22T07:52:29.812823606Z: [    0.725736] Kernel command line: console=ttyS0 console=ttyAMA0
[STDERR  ] 2019-03-22T07:52:29.812836041Z: [    0.725886] Dentry cache hash table entries: 131072 (order: 8, 1048576 bytes)
[STDERR  ] 2019-03-22T07:52:29.812849116Z: [    0.725975] Inode-cache hash table entries: 65536 (order: 7, 524288 bytes)
[STDERR  ] 2019-03-22T07:52:29.812861342Z: [    0.729919] Memory: 959716K/1048052K available (12300K kernel code, 1573K rwdata, 3056K rodata, 1584K init, 2036K bss, 88336K reserved, 0K cma-reserved)
[STDERR  ] 2019-03-22T07:52:29.812877525Z: [    0.730768] Kernel/User page tables isolation: enabled
[STDERR  ] 2019-03-22T07:52:29.812890084Z: [    0.730871] ftrace: allocating 43039 entries in 169 pages
[STDERR  ] 2019-03-22T07:52:29.812903239Z: [    0.754106] rcu: Hierarchical RCU implementation.
[STDERR  ] 2019-03-22T07:52:29.812915562Z: [    0.754109] rcu: 	RCU restricting CPUs from NR_CPUS=128 to nr_cpu_ids=1.
[STDERR  ] 2019-03-22T07:52:29.812931546Z: [    0.754111] rcu: Adjusting geometry for rcu_fanout_leaf=16, nr_cpu_ids=1
[STDERR  ] 2019-03-22T07:52:29.812943873Z: [    0.757868] NR_IRQS: 8448, nr_irqs: 256, preallocated irqs: 16
[STDERR  ] 2019-03-22T07:52:29.812956457Z: [    0.784837] Console: colour VGA+ 80x25
[STDERR  ] 2019-03-22T07:52:29.812968694Z: [    1.233978] console [ttyS0] enabled
[STDERR  ] 2019-03-22T07:52:29.812987658Z: [    1.237285] ACPI: Core revision 20180810
[STDERR  ] 2019-03-22T07:52:29.813000367Z: [    1.241883] clocksource: hpet: mask: 0xffffffff max_cycles: 0xffffffff, max_idle_ns: 19112604467 ns
[STDERR  ] 2019-03-22T07:52:29.813013638Z: [    1.250922] APIC: Switch to symmetric I/O mode setup
[STDERR  ] 2019-03-22T07:52:29.813026403Z: [    1.258125] x2apic enabled
[STDERR  ] 2019-03-22T07:52:29.813039177Z: [    1.263089] Switched APIC routing to physical x2apic.
[STDERR  ] 2019-03-22T07:52:29.813055318Z: [    1.278044] ..TIMER: vector=0x30 apic1=0 pin1=2 apic2=-1 pin2=-1
[STDERR  ] 2019-03-22T07:52:29.813067966Z: [    1.283732] clocksource: tsc-early: mask: 0xffffffffffffffff max_cycles: 0x212685622b2, max_idle_ns: 440795265736 ns
[STDERR  ] 2019-03-22T07:52:29.813081151Z: [    1.293397] Calibrating delay loop (skipped) preset value.. 4599.62 BogoMIPS (lpj=2299814)
[STDERR  ] 2019-03-22T07:52:29.813097006Z: [    1.294374] pid_max: default: 32768 minimum: 301
[STDERR  ] 2019-03-22T07:52:29.813109326Z: [    1.295491] Security Framework initialized
[STDERR  ] 2019-03-22T07:52:29.813123744Z: [    1.296374] Yama: becoming mindful.
[STDERR  ] 2019-03-22T07:52:29.813136184Z: [    1.298433] Mount-cache hash table entries: 2048 (order: 2, 16384 bytes)
[STDERR  ] 2019-03-22T07:52:29.813148444Z: [    1.299377] Mountpoint-cache hash table entries: 2048 (order: 2, 16384 bytes)
[STDERR  ] 2019-03-22T07:52:29.813160664Z: [    1.303410] Last level iTLB entries: 4KB 0, 2MB 0, 4MB 0
[STDERR  ] 2019-03-22T07:52:29.813173305Z: [    1.304372] Last level dTLB entries: 4KB 0, 2MB 0, 4MB 0, 1GB 0
[STDERR  ] 2019-03-22T07:52:29.813186086Z: [    1.305372] Spectre V2 : Mitigation: Full generic retpoline
[STDERR  ] 2019-03-22T07:52:29.813198795Z: [    1.306371] Spectre V2 : Spectre v2 / SpectreRSB mitigation: Filling RSB on context switch
[STDERR  ] 2019-03-22T07:52:29.813211675Z: [    1.307373] Speculative Store Bypass: Vulnerable
[STDERR  ] 2019-03-22T07:52:29.813224315Z: [    1.319436] Freeing SMP alternatives memory: 20K
[STDERR  ] 2019-03-22T07:52:29.813241556Z: [    1.322363] smpboot: CPU0: Intel QEMU Virtual CPU version 2.5+ (family: 0x6, model: 0x6, stepping: 0x3)
[STDERR  ] 2019-03-22T07:52:29.813254333Z: [    1.322557] Performance Events: PMU not available due to virtualization, using software events only.
[STDERR  ] 2019-03-22T07:52:29.813266740Z: [    1.326602] rcu: Hierarchical SRCU implementation.
[STDERR  ] 2019-03-22T07:52:29.813279351Z: [    1.327527] NMI watchdog: Perf NMI watchdog permanently disabled
[STDERR  ] 2019-03-22T07:52:29.813291465Z: [    1.329455] smp: Bringing up secondary CPUs ...
[STDERR  ] 2019-03-22T07:52:29.813304145Z: [    1.330373] smp: Brought up 1 node, 1 CPU
[STDERR  ] 2019-03-22T07:52:29.813316906Z: [    1.331371] smpboot: Max logical packages: 1
[STDERR  ] 2019-03-22T07:52:29.813329552Z: [    1.332373] smpboot: Total of 1 processors activated (4599.62 BogoMIPS)
[STDERR  ] 2019-03-22T07:52:29.813341827Z: [    1.334651] devtmpfs: initialized
[STDERR  ] 2019-03-22T07:52:29.813354874Z: [    1.335456] x86/mm: Memory block size: 128MB
[STDERR  ] 2019-03-22T07:52:29.813367245Z: [    1.336841] clocksource: jiffies: mask: 0xffffffff max_cycles: 0xffffffff, max_idle_ns: 1911260446275000 ns
[STDERR  ] 2019-03-22T07:52:29.813380217Z: [    1.337382] futex hash table entries: 256 (order: 2, 16384 bytes)
[STDERR  ] 2019-03-22T07:52:29.813396385Z: [    1.338802] NET: Registered protocol family 16
[STDERR  ] 2019-03-22T07:52:29.813415459Z: [    1.340535] audit: initializing netlink subsys (disabled)
[STDERR  ] 2019-03-22T07:52:29.813428301Z: [    1.341458] audit: type=2000 audit(1553241133.153:1): state=initialized audit_enabled=0 res=1
[STDERR  ] 2019-03-22T07:52:29.813441212Z: [    1.342497] cpuidle: using governor ladder
[STDERR  ] 2019-03-22T07:52:29.813454224Z: [    1.343374] cpuidle: using governor menu
[STDERR  ] 2019-03-22T07:52:29.813470019Z: [    1.344520] ACPI: bus type PCI registered
[STDERR  ] 2019-03-22T07:52:29.813482460Z: [    1.345874] PCI: MMCONFIG for domain 0000 [bus 00-ff] at [mem 0xb0000000-0xbfffffff] (base 0xb0000000)
[STDERR  ] 2019-03-22T07:52:29.813500344Z: [    1.346378] PCI: MMCONFIG at [mem 0xb0000000-0xbfffffff] reserved in E820
[STDERR  ] 2019-03-22T07:52:29.813512632Z: [    1.347397] PCI: Using configuration type 1 for base access
[STDERR  ] 2019-03-22T07:52:29.813525310Z: [    1.350595] HugeTLB registered 2.00 MiB page size, pre-allocated 0 pages
[STDERR  ] 2019-03-22T07:52:29.813538111Z: [    1.351552] cryptd: max_cpu_qlen set to 1000
[STDERR  ] 2019-03-22T07:52:29.813560677Z: [    1.352565] ACPI: Added _OSI(Module Device)
[STDERR  ] 2019-03-22T07:52:29.813573292Z: [    1.353414] ACPI: Added _OSI(Processor Device)
[STDERR  ] 2019-03-22T07:52:29.813585943Z: [    1.354371] ACPI: Added _OSI(3.0 _SCP Extensions)
[STDERR  ] 2019-03-22T07:52:29.813601535Z: [    1.355370] ACPI: Added _OSI(Processor Aggregator Device)
[STDERR  ] 2019-03-22T07:52:29.813614134Z: [    1.356390] ACPI: Added _OSI(Linux-Dell-Video)
[STDERR  ] 2019-03-22T07:52:29.813626030Z: [    1.357372] ACPI: Added _OSI(Linux-Lenovo-NV-HDMI-Audio)
[STDERR  ] 2019-03-22T07:52:29.813637879Z: [    1.359719] ACPI: 1 ACPI AML tables successfully acquired and loaded
[STDERR  ] 2019-03-22T07:52:29.813650480Z: [    1.363595] ACPI: Interpreter enabled
[STDERR  ] 2019-03-22T07:52:29.813662688Z: [    1.364382] ACPI: (supports S0 S5)
[STDERR  ] 2019-03-22T07:52:29.813675326Z: [    1.365370] ACPI: Using IOAPIC for interrupt routing
[STDERR  ] 2019-03-22T07:52:29.813691190Z: [    1.366434] PCI: Using host bridge windows from ACPI; if necessary, use "pci=nocrs" and report a bug
[STDERR  ] 2019-03-22T07:52:29.813703911Z: [    1.367591] ACPI: Enabled 2 GPEs in block 00 to 3F
[STDERR  ] 2019-03-22T07:52:29.813716159Z: [    1.373182] ACPI: PCI Root Bridge [PCI0] (domain 0000 [bus 00-ff])
[STDERR  ] 2019-03-22T07:52:29.813728363Z: [    1.373384] acpi PNP0A08:00: _OSC: OS supports [ExtendedConfig ASPM ClockPM Segments MSI]
[STDERR  ] 2019-03-22T07:52:29.813740936Z: [    1.374483] acpi PNP0A08:00: _OSC: platform does not support [SHPCHotplug LTR]
[STDERR  ] 2019-03-22T07:52:29.813758212Z: [    1.375471] acpi PNP0A08:00: _OSC: OS now controls [PCIeHotplug PME PCIeCapability]
[STDERR  ] 2019-03-22T07:52:29.813771333Z: [    1.377454] PCI host bridge to bus 0000:00
[STDERR  ] 2019-03-22T07:52:29.813784008Z: [    1.378376] pci_bus 0000:00: root bus resource [io  0x0000-0x0cf7 window]
[STDERR  ] 2019-03-22T07:52:29.813798984Z: [    1.379375] pci_bus 0000:00: root bus resource [io  0x0d00-0xffff window]
[STDERR  ] 2019-03-22T07:52:29.813811732Z: [    1.380374] pci_bus 0000:00: root bus resource [mem 0x000a0000-0x000bffff window]
[STDERR  ] 2019-03-22T07:52:29.813823930Z: [    1.381373] pci_bus 0000:00: root bus resource [mem 0xc0000000-0xfebfffff window]
[STDERR  ] 2019-03-22T07:52:29.813836365Z: [    1.382375] pci_bus 0000:00: root bus resource [bus 00-ff]
[STDERR  ] 2019-03-22T07:52:29.813849025Z: [    1.456546] pci 0000:00:1f.0: quirk: [io  0x0600-0x067f] claimed by ICH6 ACPI/GPIO/TCO
[STDERR  ] 2019-03-22T07:52:29.813864125Z: [    1.486267] ACPI: PCI Interrupt Link [LNKA] (IRQs 5 *10 11)
[STDERR  ] 2019-03-22T07:52:29.813876585Z: [    1.486726] ACPI: PCI Interrupt Link [LNKB] (IRQs 5 *10 11)
[STDERR  ] 2019-03-22T07:52:29.813889060Z: [    1.487695] ACPI: PCI Interrupt Link [LNKC] (IRQs 5 10 *11)
[STDERR  ] 2019-03-22T07:52:29.813901762Z: [    1.489388] ACPI: PCI Interrupt Link [LNKD] (IRQs 5 10 *11)
[STDERR  ] 2019-03-22T07:52:29.813914776Z: [    1.490716] ACPI: PCI Interrupt Link [LNKE] (IRQs 5 *10 11)
[STDERR  ] 2019-03-22T07:52:29.813927563Z: [    1.492587] ACPI: PCI Interrupt Link [LNKF] (IRQs 5 *10 11)
[STDERR  ] 2019-03-22T07:52:29.813940414Z: [    1.493675] ACPI: PCI Interrupt Link [LNKG] (IRQs 5 10 *11)
[STDERR  ] 2019-03-22T07:52:29.813953021Z: [    1.494678] ACPI: PCI Interrupt Link [LNKH] (IRQs 5 10 *11)
[STDERR  ] 2019-03-22T07:52:29.813965429Z: [    1.495531] ACPI: PCI Interrupt Link [GSIA] (IRQs *16)
[STDERR  ] 2019-03-22T07:52:29.813977733Z: [    1.496393] ACPI: PCI Interrupt Link [GSIB] (IRQs *17)
[STDERR  ] 2019-03-22T07:52:29.814000849Z: [    1.497393] ACPI: PCI Interrupt Link [GSIC] (IRQs *18)
[STDERR  ] 2019-03-22T07:52:29.814013066Z: [    1.498393] ACPI: PCI Interrupt Link [GSID] (IRQs *19)
[STDERR  ] 2019-03-22T07:52:29.814024839Z: [    1.499394] ACPI: PCI Interrupt Link [GSIE] (IRQs *20)
[STDERR  ] 2019-03-22T07:52:29.814037327Z: [    1.500392] ACPI: PCI Interrupt Link [GSIF] (IRQs *21)
[STDERR  ] 2019-03-22T07:52:29.814049815Z: [    1.501394] ACPI: PCI Interrupt Link [GSIG] (IRQs *22)
[STDERR  ] 2019-03-22T07:52:29.814062327Z: [    1.502396] ACPI: PCI Interrupt Link [GSIH] (IRQs *23)
[STDERR  ] 2019-03-22T07:52:29.814078759Z: [    1.503860] SCSI subsystem initialized
[STDERR  ] 2019-03-22T07:52:29.814091573Z: [    1.504495] ACPI: bus type USB registered
[STDERR  ] 2019-03-22T07:52:29.814104018Z: [    1.505418] usbcore: registered new interface driver usbfs
[STDERR  ] 2019-03-22T07:52:29.814116733Z: [    1.506405] usbcore: registered new interface driver hub
[STDERR  ] 2019-03-22T07:52:29.814129384Z: [    1.507411] usbcore: registered new device driver usb
[STDERR  ] 2019-03-22T07:52:29.814141674Z: [    1.508401] pps_core: LinuxPPS API ver. 1 registered
[STDERR  ] 2019-03-22T07:52:29.814154376Z: [    1.509368] pps_core: Software ver. 5.3.6 - Copyright 2005-2007 Rodolfo Giometti <giometti@linux.it>
[STDERR  ] 2019-03-22T07:52:29.814171317Z: [    1.510388] PTP clock support registered
[STDERR  ] 2019-03-22T07:52:29.814183973Z: [    1.512466] PCI: Using ACPI for IRQ routing
[STDERR  ] 2019-03-22T07:52:29.814199974Z: [    1.979481] NetLabel: Initializing
[STDERR  ] 2019-03-22T07:52:29.814212551Z: [    1.980371] NetLabel:  domain hash size = 128
[STDERR  ] 2019-03-22T07:52:29.814224919Z: [    1.981369] NetLabel:  protocols = UNLABELED CIPSOv4 CALIPSO
[STDERR  ] 2019-03-22T07:52:29.814237522Z: [    1.982409] NetLabel:  unlabeled traffic allowed by default
[STDERR  ] 2019-03-22T07:52:29.814301130Z: [    1.983553] HPET: 3 timers in total, 0 timers will be used for per-cpu timer
[STDERR  ] 2019-03-22T07:52:29.814323275Z: [    1.984488] hpet0: at MMIO 0xfed00000, IRQs 2, 8, 0
[STDERR  ] 2019-03-22T07:52:29.814341104Z: [    1.985372] hpet0: 3 comparators, 64-bit 100.000000 MHz counter
[STDERR  ] 2019-03-22T07:52:29.814353346Z: [    1.989411] clocksource: Switched to clocksource kvm-clock
[STDERR  ] 2019-03-22T07:52:29.814365067Z: [    2.020009] VFS: Disk quotas dquot_6.6.0
[STDERR  ] 2019-03-22T07:52:29.814377042Z: [    2.023892] VFS: Dquot-cache hash table entries: 512 (order 0, 4096 bytes)
[STDERR  ] 2019-03-22T07:52:29.814389406Z: [    2.030478] FS-Cache: Loaded
[STDERR  ] 2019-03-22T07:52:29.814401621Z: [    2.033568] CacheFiles: Loaded
[STDERR  ] 2019-03-22T07:52:29.814420996Z: [    2.036536] pnp: PnP ACPI init
[STDERR  ] 2019-03-22T07:52:29.814433432Z: [    2.040700] pnp: PnP ACPI: found 5 devices
[STDERR  ] 2019-03-22T07:52:29.814446457Z: [    2.051151] clocksource: acpi_pm: mask: 0xffffff max_cycles: 0xffffff, max_idle_ns: 2085701024 ns
[STDERR  ] 2019-03-22T07:52:29.814459262Z: [    2.059555] NET: Registered protocol family 2
[STDERR  ] 2019-03-22T07:52:29.814471548Z: [    2.064828] tcp_listen_portaddr_hash hash table entries: 512 (order: 1, 8192 bytes)
[STDERR  ] 2019-03-22T07:52:29.814484322Z: [    2.072025] TCP established hash table entries: 8192 (order: 4, 65536 bytes)
[STDERR  ] 2019-03-22T07:52:29.814497487Z: [    2.078610] TCP bind hash table entries: 8192 (order: 5, 131072 bytes)
[STDERR  ] 2019-03-22T07:52:29.814510333Z: [    2.084671] TCP: Hash tables configured (established 8192 bind 8192)
[STDERR  ] 2019-03-22T07:52:29.814522789Z: [    2.090654] UDP hash table entries: 512 (order: 2, 16384 bytes)
[STDERR  ] 2019-03-22T07:52:29.814562023Z: [    2.096690] UDP-Lite hash table entries: 512 (order: 2, 16384 bytes)
[STDERR  ] 2019-03-22T07:52:29.814573283Z: [    2.102687] NET: Registered protocol family 1
[STDERR  ] 2019-03-22T07:52:29.814588027Z: [    2.106833] NET: Registered protocol family 44
[STDERR  ] 2019-03-22T07:52:29.814600673Z: [    2.111245] pci 0000:00:01.0: Video device with shadowed ROM at [mem 0x000c0000-0x000dffff]
[STDERR  ] 2019-03-22T07:52:29.814617706Z: [    2.119286] Trying to unpack rootfs image as initramfs...
[STDERR  ] 2019-03-22T07:52:29.814629338Z: [    3.017439] Freeing initrd memory: 42088K
[STDERR  ] 2019-03-22T07:52:29.814641867Z: [    3.021514] clocksource: tsc: mask: 0xffffffffffffffff max_cycles: 0x212685622b2, max_idle_ns: 440795265736 ns
[STDERR  ] 2019-03-22T07:52:29.814658601Z: [    3.031317] PCLMULQDQ-NI instructions are not detected.
[STDERR  ] 2019-03-22T07:52:29.814670270Z: [    3.036490] AVX or AES-NI instructions are not detected.
[STDERR  ] 2019-03-22T07:52:29.814681518Z: [    3.041585] CPU feature 'AVX registers' is not supported.
[STDERR  ] 2019-03-22T07:52:29.814693547Z: [    3.046641] CPU feature 'AVX registers' is not supported.
[STDERR  ] 2019-03-22T07:52:29.814705839Z: [    3.051699] CPU feature 'AVX registers' is not supported.
[STDERR  ] 2019-03-22T07:52:29.814718131Z: [    3.056833] CPU feature 'AVX registers' is not supported.
[STDERR  ] 2019-03-22T07:52:29.814729936Z: [    3.061912] AVX2 or AES-NI instructions are not detected.
[STDERR  ] 2019-03-22T07:52:29.814746254Z: [    3.066933] AVX2 instructions are not detected.
[STDERR  ] 2019-03-22T07:52:29.814758987Z: [    3.071817] workingset: timestamp_bits=46 max_order=18 bucket_order=0
[STDERR  ] 2019-03-22T07:52:29.814771496Z: [    3.078219] squashfs: version 4.0 (2009/01/31) Phillip Lougher
[STDERR  ] 2019-03-22T07:52:29.814784003Z: [    3.083775] FS-Cache: Netfs 'cifs' registered for caching
[STDERR  ] 2019-03-22T07:52:29.814796947Z: [    3.088870] fuse init (API version 7.27)
[STDERR  ] 2019-03-22T07:52:29.814809711Z: [    3.092675] SGI XFS with ACLs, security attributes, no debug enabled
[STDERR  ] 2019-03-22T07:52:29.814825799Z: [    3.098800] 9p: Installing v9fs 9p2000 file system support
[STDERR  ] 2019-03-22T07:52:29.814838317Z: [    3.103924] FS-Cache: Netfs '9p' registered for caching
[STDERR  ] 2019-03-22T07:52:29.814850901Z: [    3.108766] pstore: using deflate compression
[STDERR  ] 2019-03-22T07:52:29.814868402Z: [    3.114326] NET: Registered protocol family 38
[STDERR  ] 2019-03-22T07:52:29.814880665Z: [    3.118629] Key type asymmetric registered
[STDERR  ] 2019-03-22T07:52:29.814892394Z: [    3.122708] Asymmetric key parser 'x509' registered
[STDERR  ] 2019-03-22T07:52:29.814904925Z: [    3.127305] Block layer SCSI generic (bsg) driver version 0.4 loaded (major 247)
[STDERR  ] 2019-03-22T07:52:29.814918036Z: [    3.134208] io scheduler noop registered
[STDERR  ] 2019-03-22T07:52:29.814933994Z: [    3.137943] io scheduler deadline registered (default)
[STDERR  ] 2019-03-22T07:52:29.814946663Z: [    3.142780] io scheduler cfq registered
[STDERR  ] 2019-03-22T07:52:29.814959324Z: [    3.146396] io scheduler mq-deadline registered (default)
[STDERR  ] 2019-03-22T07:52:29.814971779Z: [    3.151485] io scheduler kyber registered
[STDERR  ] 2019-03-22T07:52:29.814984518Z: [    3.155508] shpchp: Standard Hot Plug PCI Controller Driver version: 0.4
[STDERR  ] 2019-03-22T07:52:29.814997140Z: [    3.161781] hv_vmbus: registering driver hyperv_fb
[STDERR  ] 2019-03-22T07:52:29.815009783Z: [    3.166367] input: Power Button as /devices/LNXSYSTM:00/LNXPWRBN:00/input/input0
[STDERR  ] 2019-03-22T07:52:29.815022259Z: [    3.173186] ACPI: Power Button [PWRF]
[STDERR  ] 2019-03-22T07:52:29.815034616Z: [    3.177799] PCI Interrupt Link [GSIG] enabled at IRQ 22
[STDERR  ] 2019-03-22T07:52:29.815046901Z: [    3.189233] PCI Interrupt Link [GSIH] enabled at IRQ 23
[STDERR  ] 2019-03-22T07:52:29.815059532Z: [    3.200520] Serial: 8250/16550 driver, 4 ports, IRQ sharing disabled
[STDERR  ] 2019-03-22T07:52:29.815072470Z: [    3.244987] 00:04: ttyS0 at I/O 0x3f8 (irq = 4, base_baud = 115200) is a 16550A
[STDERR  ] 2019-03-22T07:52:29.815085084Z: [    3.252904] Non-volatile memory driver v1.3
[STDERR  ] 2019-03-22T07:52:29.815097620Z: [    3.258750] Hangcheck: starting hangcheck timer 0.9.1 (tick is 180 seconds, margin is 60 seconds).
[STDERR  ] 2019-03-22T07:52:29.815110647Z: [    3.267299] random: fast init done
[STDERR  ] 2019-03-22T07:52:29.815131034Z: [    3.271717] random: crng init done
[STDERR  ] 2019-03-22T07:52:29.815144298Z: [    3.276225] brd: module loaded
[STDERR  ] 2019-03-22T07:52:29.815157265Z: [    3.282110] loop: module loaded
[STDERR  ] 2019-03-22T07:52:29.815169408Z: [    3.289885] lpc_ich 0000:00:1f.0: I/O space for GPIO uninitialized
[STDERR  ] 2019-03-22T07:52:29.815182439Z: [    3.295687] VMware PVSCSI driver - version 1.0.7.0-k
[STDERR  ] 2019-03-22T07:52:29.815198346Z: [    3.300309] hv_vmbus: registering driver hv_storvsc
[STDERR  ] 2019-03-22T07:52:29.815219639Z: [    3.305764] PCI Interrupt Link [GSIA] enabled at IRQ 16
[STDERR  ] 2019-03-22T07:52:29.815239399Z: [    3.314394] ahci 0000:00:1f.2: AHCI 0001.0000 32 slots 6 ports 1.5 Gbps 0x3f impl SATA mode
[STDERR  ] 2019-03-22T07:52:29.815254392Z: [    3.322122] ahci 0000:00:1f.2: flags: 64bit ncq only 
[STDERR  ] 2019-03-22T07:52:29.815267564Z: [    3.330735] scsi host0: ahci
[STDERR  ] 2019-03-22T07:52:29.815280102Z: [    3.333726] scsi host1: ahci
[STDERR  ] 2019-03-22T07:52:29.815293103Z: [    3.336701] scsi host2: ahci
[STDERR  ] 2019-03-22T07:52:29.815304961Z: [    3.339699] scsi host3: ahci
[STDERR  ] 2019-03-22T07:52:29.815316938Z: [    3.342661] scsi host4: ahci
[STDERR  ] 2019-03-22T07:52:29.815329175Z: [    3.345596] scsi host5: ahci
[STDERR  ] 2019-03-22T07:52:29.815341075Z: [    3.348563] ata1: SATA max UDMA/133 abar m4096@0xfebd2000 port 0xfebd2100 irq 24
[STDERR  ] 2019-03-22T07:52:29.815352557Z: [    3.355442] ata2: SATA max UDMA/133 abar m4096@0xfebd2000 port 0xfebd2180 irq 24
[STDERR  ] 2019-03-22T07:52:29.815364960Z: [    3.362317] ata3: SATA max UDMA/133 abar m4096@0xfebd2000 port 0xfebd2200 irq 24
[STDERR  ] 2019-03-22T07:52:29.815376703Z: [    3.369150] ata4: SATA max UDMA/133 abar m4096@0xfebd2000 port 0xfebd2280 irq 24
[STDERR  ] 2019-03-22T07:52:29.815389161Z: [    3.376035] ata5: SATA max UDMA/133 abar m4096@0xfebd2000 port 0xfebd2300 irq 24
[STDERR  ] 2019-03-22T07:52:29.815413686Z: [    3.382822] ata6: SATA max UDMA/133 abar m4096@0xfebd2000 port 0xfebd2380 irq 24
[STDERR  ] 2019-03-22T07:52:29.815432186Z: [    3.391960] tun: Universal TUN/TAP device driver, 1.6
[STDERR  ] 2019-03-22T07:52:29.815445493Z: [    3.401747] VMware vmxnet3 virtual NIC driver - version 1.4.16.0-k-NAPI
[STDERR  ] 2019-03-22T07:52:29.815457617Z: [    3.407898] hv_vmbus: registering driver hv_netvsc
[STDERR  ] 2019-03-22T07:52:29.815473473Z: [    3.412321] Fusion MPT base driver 3.04.20
[STDERR  ] 2019-03-22T07:52:29.815486589Z: [    3.416211] Copyright (c) 1999-2008 LSI Corporation
[STDERR  ] 2019-03-22T07:52:29.815498403Z: [    3.420866] Fusion MPT SPI Host driver 3.04.20
[STDERR  ] 2019-03-22T07:52:29.815511009Z: [    3.425219] i8042: PNP: PS/2 Controller [PNP0303:KBD,PNP0f13:MOU] at 0x60,0x64 irq 1,12
[STDERR  ] 2019-03-22T07:52:29.815523675Z: [    3.436767] serio: i8042 KBD port at 0x60,0x64 irq 1
[STDERR  ] 2019-03-22T07:52:29.815536772Z: [    3.441595] serio: i8042 AUX port at 0x60,0x64 irq 12
[STDERR  ] 2019-03-22T07:52:29.815559962Z: [    3.446566] hv_vmbus: registering driver hyperv_keyboard
[STDERR  ] 2019-03-22T07:52:29.815572335Z: [    3.452205] mousedev: PS/2 mouse device common for all mice
[STDERR  ] 2019-03-22T07:52:29.815584767Z: [    3.459956] input: AT Translated Set 2 keyboard as /devices/platform/i8042/serio0/input/input1
[STDERR  ] 2019-03-22T07:52:29.815597638Z: [    3.468310] input: PC Speaker as /devices/platform/pcspkr/input/input2
[STDERR  ] 2019-03-22T07:52:29.815610137Z: [    3.474858] rtc_cmos 00:00: RTC can wake from S4
[STDERR  ] 2019-03-22T07:52:29.815623495Z: [    3.482744] rtc_cmos 00:00: registered as rtc0
[STDERR  ] 2019-03-22T07:52:29.815636392Z: [    3.486962] rtc_cmos 00:00: alarms up to one day, y3k, 114 bytes nvram, hpet irqs
[STDERR  ] 2019-03-22T07:52:29.815652420Z: [    3.493847] i2c /dev entries driver
[STDERR  ] 2019-03-22T07:52:29.815665331Z: [    3.497645] device-mapper: ioctl: 4.39.0-ioctl (2018-04-03) initialised: dm-devel@redhat.com
[STDERR  ] 2019-03-22T07:52:29.815678778Z: [    3.506080] usbcore: registered new interface driver usbhid
[STDERR  ] 2019-03-22T07:52:29.815697417Z: [    3.511315] usbhid: USB HID core driver
[STDERR  ] 2019-03-22T07:52:29.815713718Z: [    3.515050] hv_utils: Registering HyperV Utility Driver
[STDERR  ] 2019-03-22T07:52:29.815725807Z: [    3.519946] hv_vmbus: registering driver hv_util
[STDERR  ] 2019-03-22T07:52:29.815738177Z: [    3.524260] hv_vmbus: registering driver hv_balloon
[STDERR  ] 2019-03-22T07:52:29.815753360Z: [    3.528817] oprofile: using NMI interrupt.
[STDERR  ] 2019-03-22T07:52:29.815766671Z: [    3.532729] GACT probability on
[STDERR  ] 2019-03-22T07:52:29.815779628Z: [    3.535716] Mirror/redirect action on
[STDERR  ] 2019-03-22T07:52:29.815792067Z: [    3.539192] Simple TC action Loaded
[STDERR  ] 2019-03-22T07:52:29.815804496Z: [    3.542553] u32 classifier
[STDERR  ] 2019-03-22T07:52:29.815817096Z: [    3.545146]     Performance counters on
[STDERR  ] 2019-03-22T07:52:29.815829263Z: [    3.548731]     input device check on
[STDERR  ] 2019-03-22T07:52:29.815841693Z: [    3.552172]     Actions configured
[STDERR  ] 2019-03-22T07:52:29.815853075Z: [    3.555774] xt_time: kernel timezone is -0000
[STDERR  ] 2019-03-22T07:52:29.815864589Z: [    3.559910] IPVS: Registered protocols (TCP, UDP, SCTP, AH, ESP)
[STDERR  ] 2019-03-22T07:52:29.815876452Z: [    3.565567] IPVS: Connection hash table configured (size=4096, memory=64Kbytes)
[STDERR  ] 2019-03-22T07:52:29.815892011Z: [    3.572535] IPVS: ipvs loaded.
[STDERR  ] 2019-03-22T07:52:29.815904745Z: [    3.575515] IPVS: [rr] scheduler registered.
[STDERR  ] 2019-03-22T07:52:29.815917780Z: [    3.579512] IPVS: [wrr] scheduler registered.
[STDERR  ] 2019-03-22T07:52:29.815929884Z: [    3.583594] IPVS: [lc] scheduler registered.
[STDERR  ] 2019-03-22T07:52:29.815941947Z: [    3.587584] IPVS: [wlc] scheduler registered.
[STDERR  ] 2019-03-22T07:52:29.815954212Z: [    3.591669] IPVS: [fo] scheduler registered.
[STDERR  ] 2019-03-22T07:52:29.815966320Z: [    3.595943] IPVS: [ovf] scheduler registered.
[STDERR  ] 2019-03-22T07:52:29.815982496Z: [    3.600019] IPVS: [lblc] scheduler registered.
[STDERR  ] 2019-03-22T07:52:29.816000258Z: [    3.604583] IPVS: [lblcr] scheduler registered.
[STDERR  ] 2019-03-22T07:52:29.816012151Z: [    3.608839] IPVS: [dh] scheduler registered.
[STDERR  ] 2019-03-22T07:52:29.816024532Z: [    3.613148] IPVS: [sh] scheduler registered.
[STDERR  ] 2019-03-22T07:52:29.816056500Z: [    3.617152] IPVS: [mh] scheduler registered.
[STDERR  ] 2019-03-22T07:52:29.816068706Z: [    3.621497] IPVS: [sed] scheduler registered.
[STDERR  ] 2019-03-22T07:52:29.816080948Z: [    3.625650] IPVS: [nq] scheduler registered.
[STDERR  ] 2019-03-22T07:52:29.816092427Z: [    3.629963] IPVS: ftp: loaded support on port[0] = 21
[STDERR  ] 2019-03-22T07:52:29.816105383Z: [    3.635220] ipip: IPv4 and MPLS over IPv4 tunneling driver
[STDERR  ] 2019-03-22T07:52:29.816117947Z: [    3.640861] gre: GRE over IPv4 demultiplexor driver
[STDERR  ] 2019-03-22T07:52:29.816130779Z: [    3.645932] ipt_CLUSTERIP: ClusterIP Version 0.8 loaded successfully
[STDERR  ] 2019-03-22T07:52:29.816143290Z: [    3.652139] NET: Registered protocol family 10
[STDERR  ] 2019-03-22T07:52:29.816159529Z: [    3.656806] Segment Routing with IPv6
[STDERR  ] 2019-03-22T07:52:29.816171216Z: [    3.660919] NET: Registered protocol family 17
[STDERR  ] 2019-03-22T07:52:29.816183518Z: [    3.665192] Bridge firewalling registered
[STDERR  ] 2019-03-22T07:52:29.816196496Z: [    3.669274] 8021q: 802.1Q VLAN Support v1.8
[STDERR  ] 2019-03-22T07:52:29.816209237Z: [    3.673269] 9pnet: Installing 9P2000 support
[STDERR  ] 2019-03-22T07:52:29.816226620Z: [    3.677588] Key type dns_resolver registered
[STDERR  ] 2019-03-22T07:52:29.816243054Z: [    3.681864] registered taskstats version 1
[STDERR  ] 2019-03-22T07:52:29.816256032Z: [    3.694764] Key type big_key registered
[STDERR  ] 2019-03-22T07:52:29.816268489Z: [    3.699173] ata4: SATA link down (SStatus 0 SControl 300)
[STDERR  ] 2019-03-22T07:52:29.816283275Z: [    3.705325] ata3: SATA link up 1.5 Gbps (SStatus 113 SControl 300)
[STDERR  ] 2019-03-22T07:52:29.816301493Z: [    3.712070] ata2: SATA link down (SStatus 0 SControl 300)
[STDERR  ] 2019-03-22T07:52:29.816314661Z: [    3.718122] ata1: SATA link up 1.5 Gbps (SStatus 113 SControl 300)
[STDERR  ] 2019-03-22T07:52:29.816327420Z: [    3.724849] ata6: SATA link down (SStatus 0 SControl 300)
[STDERR  ] 2019-03-22T07:52:29.816340303Z: [    3.730719] ata5: SATA link down (SStatus 0 SControl 300)
[STDERR  ] 2019-03-22T07:52:29.816353034Z: [    3.738047] ata1.00: ATA-7: QEMU HARDDISK, 2.5+, max UDMA/100
[STDERR  ] 2019-03-22T07:52:29.816365200Z: [    3.743436] ata1.00: 1048576 sectors, multi 16: LBA48 NCQ (depth 32)
[STDERR  ] 2019-03-22T07:52:29.816378151Z: [    3.749324] ata1.00: applying bridge limits
[STDERR  ] 2019-03-22T07:52:29.816390739Z: [    3.753665] ata3.00: ATAPI: QEMU DVD-ROM, 2.5+, max UDMA/100
[STDERR  ] 2019-03-22T07:52:29.816411093Z: [    3.758921] ata3.00: applying bridge limits
[STDERR  ] 2019-03-22T07:52:29.816424727Z: [    3.766126] ata3.00: configured for UDMA/100
[STDERR  ] 2019-03-22T07:52:29.816437543Z: [    3.770650] Key type trusted registered
[STDERR  ] 2019-03-22T07:52:29.816451560Z: [    3.777261] ata1.00: configured for UDMA/100
[STDERR  ] 2019-03-22T07:52:29.816464064Z: [    3.781535] scsi 0:0:0:0: Direct-Access     ATA      QEMU HARDDISK    2.5+ PQ: 0 ANSI: 5
[STDERR  ] 2019-03-22T07:52:29.816477687Z: [    3.791786] sd 0:0:0:0: [sda] 1048576 512-byte logical blocks: (537 MB/512 MiB)
[STDERR  ] 2019-03-22T07:52:29.816493415Z: [    3.798706] sd 0:0:0:0: Attached scsi generic sg0 type 0
[STDERR  ] 2019-03-22T07:52:29.816506113Z: [    3.803804] Key type encrypted registered
[STDERR  ] 2019-03-22T07:52:29.816518397Z: [    3.807776] sd 0:0:0:0: [sda] Write Protect is off
[STDERR  ] 2019-03-22T07:52:29.816535193Z: [    3.812335] ima: No TPM chip found, activating TPM-bypass!
[STDERR  ] 2019-03-22T07:52:29.816557989Z: [    3.818159] scsi 2:0:0:0: CD-ROM            QEMU     QEMU DVD-ROM     2.5+ PQ: 0 ANSI: 5
[STDERR  ] 2019-03-22T07:52:29.816573269Z: [    3.825832] sd 0:0:0:0: [sda] Write cache: enabled, read cache: enabled, doesn't support DPO or FUA
[STDERR  ] 2019-03-22T07:52:29.816591466Z: [    3.834211] ima: Allocated hash algorithm: sha256
[STDERR  ] 2019-03-22T07:52:29.816604258Z: [    3.840283] evm: Initialising EVM extended attributes:
[STDERR  ] 2019-03-22T07:52:29.816616933Z: [    3.845140] evm: security.ima
[STDERR  ] 2019-03-22T07:52:29.816629514Z: [    3.847997] evm: security.capability
[STDERR  ] 2019-03-22T07:52:29.816642235Z: [    3.851372] evm: HMAC attrs: 0x1
[STDERR  ] 2019-03-22T07:52:29.816657928Z: [    3.855554] sd 0:0:0:0: [sda] Attached SCSI disk
[STDERR  ] 2019-03-22T07:52:29.816678720Z: [    3.860773] rtc_cmos 00:00: setting system clock to 2019-03-22 07:52:16 UTC (1553241136)
[STDERR  ] 2019-03-22T07:52:29.816690135Z: [    3.869084] sr 2:0:0:0: [sr0] scsi3-mmc drive: 4x/4x cd/rw xa/form2 tray
[STDERR  ] 2019-03-22T07:52:29.816702089Z: [    3.875280] cdrom: Uniform CD-ROM driver Revision: 3.20
[STDERR  ] 2019-03-22T07:52:29.816714000Z: [    3.880269] Unstable clock detected, switching default tracing clock to "global"
[STDERR  ] 2019-03-22T07:52:29.816725232Z: [    3.880269] If you want to keep using the local clock, then add:
[STDERR  ] 2019-03-22T07:52:29.816737402Z: [    3.880269]   "trace_clock=local"
[STDERR  ] 2019-03-22T07:52:29.816748867Z: [    3.880269] on the kernel command line
[STDERR  ] 2019-03-22T07:52:29.816761105Z: [    3.899327] sr 2:0:0:0: Attached scsi generic sg1 type 5
[STDERR  ] 2019-03-22T07:52:29.816772523Z: [    3.908887] Freeing unused kernel image memory: 1584K
[STDERR  ] 2019-03-22T07:52:29.816784572Z: [    3.915510] Write protecting the kernel read-only data: 18432k
[STDERR  ] 2019-03-22T07:52:29.816796733Z: [    3.922131] Freeing unused kernel image memory: 2028K
[STDERR  ] 2019-03-22T07:52:29.816809428Z: [    3.927204] Freeing unused kernel image memory: 1040K
[STDERR  ] 2019-03-22T07:52:29.816822427Z: [    3.931996] Run /init as init process
[STDERR  ] 2019-03-22T07:52:29.816834449Z: 
[STDERR  ] 2019-03-22T07:52:29.816852046Z: Welcome to LinuxKit
[STDERR  ] 2019-03-22T07:52:29.816864953Z: 
[STDERR  ] 2019-03-22T07:52:29.816876914Z:                         ##         .
[STDERR  ] 2019-03-22T07:52:29.816889567Z:                   ## ## ##        ==
[STDERR  ] 2019-03-22T07:52:29.816901808Z:                ## ## ## ## ##    ===
[STDERR  ] 2019-03-22T07:52:29.816914774Z:            /"""""""""""""""""\___/ ===
[STDERR  ] 2019-03-22T07:52:29.816931592Z:           {                       /  ===-
[STDERR  ] 2019-03-22T07:52:29.816943983Z:            \______ O           __/
[STDERR  ] 2019-03-22T07:52:29.816957002Z:              \    \         __/
[STDERR  ] 2019-03-22T07:52:29.816969728Z:               \____\_______/
[STDERR  ] 2019-03-22T07:52:29.816982272Z: 
[STDERR  ] 2019-03-22T07:52:29.816995032Z: [    4.765496] IPVS: ftp: loaded support on port[0] = 21
[STDERR  ] 2019-03-22T07:52:29.817007987Z: [    4.932171]  sda:
[STDERR  ] 2019-03-22T07:52:29.817020777Z: [    4.947668]  sda:
[STDERR  ] 2019-03-22T07:52:29.817033369Z: [    5.221573]  sda: sda1
[STDERR  ] 2019-03-22T07:52:29.817045705Z: [    5.228768]  sda: sda1
[STDERR  ] 2019-03-22T07:52:29.817057882Z: 2019/03/22 07:52:17 Creating partition on /dev/sda
[STDERR  ] 2019-03-22T07:52:29.817070478Z: 2019/03/22 07:52:18 Partition /dev/sda1 successfully created!
[STDERR  ] 2019-03-22T07:52:29.817082806Z: [    6.397147] IPVS: ftp: loaded support on port[0] = 21
[STDERR  ] 2019-03-22T07:52:29.817098282Z: [    6.482920] FAT-fs (sda1): utf8 is not a recommended IO charset for FAT filesystems, filesystem will be case sensitive!
[STDERR  ] 2019-03-22T07:52:29.817112027Z: [    6.493610] FAT-fs (sda1): utf8 is not a recommended IO charset for FAT filesystems, filesystem will be case sensitive!
[STDERR  ] 2019-03-22T07:52:29.817124738Z: [    6.542606] XFS (sda1): Mounting V5 Filesystem
[STDERR  ] 2019-03-22T07:52:29.817136766Z: [    6.560823] XFS (sda1): Ending clean mount
[STDERR  ] 2019-03-22T07:52:29.817152761Z: format_mount test suite PASSED
[STDERR  ] 2019-03-22T07:52:29.817165713Z: [   16.912483] sd 0:0:0:0: [sda] Synchronizing SCSI cache
[STDERR  ] 2019-03-22T07:52:29.817182592Z: [   16.917663] sd 0:0:0:0: [sda] Stopping disk
[STDERR  ] 2019-03-22T07:52:29.817195520Z: [   16.922805] ACPI: Preparing to enter system sleep state S5
[STDERR  ] 2019-03-22T07:52:29.817208303Z: [   16.928311] reboot: Power down
[STDERR  ] 2019-03-22T07:52:29.817221055Z: + grep -q suite PASSED
[STDOUT  ] 2019-03-22T07:52:29.817250046Z: [    0.000000] Linux version 4.19.27-linuxkit (root@82332b297024) (gcc version 8.2.0 (Alpine 8.2.0)) #1 SMP Sun Mar 10 18:51:44 UTC 2019
[STDOUT  ] 2019-03-22T07:52:29.817282008Z: [    0.000000] Command line: console=ttyS0 console=ttyAMA0
[STDOUT  ] 2019-03-22T07:52:29.817290901Z: [    0.000000] x86/fpu: x87 FPU will use FXSAVE
[STDOUT  ] 2019-03-22T07:52:29.817300145Z: [    0.000000] BIOS-provided physical RAM map:
[STDOUT  ] 2019-03-22T07:52:29.817310338Z: [    0.000000] BIOS-e820: [mem 0x0000000000000000-0x000000000009fbff] usable
[STDOUT  ] 2019-03-22T07:52:29.817319299Z: [    0.000000] BIOS-e820: [mem 0x000000000009fc00-0x000000000009ffff] reserved
[STDOUT  ] 2019-03-22T07:52:29.817327863Z: [    0.000000] BIOS-e820: [mem 0x00000000000f0000-0x00000000000fffff] reserved
[STDOUT  ] 2019-03-22T07:52:29.817336558Z: [    0.000000] BIOS-e820: [mem 0x0000000000100000-0x000000003ffdefff] usable
[STDOUT  ] 2019-03-22T07:52:29.817344937Z: [    0.000000] BIOS-e820: [mem 0x000000003ffdf000-0x000000003fffffff] reserved
[STDOUT  ] 2019-03-22T07:52:29.817353564Z: [    0.000000] BIOS-e820: [mem 0x00000000b0000000-0x00000000bfffffff] reserved
[STDOUT  ] 2019-03-22T07:52:29.817362400Z: [    0.000000] BIOS-e820: [mem 0x00000000fed1c000-0x00000000fed1ffff] reserved
[STDOUT  ] 2019-03-22T07:52:29.817371311Z: [    0.000000] BIOS-e820: [mem 0x00000000feffc000-0x00000000feffffff] reserved
[STDOUT  ] 2019-03-22T07:52:29.817380047Z: [    0.000000] BIOS-e820: [mem 0x00000000fffc0000-0x00000000ffffffff] reserved
[STDOUT  ] 2019-03-22T07:52:29.817389625Z: [    0.000000] NX (Execute Disable) protection: active
[STDOUT  ] 2019-03-22T07:52:29.817413135Z: [    0.000000] SMBIOS 2.8 present.
[STDOUT  ] 2019-03-22T07:52:29.817425620Z: [    0.000000] DMI: QEMU Standard PC (Q35 + ICH9, 2009), BIOS 1.10.2-1 04/01/2014
[STDOUT  ] 2019-03-22T07:52:29.817434044Z: [    0.000000] Hypervisor detected: KVM
[STDOUT  ] 2019-03-22T07:52:29.817442841Z: [    0.000000] kvm-clock: Using msrs 4b564d01 and 4b564d00
[STDOUT  ] 2019-03-22T07:52:29.817451029Z: [    0.585378] kvm-clock: cpu 0, msr 2481a001, primary cpu clock
[STDOUT  ] 2019-03-22T07:52:29.817459882Z: [    0.585378] clocksource: kvm-clock: mask: 0xffffffffffffffff max_cycles: 0x1cd42e4dffb, max_idle_ns: 881590591483 ns
[STDOUT  ] 2019-03-22T07:52:29.817469585Z: [    0.585389] tsc: Detected 2299.814 MHz processor
[STDOUT  ] 2019-03-22T07:52:29.817478679Z: [    0.588666] last_pfn = 0x3ffdf max_arch_pfn = 0x400000000
[STDOUT  ] 2019-03-22T07:52:29.817487589Z: [    0.589282] x86/PAT: PAT not supported by CPU.
[STDOUT  ] 2019-03-22T07:52:29.817496363Z: [    0.589336] x86/PAT: Configuration [0-7]: WB  WT  UC- UC  WB  WT  UC- UC  
[STDOUT  ] 2019-03-22T07:52:29.817505583Z: [    0.601025] found SMP MP-table at [mem 0x000f6a90-0x000f6a9f] mapped at [(____ptrval____)]
[STDOUT  ] 2019-03-22T07:52:29.817515039Z: [    0.601991] RAMDISK: [mem 0x3d6b6000-0x3ffcffff]
[STDOUT  ] 2019-03-22T07:52:29.817523757Z: [    0.602211] ACPI: Early table checksum verification disabled
[STDOUT  ] 2019-03-22T07:52:29.817532619Z: [    0.602354] ACPI: RSDP 0x00000000000F68D0 000014 (v00 BOCHS )
[STDOUT  ] 2019-03-22T07:52:29.817541194Z: [    0.602365] ACPI: RSDT 0x000000003FFE2404 000034 (v01 BOCHS  BXPCRSDT 00000001 BXPC 00000001)
[STDOUT  ] 2019-03-22T07:52:29.817562046Z: [    0.602387] ACPI: FACP 0x000000003FFE22A4 000074 (v01 BOCHS  BXPCFACP 00000001 BXPC 00000001)
[STDOUT  ] 2019-03-22T07:52:29.817570942Z: [    0.602394] ACPI: DSDT 0x000000003FFE0040 002264 (v01 BOCHS  BXPCDSDT 00000001 BXPC 00000001)
[STDOUT  ] 2019-03-22T07:52:29.817579831Z: [    0.602399] ACPI: FACS 0x000000003FFE0000 000040
[STDOUT  ] 2019-03-22T07:52:29.817593248Z: [    0.602403] ACPI: APIC 0x000000003FFE2318 000078 (v01 BOCHS  BXPCAPIC 00000001 BXPC 00000001)
[STDOUT  ] 2019-03-22T07:52:29.817601957Z: [    0.602407] ACPI: HPET 0x000000003FFE2390 000038 (v01 BOCHS  BXPCHPET 00000001 BXPC 00000001)
[STDOUT  ] 2019-03-22T07:52:29.817611403Z: [    0.602411] ACPI: MCFG 0x000000003FFE23C8 00003C (v01 BOCHS  BXPCMCFG 00000001 BXPC 00000001)
[STDOUT  ] 2019-03-22T07:52:29.817619702Z: [    0.603272] Zone ranges:
[STDOUT  ] 2019-03-22T07:52:29.817628249Z: [    0.603274]   DMA      [mem 0x0000000000001000-0x0000000000ffffff]
[STDOUT  ] 2019-03-22T07:52:29.817640831Z: [    0.603276]   DMA32    [mem 0x0000000001000000-0x000000003ffdefff]
[STDOUT  ] 2019-03-22T07:52:29.817650339Z: [    0.603278]   Normal   empty
[STDOUT  ] 2019-03-22T07:52:29.817659147Z: [    0.603279]   Device   empty
[STDOUT  ] 2019-03-22T07:52:29.817668309Z: [    0.603280] Movable zone start for each node
[STDOUT  ] 2019-03-22T07:52:29.817677220Z: [    0.603281] Early memory node ranges
[STDOUT  ] 2019-03-22T07:52:29.817686658Z: [    0.603282]   node   0: [mem 0x0000000000001000-0x000000000009efff]
[STDOUT  ] 2019-03-22T07:52:29.817695269Z: [    0.603284]   node   0: [mem 0x0000000000100000-0x000000003ffdefff]
[STDOUT  ] 2019-03-22T07:52:29.817704324Z: [    0.603866] Reserved but unavailable: 98 pages
[STDOUT  ] 2019-03-22T07:52:29.817712711Z: [    0.603868] Initmem setup node 0 [mem 0x0000000000001000-0x000000003ffdefff]
[STDOUT  ] 2019-03-22T07:52:29.817721100Z: [    0.616110] ACPI: PM-Timer IO Port: 0x608
[STDOUT  ] 2019-03-22T07:52:29.817732626Z: [    0.616161] ACPI: LAPIC_NMI (acpi_id[0xff] dfl dfl lint[0x1])
[STDOUT  ] 2019-03-22T07:52:29.817740664Z: [    0.616409] IOAPIC[0]: apic_id 0, version 17, address 0xfec00000, GSI 0-23
[STDOUT  ] 2019-03-22T07:52:29.817748889Z: [    0.616413] ACPI: INT_SRC_OVR (bus 0 bus_irq 0 global_irq 2 dfl dfl)
[STDOUT  ] 2019-03-22T07:52:29.817756918Z: [    0.616415] ACPI: INT_SRC_OVR (bus 0 bus_irq 5 global_irq 5 high level)
[STDOUT  ] 2019-03-22T07:52:29.817770528Z: [    0.616416] ACPI: INT_SRC_OVR (bus 0 bus_irq 9 global_irq 9 high level)
[STDOUT  ] 2019-03-22T07:52:29.817778566Z: [    0.616425] ACPI: INT_SRC_OVR (bus 0 bus_irq 10 global_irq 10 high level)
[STDOUT  ] 2019-03-22T07:52:29.817786757Z: [    0.616426] ACPI: INT_SRC_OVR (bus 0 bus_irq 11 global_irq 11 high level)
[STDOUT  ] 2019-03-22T07:52:29.817797275Z: [    0.616434] Using ACPI (MADT) for SMP configuration information
[STDOUT  ] 2019-03-22T07:52:29.817808429Z: [    0.616436] ACPI: HPET id: 0x8086a201 base: 0xfed00000
[STDOUT  ] 2019-03-22T07:52:29.817816906Z: [    0.616470] smpboot: Allowing 1 CPUs, 0 hotplug CPUs
[STDOUT  ] 2019-03-22T07:52:29.817825535Z: [    0.616630] [mem 0x40000000-0xafffffff] available for PCI devices
[STDOUT  ] 2019-03-22T07:52:29.817838279Z: [    0.616631] Booting paravirtualized kernel on KVM
[STDOUT  ] 2019-03-22T07:52:29.817849874Z: [    0.616634] clocksource: refined-jiffies: mask: 0xffffffff max_cycles: 0xffffffff, max_idle_ns: 1910969940391419 ns
[STDOUT  ] 2019-03-22T07:52:29.817862167Z: [    0.724626] random: get_random_bytes called from start_kernel+0x91/0x517 with crng_init=0
[STDOUT  ] 2019-03-22T07:52:29.817870870Z: [    0.724648] setup_percpu: NR_CPUS:128 nr_cpumask_bits:128 nr_cpu_ids:1 nr_node_ids:1
[STDOUT  ] 2019-03-22T07:52:29.817879820Z: [    0.725490] percpu: Embedded 45 pages/cpu @(____ptrval____) s145112 r8192 d31016 u2097152
[STDOUT  ] 2019-03-22T07:52:29.817889050Z: [    0.725652] KVM setup async PF for cpu 0
[STDOUT  ] 2019-03-22T07:52:29.817898090Z: [    0.725703] kvm-stealtime: cpu 0, msr 3c215e80
[STDOUT  ] 2019-03-22T07:52:29.817906935Z: [    0.725733] Built 1 zonelists, mobility grouping on.  Total pages: 257896
[STDOUT  ] 2019-03-22T07:52:29.817915572Z: [    0.725736] Kernel command line: console=ttyS0 console=ttyAMA0
[STDOUT  ] 2019-03-22T07:52:29.817925097Z: [    0.725886] Dentry cache hash table entries: 131072 (order: 8, 1048576 bytes)
[STDOUT  ] 2019-03-22T07:52:29.817933490Z: [    0.725975] Inode-cache hash table entries: 65536 (order: 7, 524288 bytes)
[STDOUT  ] 2019-03-22T07:52:29.817946949Z: [    0.729919] Memory: 959716K/1048052K available (12300K kernel code, 1573K rwdata, 3056K rodata, 1584K init, 2036K bss, 88336K reserved, 0K cma-reserved)
[STDOUT  ] 2019-03-22T07:52:29.817956846Z: [    0.730768] Kernel/User page tables isolation: enabled
[STDOUT  ] 2019-03-22T07:52:29.817965416Z: [    0.730871] ftrace: allocating 43039 entries in 169 pages
[STDOUT  ] 2019-03-22T07:52:29.817977260Z: [    0.754106] rcu: Hierarchical RCU implementation.
[STDOUT  ] 2019-03-22T07:52:29.817985832Z: [    0.754109] rcu: 	RCU restricting CPUs from NR_CPUS=128 to nr_cpu_ids=1.
[STDOUT  ] 2019-03-22T07:52:29.817994395Z: [    0.754111] rcu: Adjusting geometry for rcu_fanout_leaf=16, nr_cpu_ids=1
[STDOUT  ] 2019-03-22T07:52:29.818002892Z: [    0.757868] NR_IRQS: 8448, nr_irqs: 256, preallocated irqs: 16
[STDOUT  ] 2019-03-22T07:52:29.818011405Z: [    0.784837] Console: colour VGA+ 80x25
[STDOUT  ] 2019-03-22T07:52:29.818019937Z: [    1.233978] console [ttyS0] enabled
[STDOUT  ] 2019-03-22T07:52:29.818028623Z: [    1.237285] ACPI: Core revision 20180810
[STDOUT  ] 2019-03-22T07:52:29.818037153Z: [    1.241883] clocksource: hpet: mask: 0xffffffff max_cycles: 0xffffffff, max_idle_ns: 19112604467 ns
[STDOUT  ] 2019-03-22T07:52:29.818046262Z: [    1.250922] APIC: Switch to symmetric I/O mode setup
[STDOUT  ] 2019-03-22T07:52:29.818054762Z: [    1.258125] x2apic enabled
[STDOUT  ] 2019-03-22T07:52:29.818063413Z: [    1.263089] Switched APIC routing to physical x2apic.
[STDOUT  ] 2019-03-22T07:52:29.818071915Z: [    1.278044] ..TIMER: vector=0x30 apic1=0 pin1=2 apic2=-1 pin2=-1
[STDOUT  ] 2019-03-22T07:52:29.818080521Z: [    1.283732] clocksource: tsc-early: mask: 0xffffffffffffffff max_cycles: 0x212685622b2, max_idle_ns: 440795265736 ns
[STDOUT  ] 2019-03-22T07:52:29.818089251Z: [    1.293397] Calibrating delay loop (skipped) preset value.. 4599.62 BogoMIPS (lpj=2299814)
[STDOUT  ] 2019-03-22T07:52:29.818098053Z: [    1.294374] pid_max: default: 32768 minimum: 301
[STDOUT  ] 2019-03-22T07:52:29.818111453Z: [    1.295491] Security Framework initialized
[STDOUT  ] 2019-03-22T07:52:29.818120824Z: [    1.296374] Yama: becoming mindful.
[STDOUT  ] 2019-03-22T07:52:29.818131600Z: [    1.298433] Mount-cache hash table entries: 2048 (order: 2, 16384 bytes)
[STDOUT  ] 2019-03-22T07:52:29.818143245Z: [    1.299377] Mountpoint-cache hash table entries: 2048 (order: 2, 16384 bytes)
[STDOUT  ] 2019-03-22T07:52:29.818151502Z: [    1.303410] Last level iTLB entries: 4KB 0, 2MB 0, 4MB 0
[STDOUT  ] 2019-03-22T07:52:29.818159924Z: [    1.304372] Last level dTLB entries: 4KB 0, 2MB 0, 4MB 0, 1GB 0
[STDOUT  ] 2019-03-22T07:52:29.818168149Z: [    1.305372] Spectre V2 : Mitigation: Full generic retpoline
[STDOUT  ] 2019-03-22T07:52:29.818176548Z: [    1.306371] Spectre V2 : Spectre v2 / SpectreRSB mitigation: Filling RSB on context switch
[STDOUT  ] 2019-03-22T07:52:29.818184759Z: [    1.307373] Speculative Store Bypass: Vulnerable
[STDOUT  ] 2019-03-22T07:52:29.818195571Z: [    1.319436] Freeing SMP alternatives memory: 20K
[STDOUT  ] 2019-03-22T07:52:29.818206334Z: [    1.322363] smpboot: CPU0: Intel QEMU Virtual CPU version 2.5+ (family: 0x6, model: 0x6, stepping: 0x3)
[STDOUT  ] 2019-03-22T07:52:29.818214660Z: [    1.322557] Performance Events: PMU not available due to virtualization, using software events only.
[STDOUT  ] 2019-03-22T07:52:29.818223176Z: [    1.326602] rcu: Hierarchical SRCU implementation.
[STDOUT  ] 2019-03-22T07:52:29.818231611Z: [    1.327527] NMI watchdog: Perf NMI watchdog permanently disabled
[STDOUT  ] 2019-03-22T07:52:29.818240254Z: [    1.329455] smp: Bringing up secondary CPUs ...
[STDOUT  ] 2019-03-22T07:52:29.818350224Z: [    1.330373] smp: Brought up 1 node, 1 CPU
[STDOUT  ] 2019-03-22T07:52:29.818361263Z: [    1.331371] smpboot: Max logical packages: 1
[STDOUT  ] 2019-03-22T07:52:29.818370807Z: [    1.332373] smpboot: Total of 1 processors activated (4599.62 BogoMIPS)
[STDOUT  ] 2019-03-22T07:52:29.818380081Z: [    1.334651] devtmpfs: initialized
[STDOUT  ] 2019-03-22T07:52:29.818393821Z: [    1.335456] x86/mm: Memory block size: 128MB
[STDOUT  ] 2019-03-22T07:52:29.818402420Z: [    1.336841] clocksource: jiffies: mask: 0xffffffff max_cycles: 0xffffffff, max_idle_ns: 1911260446275000 ns
[STDOUT  ] 2019-03-22T07:52:29.818419820Z: [    1.337382] futex hash table entries: 256 (order: 2, 16384 bytes)
[STDOUT  ] 2019-03-22T07:52:29.818428771Z: [    1.338802] NET: Registered protocol family 16
[STDOUT  ] 2019-03-22T07:52:29.818438106Z: [    1.340535] audit: initializing netlink subsys (disabled)
[STDOUT  ] 2019-03-22T07:52:29.818447136Z: [    1.341458] audit: type=2000 audit(1553241133.153:1): state=initialized audit_enabled=0 res=1
[STDOUT  ] 2019-03-22T07:52:29.818459919Z: [    1.342497] cpuidle: using governor ladder
[STDOUT  ] 2019-03-22T07:52:29.818468443Z: [    1.343374] cpuidle: using governor menu
[STDOUT  ] 2019-03-22T07:52:29.818477119Z: [    1.344520] ACPI: bus type PCI registered
[STDOUT  ] 2019-03-22T07:52:29.818488668Z: [    1.345874] PCI: MMCONFIG for domain 0000 [bus 00-ff] at [mem 0xb0000000-0xbfffffff] (base 0xb0000000)
[STDOUT  ] 2019-03-22T07:52:29.818504004Z: [    1.346378] PCI: MMCONFIG at [mem 0xb0000000-0xbfffffff] reserved in E820
[STDOUT  ] 2019-03-22T07:52:29.818513310Z: [    1.347397] PCI: Using configuration type 1 for base access
[STDOUT  ] 2019-03-22T07:52:29.818526102Z: [    1.350595] HugeTLB registered 2.00 MiB page size, pre-allocated 0 pages
[STDOUT  ] 2019-03-22T07:52:29.818535423Z: [    1.351552] cryptd: max_cpu_qlen set to 1000
[STDOUT  ] 2019-03-22T07:52:29.818543455Z: [    1.352565] ACPI: Added _OSI(Module Device)
[STDOUT  ] 2019-03-22T07:52:29.818563086Z: [    1.353414] ACPI: Added _OSI(Processor Device)
[STDOUT  ] 2019-03-22T07:52:29.818571148Z: [    1.354371] ACPI: Added _OSI(3.0 _SCP Extensions)
[STDOUT  ] 2019-03-22T07:52:29.818579664Z: [    1.355370] ACPI: Added _OSI(Processor Aggregator Device)
[STDOUT  ] 2019-03-22T07:52:29.818588085Z: [    1.356390] ACPI: Added _OSI(Linux-Dell-Video)
[STDOUT  ] 2019-03-22T07:52:29.818601883Z: [    1.357372] ACPI: Added _OSI(Linux-Lenovo-NV-HDMI-Audio)
[STDOUT  ] 2019-03-22T07:52:29.818610290Z: [    1.359719] ACPI: 1 ACPI AML tables successfully acquired and loaded
[STDOUT  ] 2019-03-22T07:52:29.818618688Z: [    1.363595] ACPI: Interpreter enabled
[STDOUT  ] 2019-03-22T07:52:29.818626555Z: [    1.364382] ACPI: (supports S0 S5)
[STDOUT  ] 2019-03-22T07:52:29.818634765Z: [    1.365370] ACPI: Using IOAPIC for interrupt routing
[STDOUT  ] 2019-03-22T07:52:29.818643514Z: [    1.366434] PCI: Using host bridge windows from ACPI; if necessary, use "pci=nocrs" and report a bug
[STDOUT  ] 2019-03-22T07:52:29.818652591Z: [    1.367591] ACPI: Enabled 2 GPEs in block 00 to 3F
[STDOUT  ] 2019-03-22T07:52:29.818664687Z: [    1.373182] ACPI: PCI Root Bridge [PCI0] (domain 0000 [bus 00-ff])
[STDOUT  ] 2019-03-22T07:52:29.818673559Z: [    1.373384] acpi PNP0A08:00: _OSC: OS supports [ExtendedConfig ASPM ClockPM Segments MSI]
[STDOUT  ] 2019-03-22T07:52:29.818681695Z: [    1.374483] acpi PNP0A08:00: _OSC: platform does not support [SHPCHotplug LTR]
[STDOUT  ] 2019-03-22T07:52:29.818690617Z: [    1.375471] acpi PNP0A08:00: _OSC: OS now controls [PCIeHotplug PME PCIeCapability]
[STDOUT  ] 2019-03-22T07:52:29.818699144Z: [    1.377454] PCI host bridge to bus 0000:00
[STDOUT  ] 2019-03-22T07:52:29.818708048Z: [    1.378376] pci_bus 0000:00: root bus resource [io  0x0000-0x0cf7 window]
[STDOUT  ] 2019-03-22T07:52:29.818717048Z: [    1.379375] pci_bus 0000:00: root bus resource [io  0x0d00-0xffff window]
[STDOUT  ] 2019-03-22T07:52:29.818726801Z: [    1.380374] pci_bus 0000:00: root bus resource [mem 0x000a0000-0x000bffff window]
[STDOUT  ] 2019-03-22T07:52:29.818736326Z: [    1.381373] pci_bus 0000:00: root bus resource [mem 0xc0000000-0xfebfffff window]
[STDOUT  ] 2019-03-22T07:52:29.818745998Z: [    1.382375] pci_bus 0000:00: root bus resource [bus 00-ff]
[STDOUT  ] 2019-03-22T07:52:29.818755576Z: [    1.456546] pci 0000:00:1f.0: quirk: [io  0x0600-0x067f] claimed by ICH6 ACPI/GPIO/TCO
[STDOUT  ] 2019-03-22T07:52:29.818764852Z: [    1.486267] ACPI: PCI Interrupt Link [LNKA] (IRQs 5 *10 11)
[STDOUT  ] 2019-03-22T07:52:29.818777194Z: [    1.486726] ACPI: PCI Interrupt Link [LNKB] (IRQs 5 *10 11)
[STDOUT  ] 2019-03-22T07:52:29.818786346Z: [    1.487695] ACPI: PCI Interrupt Link [LNKC] (IRQs 5 10 *11)
[STDOUT  ] 2019-03-22T07:52:29.818794794Z: [    1.489388] ACPI: PCI Interrupt Link [LNKD] (IRQs 5 10 *11)
[STDOUT  ] 2019-03-22T07:52:29.818803044Z: [    1.490716] ACPI: PCI Interrupt Link [LNKE] (IRQs 5 *10 11)
[STDOUT  ] 2019-03-22T07:52:29.818860009Z: [    1.492587] ACPI: PCI Interrupt Link [LNKF] (IRQs 5 *10 11)
[STDOUT  ] 2019-03-22T07:52:29.818868690Z: [    1.493675] ACPI: PCI Interrupt Link [LNKG] (IRQs 5 10 *11)
[STDOUT  ] 2019-03-22T07:52:29.818877822Z: [    1.494678] ACPI: PCI Interrupt Link [LNKH] (IRQs 5 10 *11)
[STDOUT  ] 2019-03-22T07:52:29.818886882Z: [    1.495531] ACPI: PCI Interrupt Link [GSIA] (IRQs *16)
[STDERR  ] 2019-03-22T07:52:29.818822909Z: + echo [    0.000000] Linux version 4.19.27-linuxkit (root@82332b297024) (gcc version 8.2.0 (Alpine 8.2.0)) #1 SMP Sun Mar 10 18:51:44 UTC 2019
[STDERR  ] 2019-03-22T07:52:29.818937524Z: [    0.000000] Command line: console=ttyS0 console=ttyAMA0
[STDERR  ] 2019-03-22T07:52:29.818951766Z: [    0.000000] x86/fpu: x87 FPU will use FXSAVE
[STDERR  ] 2019-03-22T07:52:29.818966264Z: [    0.000000] BIOS-provided physical RAM map:
[STDERR  ] 2019-03-22T07:52:29.818979450Z: [    0.000000] BIOS-e820: [mem 0x0000000000000000-0x000000000009fbff] usable
[STDERR  ] 2019-03-22T07:52:29.818994040Z: [    0.000000] BIOS-e820: [mem 0x000000000009fc00-0x000000000009ffff] reserved
