[INFO    ] 2019-03-17T19:58:49.252085810Z: Running Test linuxkit.packages.wireguard in /tmp/build/test/cases/040_packages/023_wireguard
[STDERR  ] 2019-03-17T19:58:49.252171571Z: [    3.015751] hv_vmbus: registering driver hyperv_keyboard
[STDERR  ] 2019-03-17T19:58:49.252196658Z: [    3.020591] mousedev: PS/2 mouse device common for all mice
[STDERR  ] 2019-03-17T19:58:49.252210118Z: [    3.026872] input: AT Translated Set 2 keyboard as /devices/platform/i8042/serio0/input/input1
[STDERR  ] 2019-03-17T19:58:49.252223065Z: [    3.034602] input: PC Speaker as /devices/platform/pcspkr/input/input2
[INFO    ] 2019-03-17T19:58:49.252227976Z: Running command: [/bin/sh -x /tmp/build/test/cases/040_packages/023_wireguard/test.sh]
[STDERR  ] 2019-03-17T19:58:49.252236227Z: [    3.041431] rtc_cmos 00:00: RTC can wake from S4
[STDERR  ] 2019-03-17T19:58:49.252250517Z: [    3.047999] rtc_cmos 00:00: registered as rtc0
[STDERR  ] 2019-03-17T19:58:49.252262815Z: [    3.051996] rtc_cmos 00:00: alarms up to one day, y3k, 114 bytes nvram, hpet irqs
[STDERR  ] 2019-03-17T19:58:49.252283023Z: [    3.058613] i2c /dev entries driver
[STDERR  ] 2019-03-17T19:58:49.252307281Z: [    3.062120] device-mapper: ioctl: 4.39.0-ioctl (2018-04-03) initialised: dm-devel@redhat.com
[STDERR  ] 2019-03-17T19:58:49.252320768Z: [    3.070217] usbcore: registered new interface driver usbhid
[STDERR  ] 2019-03-17T19:58:49.252332603Z: [    3.075221] usbhid: USB HID core driver
[STDERR  ] 2019-03-17T19:58:49.252344632Z: [    3.078713] hv_utils: Registering HyperV Utility Driver
[STDERR  ] 2019-03-17T19:58:49.252368819Z: [    3.083377] hv_vmbus: registering driver hv_util
[STDERR  ] 2019-03-17T19:58:49.252381676Z: [    3.087507] hv_vmbus: registering driver hv_balloon
[STDERR  ] 2019-03-17T19:58:49.252394268Z: [    3.091911] oprofile: using NMI interrupt.
[STDERR  ] 2019-03-17T19:58:49.252407844Z: [    3.095631] GACT probability on
[STDERR  ] 2019-03-17T19:58:49.252420834Z: [    3.098564] Mirror/redirect action on
[STDERR  ] 2019-03-17T19:58:49.252433836Z: [    3.101850] Simple TC action Loaded
[STDERR  ] 2019-03-17T19:58:49.252446373Z: [    3.105025] u32 classifier
[STDERR  ] 2019-03-17T19:58:49.252459134Z: [    3.107556]     Performance counters on
[STDERR  ] 2019-03-17T19:58:49.252471914Z: [    3.111018]     input device check on
[STDERR  ] 2019-03-17T19:58:49.252484785Z: [    3.114311]     Actions configured
[STDERR  ] 2019-03-17T19:58:49.252497267Z: [    3.117694] xt_time: kernel timezone is -0000
[STDERR  ] 2019-03-17T19:58:49.252513026Z: [    3.121667] IPVS: Registered protocols (TCP, UDP, SCTP, AH, ESP)
[STDERR  ] 2019-03-17T19:58:49.252525613Z: [    3.127052] IPVS: Connection hash table configured (size=4096, memory=64Kbytes)
[STDERR  ] 2019-03-17T19:58:49.252538463Z: [    3.133620] IPVS: ipvs loaded.
[STDERR  ] 2019-03-17T19:58:49.252551146Z: [    3.136519] IPVS: [rr] scheduler registered.
[STDERR  ] 2019-03-17T19:58:49.252563459Z: [    3.140300] IPVS: [wrr] scheduler registered.
[STDERR  ] 2019-03-17T19:58:49.252575823Z: [    3.144229] IPVS: [lc] scheduler registered.
[STDERR  ] 2019-03-17T19:58:49.252587957Z: [    3.148047] IPVS: [wlc] scheduler registered.
[STDERR  ] 2019-03-17T19:58:49.252600189Z: [    3.151956] IPVS: [fo] scheduler registered.
[STDERR  ] 2019-03-17T19:58:49.252615170Z: [    3.155776] IPVS: [ovf] scheduler registered.
[STDERR  ] 2019-03-17T19:58:49.252627212Z: [    3.159650] IPVS: [lblc] scheduler registered.
[STDERR  ] 2019-03-17T19:58:49.252639479Z: [    3.163620] IPVS: [lblcr] scheduler registered.
[STDERR  ] 2019-03-17T19:58:49.252651689Z: [    3.167684] IPVS: [dh] scheduler registered.
[STDERR  ] 2019-03-17T19:58:49.252663847Z: [    3.171805] IPVS: [sh] scheduler registered.
[STDERR  ] 2019-03-17T19:58:49.252675530Z: [    3.175598] IPVS: [mh] scheduler registered.
[STDERR  ] 2019-03-17T19:58:49.252699020Z: [    3.179770] IPVS: [sed] scheduler registered.
[STDERR  ] 2019-03-17T19:58:49.252713833Z: [    3.183652] IPVS: [nq] scheduler registered.
[STDERR  ] 2019-03-17T19:58:49.252726270Z: [    3.187717] IPVS: ftp: loaded support on port[0] = 21
[STDERR  ] 2019-03-17T19:58:49.252747011Z: [    3.192370] ipip: IPv4 and MPLS over IPv4 tunneling driver
[STDERR  ] 2019-03-17T19:58:49.252758962Z: [    3.197619] gre: GRE over IPv4 demultiplexor driver
[STDERR  ] 2019-03-17T19:58:49.252779646Z: [    3.202235] ipt_CLUSTERIP: ClusterIP Version 0.8 loaded successfully
[STDERR  ] 2019-03-17T19:58:49.252793801Z: [    3.2081
[STDERR  ] 2019-03-17T19:58:49.268456125Z: + set -e
[STDERR  ] 2019-03-17T19:58:49.268535302Z: + . /tmp/build/test/cases/_lib/lib.sh
[STDERR  ] 2019-03-17T19:58:49.268555736Z: + [ -f src/github.com/linuxkit/rtf/lib/lib.sh ]
[STDERR  ] 2019-03-17T19:58:49.268855016Z: + LINUXKIT_TMPDIR=/tmp/build/test/cases/_tmp
[STDERR  ] 2019-03-17T19:58:49.268886055Z: + [ -f /tmp/build/test/cases/_tmp/env.sh ]
[STDERR  ] 2019-03-17T19:58:49.268902738Z: + . /tmp/build/test/cases/_tmp/env.sh
[STDERR  ] 2019-03-17T19:58:49.268916024Z: + export LINUXKIT_EXAMPLES_DIR=/tmp/build/test/cases/../../examples
[STDERR  ] 2019-03-17T19:58:49.268935140Z: + RT_CANCEL=253
[STDERR  ] 2019-03-17T19:58:49.268949474Z: + NAME=wireguard
[STDERR  ] 2019-03-17T19:58:49.268962670Z: + trap clean_up EXIT
[STDERR  ] 2019-03-17T19:58:49.268977727Z: + linuxkit build -format kernel+initrd -name wireguard test.yml
[STDERR  ] 2019-03-17T19:58:49.303694107Z: Extract kernel image: linuxkit/kernel:4.19.28
[STDERR  ] 2019-03-17T19:58:51.195325649Z: Add init containers:
[STDERR  ] 2019-03-17T19:58:51.195390222Z: Process init image: linuxkit/init:005807f5c6a74e23f485a6d1657818bdccb70cd0
[STDERR  ] 2019-03-17T19:58:52.390698590Z: Process init image: linuxkit/runc:606971451ea29b4238029804ca638f9f85caf5af
[STDERR  ] 2019-03-17T19:58:53.562807085Z: Process init image: linuxkit/containerd:6e6841be5ad15c30752d81d121b247fa3ae08c97
[STDERR  ] 2019-03-17T19:58:54.779457616Z: Process init image: linuxkit/ca-certificates:906c46a26fd2df271bf64c0259bf2267f7593213
[STDERR  ] 2019-03-17T19:58:55.904328363Z: Add onboot containers:
[STDERR  ] 2019-03-17T19:58:55.904408494Z:   Create OCI config for linuxkit/dhcpcd:85738d3d2f152a7879e17a61444f7714b858c2ee
[STDERR  ] 2019-03-17T19:58:57.063031370Z:   Create OCI config for linuxkit/ip:4787413a729748bcf7560c73e0b46d38b8a8df2b
[STDERR  ] 2019-03-17T19:58:58.285539729Z: time="2019-03-17T19:58:58Z" level=warning msg="Error getting targets/rolf: valid signatures did not meet threshold for targets/rolf"
[STDERR  ] 2019-03-17T19:59:00.795549677Z:   Create OCI config for linuxkit/ip:4787413a729748bcf7560c73e0b46d38b8a8df2b
[STDERR  ] 2019-03-17T19:59:01.917932728Z: time="2019-03-17T19:59:01Z" level=warning msg="Error getting targets/rolf: valid signatures did not meet threshold for targets/rolf"
[STDERR  ] 2019-03-17T19:59:02.280270874Z: Add onshutdown containers:
[STDERR  ] 2019-03-17T19:59:02.280355261Z:   Create OCI config for alpine:3.9
[STDERR  ] 2019-03-17T19:59:03.436883324Z: Add service containers:
[STDERR  ] 2019-03-17T19:59:03.437028757Z:   Create OCI config for nginx:1.13.7
[STDERR  ] 2019-03-17T19:59:04.514366028Z: Pull image: docker.io/library/nginx:1.13.7@sha256:edc8182581fdaa985a39b3021836aa09a69f9b966d1a0ff2f338be6f2fbfe238
[STDERR  ] 2019-03-17T19:59:09.629311370Z:   Create OCI config for alpine:3.9
[STDERR  ] 2019-03-17T19:59:10.814246577Z: Add files:
[STDERR  ] 2019-03-17T19:59:10.814313548Z:   etc/wireguard/wg0.conf
[STDERR  ] 2019-03-17T19:59:10.814342227Z:   etc/wireguard/wg1.conf
[STDERR  ] 2019-03-17T19:59:10.814361718Z:   check.sh
[STDERR  ] 2019-03-17T19:59:10.852400341Z: Create outputs:
[STDERR  ] 2019-03-17T19:59:27.221287743Z:   wireguard-kernel wireguard-initrd.img wireguard-cmdline
[STDERR  ] 2019-03-17T19:59:27.374254358Z: + linuxkit run wireguard
[STDERR  ] 2019-03-17T19:59:42.404794529Z: + RESULT=[    0.000000] Linux version 4.19.28-linuxkit (root@9341f087bbd6) (gcc version 8.2.0 (Alpine 8.2.0)) #1 SMP Sun Mar 10 20:02:02 UTC 2019
[STDERR  ] 2019-03-17T19:59:42.404879101Z: [    0.000000] Command line: console=ttyS0 console=ttyAMA0
[STDERR  ] 2019-03-17T19:59:42.404895549Z: [    0.000000] x86/fpu: x87 FPU will use FXSAVE
[STDERR  ] 2019-03-17T19:59:42.404910207Z: [    0.000000] BIOS-provided physical RAM map:
[STDERR  ] 2019-03-17T19:59:42.404937368Z: [    0.000000] BIOS-e820: [mem 0x0000000000000000-0x000000000009fbff] usable
[STDERR  ] 2019-03-17T19:59:42.404951574Z: [    0.000000] BIOS-e820: [mem 0x000000000009fc00-0x000000000009ffff] reserved
[STDERR  ] 2019-03-17T19:59:42.404975387Z: [    0.000000] BIOS-e820: [mem 0x00000000000f0000-0x00000000000fffff] reserved
[STDERR  ] 2019-03-17T19:59:42.404988234Z: [    0.000000] BIOS-e820: [mem 0x0000000000100000-0x000000003ffdefff] usable
[STDERR  ] 2019-03-17T19:59:42.405001697Z: [    0.000000] BIOS-e820: [mem 0x000000003ffdf000-0x000000003fffffff] reserved
[STDERR  ] 2019-03-17T19:59:42.405014477Z: [    0.000000] BIOS-e820: [mem 0x00000000b0000000-0x00000000bfffffff] reserved
[STDERR  ] 2019-03-17T19:59:42.405027213Z: [    0.000000] BIOS-e820: [mem 0x00000000fed1c000-0x00000000fed1ffff] reserved
[STDERR  ] 2019-03-17T19:59:42.405039670Z: [    0.000000] BIOS-e820: [mem 0x00000000feffc000-0x00000000feffffff] reserved
[STDERR  ] 2019-03-17T19:59:42.405051676Z: [    0.000000] BIOS-e820: [mem 0x00000000fffc0000-0x00000000ffffffff] reserved
[STDERR  ] 2019-03-17T19:59:42.405063991Z: [    0.000000] NX (Execute Disable) protection: active
[STDERR  ] 2019-03-17T19:59:42.405251133Z: [    0.000000] SMBIOS 2.8 present.
[STDERR  ] 2019-03-17T19:59:42.405284406Z: [    0.000000] DMI: QEMU Standard PC (Q35 + ICH9, 2009), BIOS 1.10.2-1 04/01/2014
[STDERR  ] 2019-03-17T19:59:42.405311421Z: [    0.000000] Hypervisor detected: KVM
[STDERR  ] 2019-03-17T19:59:42.405325373Z: [    0.000000] kvm-clock: Using msrs 4b564d01 and 4b564d00
[STDERR  ] 2019-03-17T19:59:42.405343326Z: [    0.584548] kvm-clock: cpu 0, msr 2b81a001, primary cpu clock
[STDERR  ] 2019-03-17T19:59:42.405355963Z: [    0.584548] clocksource: kvm-clock: mask: 0xffffffffffffffff max_cycles: 0x1cd42e4dffb, max_idle_ns: 881590591483 ns
[STDERR  ] 2019-03-17T19:59:42.405369897Z: [    0.584560] tsc: Detected 2299.798 MHz processor
[STDERR  ] 2019-03-17T19:59:42.405382245Z: [    0.587990] last_pfn = 0x3ffdf max_arch_pfn = 0x400000000
[STDERR  ] 2019-03-17T19:59:42.405394471Z: [    0.588619] x86/PAT: PAT not supported by CPU.
[STDERR  ] 2019-03-17T19:59:42.405409508Z: [    0.588677] x86/PAT: Configuration [0-7]: WB  WT  UC- UC  WB  WT  UC- UC  
[STDERR  ] 2019-03-17T19:59:42.405436264Z: [    0.600831] found SMP MP-table at [mem 0x000f6a90-0x000f6a9f] mapped at [(____ptrval____)]
[STDERR  ] 2019-03-17T19:59:42.405449142Z: [    0.601157] RAMDISK: [mem 0x398e5000-0x3ffcffff]
[STDERR  ] 2019-03-17T19:59:42.405461676Z: [    0.601379] ACPI: Early table checksum verification disabled
[STDERR  ] 2019-03-17T19:59:42.405474272Z: [    0.601571] ACPI: RSDP 0x00000000000F68D0 000014 (v00 BOCHS )
[STDERR  ] 2019-03-17T19:59:42.405486604Z: [    0.601583] ACPI: RSDT 0x000000003FFE2404 000034 (v01 BOCHS  BXPCRSDT 00000001 BXPC 00000001)
[STDERR  ] 2019-03-17T19:59:42.405499186Z: [    0.601603] ACPI: FACP 0x000000003FFE22A4 000074 (v01 BOCHS  BXPCFACP 00000001 BXPC 00000001)
[STDERR  ] 2019-03-17T19:59:42.405511795Z: [    0.601610] ACPI: DSDT 0x000000003FFE0040 002264 (v01 BOCHS  BXPCDSDT 00000001 BXPC 00000001)
[STDERR  ] 2019-03-17T19:59:42.405528756Z: [    0.601614] ACPI: FACS 0x000000003FFE0000 000040
[STDERR  ] 2019-03-17T19:59:42.405540902Z: [    0.601618] ACPI: APIC 0x000000003FFE2318 000078 (v01 BOCHS  BXPCAPIC 00000001 BXPC 00000001)
[STDERR  ] 2019-03-17T19:59:42.405553026Z: [    0.601622] ACPI: HPET 0x000000003FFE2390 000038 (v01 BOCHS  BXPCHPET 00000001 BXPC 00000001)
[STDERR  ] 2019-03-17T19:59:42.405565049Z: [    0.601626] ACPI: MCFG 0x000000003FFE23C8 00003C (v01 BOCHS  BXPCMCFG 00000001 BXPC 00000001)
[STDERR  ] 2019-03-17T19:59:42.405578889Z: [    0.602507] Zone ranges:
[STDERR  ] 2019-03-17T19:59:42.405597345Z: [    0.602509]   DMA      [mem 0x0000000000001000-0x0000000000ffffff]
[STDERR  ] 2019-03-17T19:59:42.405609146Z: [    0.602511]   DMA32    [mem 0x0000000001000000-0x000000003ffdefff]
[STDERR  ] 2019-03-17T19:59:42.405621014Z: [    0.602550]   Normal   empty
[STDERR  ] 2019-03-17T19:59:42.405632874Z: [    0.602551]   Device   empty
[STDERR  ] 2019-03-17T19:59:42.405651732Z: [    0.602553] Movable zone start for each node
[STDERR  ] 2019-03-17T19:59:42.405664459Z: [    0.602553] Early memory node ranges
[STDERR  ] 2019-03-17T19:59:42.405682697Z: [    0.602555]   node   0: [mem 0x0000000000001000-0x000000000009efff]
[STDERR  ] 2019-03-17T19:59:42.405694904Z: [    0.602556]   node   0: [mem 0x0000000000100000-0x000000003ffdefff]
[STDERR  ] 2019-03-17T19:59:42.405706066Z: [    0.603228] Reserved but unavailable: 98 pages
[STDERR  ] 2019-03-17T19:59:42.405718346Z: [    0.603231] Initmem setup node 0 [mem 0x0000000000001000-0x000000003ffdefff]
[STDERR  ] 2019-03-17T19:59:42.405730901Z: [    0.615572] ACPI: PM-Timer IO Port: 0x608
[STDERR  ] 2019-03-17T19:59:42.405743607Z: [    0.615620] ACPI: LAPIC_NMI (acpi_id[0xff] dfl dfl lint[0x1])
[STDERR  ] 2019-03-17T19:59:42.405757184Z: [    0.615860] IOAPIC[0]: apic_id 0, version 17, address 0xfec00000, GSI 0-23
[STDERR  ] 2019-03-17T19:59:42.405770774Z: [    0.615864] ACPI: INT_SRC_OVR (bus 0 bus_irq 0 global_irq 2 dfl dfl)
[STDERR  ] 2019-03-17T19:59:42.405783808Z: [    0.615867] ACPI: INT_SRC_OVR (bus 0 bus_irq 5 global_irq 5 high level)
[STDERR  ] 2019-03-17T19:59:42.405796636Z: [    0.615868] ACPI: INT_SRC_OVR (bus 0 bus_irq 9 global_irq 9 high level)
[STDERR  ] 2019-03-17T19:59:42.405812539Z: [    0.615874] ACPI: INT_SRC_OVR (bus 0 bus_irq 10 global_irq 10 high level)
[STDERR  ] 2019-03-17T19:59:42.405824528Z: [    0.615876] ACPI: INT_SRC_OVR (bus 0 bus_irq 11 global_irq 11 high level)
[STDERR  ] 2019-03-17T19:59:42.405838971Z: [    0.615883] Using ACPI (MADT) for SMP configuration information
[STDERR  ] 2019-03-17T19:59:42.405851648Z: [    0.615885] ACPI: HPET id: 0x8086a201 base: 0xfed00000
[STDERR  ] 2019-03-17T19:59:42.405865365Z: [    0.615921] smpboot: Allowing 1 CPUs, 0 hotplug CPUs
[STDERR  ] 2019-03-17T19:59:42.405879039Z: [    0.616034] [mem 0x40000000-0xafffffff] available for PCI devices
[STDERR  ] 2019-03-17T19:59:42.405892253Z: [    0.616035] Booting paravirtualized kernel on KVM
[STDERR  ] 2019-03-17T19:59:42.405904631Z: [    0.616038] clocksource: refined-jiffies: mask: 0xffffffff max_cycles: 0xffffffff, max_idle_ns: 1910969940391419 ns
[STDERR  ] 2019-03-17T19:59:42.405917965Z: [    0.728305] random: get_random_bytes called from start_kernel+0x91/0x517 with crng_init=0
[STDERR  ] 2019-03-17T19:59:42.405933931Z: [    0.728330] setup_percpu: NR_CPUS:128 nr_cpumask_bits:128 nr_cpu_ids:1 nr_node_ids:1
[STDERR  ] 2019-03-17T19:59:42.405947771Z: [    0.729201] percpu: Embedded 45 pages/cpu @(____ptrval____) s145112 r8192 d31016 u2097152
[STDERR  ] 2019-03-17T19:59:42.405960380Z: [    0.729312] KVM setup async PF for cpu 0
[STDERR  ] 2019-03-17T19:59:42.405973181Z: [    0.729363] kvm-stealtime: cpu 0, msr 38415e80
[STDERR  ] 2019-03-17T19:59:42.405985556Z: [    0.729394] Built 1 zonelists, mobility grouping on.  Total pages: 257896
[STDERR  ] 2019-03-17T19:59:42.405998050Z: [    0.729397] Kernel command line: console=ttyS0 console=ttyAMA0
[STDERR  ] 2019-03-17T19:59:42.406014114Z: [    0.729575] Dentry cache hash table entries: 131072 (order: 8, 1048576 bytes)
[STDERR  ] 2019-03-17T19:59:42.406026545Z: [    0.729667] Inode-cache hash table entries: 65536 (order: 7, 524288 bytes)
[STDERR  ] 2019-03-17T19:59:42.406039523Z: [    0.733734] Memory: 896604K/1048052K available (12300K kernel code, 1573K rwdata, 3056K rodata, 1584K init, 2036K bss, 151448K reserved, 0K cma-reserved)
[STDERR  ] 2019-03-17T19:59:42.406054271Z: [    0.734431] Kernel/User page tables isolation: enabled
[STDERR  ] 2019-03-17T19:59:42.406066881Z: [    0.734570] ftrace: allocating 43042 entries in 169 pages
[STDERR  ] 2019-03-17T19:59:42.406079475Z: [    0.757333] rcu: Hierarchical RCU implementation.
[STDERR  ] 2019-03-17T19:59:42.406092400Z: [    0.757337] rcu: 	RCU restricting CPUs from NR_CPUS=128 to nr_cpu_ids=1.
[STDERR  ] 2019-03-17T19:59:42.406105344Z: [    0.757338] rcu: Adjusting geometry for rcu_fanout_leaf=16, nr_cpu_ids=1
[STDERR  ] 2019-03-17T19:59:42.406123850Z: [    0.760391] NR_IRQS: 8448, nr_irqs: 256, preallocated irqs: 16
[STDERR  ] 2019-03-17T19:59:42.406141070Z: [    0.788131] Console: colour VGA+ 80x25
[STDERR  ] 2019-03-17T19:59:42.406153902Z: [    1.232291] console [ttyS0] enabled
[STDERR  ] 2019-03-17T19:59:42.406169714Z: [    1.235711] ACPI: Core revision 20180810
[STDERR  ] 2019-03-17T19:59:42.406197952Z: [    1.240134] clocksource: hpet: mask: 0xffffffff max_cycles: 0xffffffff, max_idle_ns: 19112604467 ns
[STDERR  ] 2019-03-17T19:59:42.406211192Z: [    1.249235] APIC: Switch to symmetric I/O mode setup
[STDERR  ] 2019-03-17T19:59:42.406223650Z: [    1.256331] x2apic enabled
[STDERR  ] 2019-03-17T19:59:42.406236879Z: [    1.261255] Switched APIC routing to physical x2apic.
[STDERR  ] 2019-03-17T19:59:42.406249231Z: [    1.276243] ..TIMER: vector=0x30 apic1=0 pin1=2 apic2=-1 pin2=-1
[STDERR  ] 2019-03-17T19:59:42.406273162Z: [    1.281919] clocksource: tsc-early: mask: 0xffffffffffffffff max_cycles: 0x2126765bdb5, max_idle_ns: 440795204572 ns
[STDERR  ] 2019-03-17T19:59:42.406290413Z: [    1.291480] Calibrating delay loop (skipped) preset value.. 4599.59 BogoMIPS (lpj=2299798)
[STDERR  ] 2019-03-17T19:59:42.406302857Z: [    1.292460] pid_max: default: 32768 minimum: 301
[STDERR  ] 2019-03-17T19:59:42.406315506Z: [    1.293642] Security Framework initialized
[STDERR  ] 2019-03-17T19:59:42.406327980Z: [    1.294459] Yama: becoming mindful.
[STDERR  ] 2019-03-17T19:59:42.406340406Z: [    1.295501] Mount-cache hash table entries: 2048 (order: 2, 16384 bytes)
[STDERR  ] 2019-03-17T19:59:42.406356040Z: [    1.296464] Mountpoint-cache hash table entries: 2048 (order: 2, 16384 bytes)
[STDERR  ] 2019-03-17T19:59:42.406373165Z: [    1.300497] Last level iTLB entries: 4KB 0, 2MB 0, 4MB 0
[STDERR  ] 2019-03-17T19:59:42.406385321Z: [    1.301460] Last level dTLB entries: 4KB 0, 2MB 0, 4MB 0, 1GB 0
[STDERR  ] 2019-03-17T19:59:42.406397734Z: [    1.302461] Spectre V2 : Mitigation: Full generic retpoline
[STDERR  ] 2019-03-17T19:59:42.406410713Z: [    1.303459] Spectre V2 : Spectre v2 / SpectreRSB mitigation: Filling RSB on context switch
[STDERR  ] 2019-03-17T19:59:42.406423769Z: [    1.304458] Speculative Store Bypass: Vulnerable
[STDERR  ] 2019-03-17T19:59:42.406436091Z: [    1.316172] Freeing SMP alternatives memory: 20K
[STDERR  ] 2019-03-17T19:59:42.406448583Z: [    1.318453] smpboot: CPU0: Intel QEMU Virtual CPU version 2.5+ (family: 0x6, model: 0x6, stepping: 0x3)
[STDERR  ] 2019-03-17T19:59:42.406461287Z: [    1.318638] Performance Events: PMU not available due to virtualization, using software events only.
[STDERR  ] 2019-03-17T19:59:42.406477409Z: [    1.320830] rcu: Hierarchical SRCU implementation.
[STDERR  ] 2019-03-17T19:59:42.406490041Z: [    1.321579] NMI watchdog: Perf NMI watchdog permanently disabled
[STDERR  ] 2019-03-17T19:59:42.406504912Z: [    1.323534] smp: Bringing up secondary CPUs ...
[STDERR  ] 2019-03-17T19:59:42.406516951Z: [    1.324459] smp: Brought up 1 node, 1 CPU
[STDERR  ] 2019-03-17T19:59:42.406529305Z: [    1.325459] smpboot: Max logical packages: 1
[STDERR  ] 2019-03-17T19:59:42.406541449Z: [    1.326459] smpboot: Total of 1 processors activated (4599.59 BogoMIPS)
[STDERR  ] 2019-03-17T19:59:42.406553729Z: [    1.328680] devtmpfs: initialized
[STDERR  ] 2019-03-17T19:59:42.406565846Z: [    1.329538] x86/mm: Memory block size: 128MB
[STDERR  ] 2019-03-17T19:59:42.406577989Z: [    1.331873] clocksource: jiffies: mask: 0xffffffff max_cycles: 0xffffffff, max_idle_ns: 1911260446275000 ns
[STDERR  ] 2019-03-17T19:59:42.406590375Z: [    1.332467] futex hash table entries: 256 (order: 2, 16384 bytes)
[STDERR  ] 2019-03-17T19:59:42.406605856Z: [    1.334679] NET: Registered protocol family 16
[STDERR  ] 2019-03-17T19:59:42.406618017Z: [    1.335626] audit: initializing netlink subsys (disabled)
[STDERR  ] 2019-03-17T19:59:42.406630013Z: [    1.336531] audit: type=2000 audit(1552852768.357:1): state=initialized audit_enabled=0 res=1
[STDERR  ] 2019-03-17T19:59:42.406643428Z: [    1.337564] cpuidle: using governor ladder
[STDERR  ] 2019-03-17T19:59:42.406655261Z: [    1.338460] cpuidle: using governor menu
[STDERR  ] 2019-03-17T19:59:42.406671458Z: [    1.340526] ACPI: bus type PCI registered
[STDERR  ] 2019-03-17T19:59:42.406687362Z: [    1.341971] PCI: MMCONFIG for domain 0000 [bus 00-ff] at [mem 0xb0000000-0xbfffffff] (base 0xb0000000)
[STDERR  ] 2019-03-17T19:59:42.406703947Z: [    1.342464] PCI: MMCONFIG at [mem 0xb0000000-0xbfffffff] reserved in E820
[STDERR  ] 2019-03-17T19:59:42.406719078Z: [    1.343476] PCI: Using configuration type 1 for base access
[STDERR  ] 2019-03-17T19:59:42.406731204Z: [    1.347559] HugeTLB registered 2.00 MiB page size, pre-allocated 0 pages
[STDERR  ] 2019-03-17T19:59:42.406762497Z: [    1.348630] cryptd: max_cpu_qlen set to 1000
[STDERR  ] 2019-03-17T19:59:42.406774510Z: [    1.349629] ACPI: Added _OSI(Module Device)
[STDERR  ] 2019-03-17T19:59:42.406786476Z: [    1.350459] ACPI: Added _OSI(Processor Device)
[STDERR  ] 2019-03-17T19:59:42.406798381Z: [    1.351458] ACPI: Added _OSI(3.0 _SCP Extensions)
[STDERR  ] 2019-03-17T19:59:42.406810366Z: [    1.352458] ACPI: Added _OSI(Processor Aggregator Device)
[STDERR  ] 2019-03-17T19:59:42.406822502Z: [    1.353473] ACPI: Added _OSI(Linux-Dell-Video)
[STDERR  ] 2019-03-17T19:59:42.406834405Z: [    1.354460] ACPI: Added _OSI(Linux-Lenovo-NV-HDMI-Audio)
[STDERR  ] 2019-03-17T19:59:42.406845773Z: [    1.357713] ACPI: 1 ACPI AML tables successfully acquired and loaded
[STDERR  ] 2019-03-17T19:59:42.406860233Z: [    1.360627] ACPI: Interpreter enabled
[STDERR  ] 2019-03-17T19:59:42.406872008Z: [    1.361467] ACPI: (supports S0 S5)
[STDERR  ] 2019-03-17T19:59:42.406884211Z: [    1.362458] ACPI: Using IOAPIC for interrupt routing
[STDERR  ] 2019-03-17T19:59:42.406895733Z: [    1.363521] PCI: Using host bridge windows from ACPI; if necessary, use "pci=nocrs" and report a bug
[STDERR  ] 2019-03-17T19:59:42.406907650Z: [    1.364667] ACPI: Enabled 2 GPEs in block 00 to 3F
[STDERR  ] 2019-03-17T19:59:42.406919174Z: [    1.370318] ACPI: PCI Root Bridge [PCI0] (domain 0000 [bus 00-ff])
[STDERR  ] 2019-03-17T19:59:42.406930313Z: [    1.370468] acpi PNP0A08:00: _OSC: OS supports [ExtendedConfig ASPM ClockPM Segments MSI]
[STDERR  ] 2019-03-17T19:59:42.406941686Z: [    1.371589] acpi PNP0A08:00: _OSC: platform does not support [SHPCHotplug LTR]
[STDERR  ] 2019-03-17T19:59:42.406960183Z: [    1.372581] acpi PNP0A08:00: _OSC: OS now controls [PCIeHotplug PME PCIeCapability]
[STDERR  ] 2019-03-17T19:59:42.406972436Z: [    1.373555] PCI host bridge to bus 0000:00
[STDERR  ] 2019-03-17T19:59:42.406983781Z: [    1.374463] pci_bus 0000:00: root bus resource [io  0x0000-0x0cf7 window]
[STDERR  ] 2019-03-17T19:59:42.406995156Z: [    1.375462] pci_bus 0000:00: root bus resource [io  0x0d00-0xffff window]
[STDERR  ] 2019-03-17T19:59:42.407006615Z: [    1.376462] pci_bus 0000:00: root bus resource [mem 0x000a0000-0x000bffff window]
[STDERR  ] 2019-03-17T19:59:42.407018751Z: [    1.377463] pci_bus 0000:00: root bus resource [mem 0xc0000000-0xfebfffff window]
[STDERR  ] 2019-03-17T19:59:42.407031103Z: [    1.378463] pci_bus 0000:00: root bus resource [bus 00-ff]
[STDERR  ] 2019-03-17T19:59:42.407043443Z: [    1.450257] pci 0000:00:1f.0: quirk: [io  0x0600-0x067f] claimed by ICH6 ACPI/GPIO/TCO
[STDERR  ] 2019-03-17T19:59:42.407055375Z: [    1.477477] ACPI: PCI Interrupt Link [LNKA] (IRQs 5 *10 11)
[STDERR  ] 2019-03-17T19:59:42.407067897Z: [    1.478765] ACPI: PCI Interrupt Link [LNKB] (IRQs 5 *10 11)
[STDERR  ] 2019-03-17T19:59:42.407080307Z: [    1.479776] ACPI: PCI Interrupt Link [LNKC] (IRQs 5 10 *11)
[STDERR  ] 2019-03-17T19:59:42.407092743Z: [    1.480755] ACPI: PCI Interrupt Link [LNKD] (IRQs 5 10 *11)
[STDERR  ] 2019-03-17T19:59:42.407107869Z: [    1.481751] ACPI: PCI Interrupt Link [LNKE] (IRQs 5 *10 11)
[STDERR  ] 2019-03-17T19:59:42.407120050Z: [    1.483554] ACPI: PCI Interrupt Link [LNKF] (IRQs 5 *10 11)
[STDERR  ] 2019-03-17T19:59:42.407132789Z: [    1.484764] ACPI: PCI Interrupt Link [LNKG] (IRQs 5 10 *11)
[STDERR  ] 2019-03-17T19:59:42.407149977Z: [    1.486588] ACPI: PCI Interrupt Link [LNKH] (IRQs 5 10 *11)
[STDERR  ] 2019-03-17T19:59:42.407286817Z: [    1.487613] ACPI: PCI Interrupt Link [GSIA] (IRQs *16)
[STDERR  ] 2019-03-17T19:59:42.407299822Z: [    1.488478] ACPI: PCI Interrupt Link [GSIB] (IRQs *17)
[STDERR  ] 2019-03-17T19:59:42.407316833Z: [    1.489478] ACPI: PCI Interrupt Link [GSIC] (IRQs *18)
[STDERR  ] 2019-03-17T19:59:42.407329519Z: [    1.490476] ACPI: PCI Interrupt Link [GSID] (IRQs *19)
[STDERR  ] 2019-03-17T19:59:42.407355829Z: [    1.491476] ACPI: PCI Interrupt Link [GSIE] (IRQs *20)
[STDERR  ] 2019-03-17T19:59:42.407368427Z: [    1.492477] ACPI: PCI Interrupt Link [GSIF] (IRQs *21)
[STDERR  ] 2019-03-17T19:59:42.407381105Z: [    1.493477] ACPI: PCI Interrupt Link [GSIG] (IRQs *22)
[STDERR  ] 2019-03-17T19:59:42.407393757Z: [    1.494476] ACPI: PCI Interrupt Link [GSIH] (IRQs *23)
[STDERR  ] 2019-03-17T19:59:42.407426127Z: [    1.496103] SCSI subsystem initialized
[STDERR  ] 2019-03-17T19:59:42.407438598Z: [    1.496576] ACPI: bus type USB registered
[STDERR  ] 2019-03-17T19:59:42.407451353Z: [    1.497494] usbcore: registered new interface driver usbfs
[STDERR  ] 2019-03-17T19:59:42.407464416Z: [    1.498482] usbcore: registered new interface driver hub
[STDERR  ] 2019-03-17T19:59:42.407481260Z: [    1.499491] usbcore: registered new device driver usb
[STDERR  ] 2019-03-17T19:59:42.407495994Z: [    1.500482] pps_core: LinuxPPS API ver. 1 registered
[STDERR  ] 2019-03-17T19:59:42.407508597Z: [    1.501457] pps_core: Software ver. 5.3.6 - Copyright 2005-2007 Rodolfo Giometti <giometti@linux.it>
[STDERR  ] 2019-03-17T19:59:42.407524276Z: [    1.502471] PTP clock support registered
[STDERR  ] 2019-03-17T19:59:42.407536598Z: [    1.503545] PCI: Using ACPI for IRQ routing
[STDERR  ] 2019-03-17T19:59:42.407549116Z: [    1.972218] NetLabel: Initializing
[STDERR  ] 2019-03-17T19:59:42.407561542Z: [    1.972458] NetLabel:  domain hash size = 128
[STDERR  ] 2019-03-17T19:59:42.407577196Z: [    1.973457] NetLabel:  protocols = UNLABELED CIPSOv4 CALIPSO
[STDERR  ] 2019-03-17T19:59:42.407589347Z: [    1.974501] NetLabel:  unlabeled traffic allowed by default
[STDERR  ] 2019-03-17T19:59:42.407601027Z: [    1.975638] HPET: 3 timers in total, 0 timers will be used for per-cpu timer
[STDERR  ] 2019-03-17T19:59:42.407616921Z: [    1.976569] hpet0: at MMIO 0xfed00000, IRQs 2, 8, 0
[STDERR  ] 2019-03-17T19:59:42.407629284Z: [    1.977459] hpet0: 3 comparators, 64-bit 100.000000 MHz counter
[STDERR  ] 2019-03-17T19:59:42.407680070Z: [    1.982497] clocksource: Switched to clocksource kvm-clock
[STDERR  ] 2019-03-17T19:59:42.407719815Z: [    2.011772] VFS: Disk quotas dquot_6.6.0
[STDERR  ] 2019-03-17T19:59:42.407758159Z: [    2.015621] VFS: Dquot-cache hash table entries: 512 (order 0, 4096 bytes)
[STDERR  ] 2019-03-17T19:59:42.407800494Z: [    2.022060] FS-Cache: Loaded
[STDERR  ] 2019-03-17T19:59:42.407841729Z: [    2.024922] CacheFiles: Loaded
[STDERR  ] 2019-03-17T19:59:42.407882656Z: [    2.027855] pnp: PnP ACPI init
[STDERR  ] 2019-03-17T19:59:42.407921046Z: [    2.031928] pnp: PnP ACPI: found 5 devices
[STDERR  ] 2019-03-17T19:59:42.407959965Z: [    2.042546] clocksource: acpi_pm: mask: 0xffffff max_cycles: 0xffffff, max_idle_ns: 2085701024 ns
[STDERR  ] 2019-03-17T19:59:42.407997984Z: [    2.050798] NET: Registered protocol family 2
[STDERR  ] 2019-03-17T19:59:42.408045830Z: [    2.055818] tcp_listen_portaddr_hash hash table entries: 512 (order: 1, 8192 bytes)
[STDERR  ] 2019-03-17T19:59:42.408090423Z: [    2.063069] TCP established hash table entries: 8192 (order: 4, 65536 bytes)
[STDERR  ] 2019-03-17T19:59:42.408135040Z: [    2.069616] TCP bind hash table entries: 8192 (order: 5, 131072 bytes)
[STDERR  ] 2019-03-17T19:59:42.408184316Z: [    2.075638] TCP: Hash tables configured (established 8192 bind 8192)
[STDERR  ] 2019-03-17T19:59:42.408224840Z: [    2.081639] UDP hash table entries: 512 (order: 2, 16384 bytes)
[STDERR  ] 2019-03-17T19:59:42.408275479Z: [    2.087085] UDP-Lite hash table entries: 512 (order: 2, 16384 bytes)
[STDERR  ] 2019-03-17T19:59:42.408314333Z: [    2.093040] NET: Registered protocol family 1
[STDERR  ] 2019-03-17T19:59:42.408361092Z: [    2.097138] NET: Registered protocol family 44
[STDERR  ] 2019-03-17T19:59:42.408398447Z: [    2.101621] pci 0000:00:01.0: Video device with shadowed ROM at [mem 0x000c0000-0x000dffff]
[STDERR  ] 2019-03-17T19:59:42.408445614Z: [    2.109862] Trying to unpack rootfs image as initramfs...
[STDERR  ] 2019-03-17T19:59:42.408485784Z: [    4.041133] Freeing initrd memory: 105388K
[STDERR  ] 2019-03-17T19:59:42.408525614Z: [    4.045163] clocksource: tsc: mask: 0xffffffffffffffff max_cycles: 0x2126765bdb5, max_idle_ns: 440795204572 ns
[STDERR  ] 2019-03-17T19:59:42.408564636Z: [    4.055643] PCLMULQDQ-NI instructions are not detected.
[STDERR  ] 2019-03-17T19:59:42.408605833Z: [    4.060413] AVX or AES-NI instructions are not detected.
[STDERR  ] 2019-03-17T19:59:42.408643163Z: [    4.065179] CPU feature 'AVX registers' is not supported.
[STDERR  ] 2019-03-17T19:59:42.408682913Z: [    4.069997] CPU feature 'AVX registers' is not supported.
[STDERR  ] 2019-03-17T19:59:42.408724458Z: [    4.074815] CPU feature 'AVX registers' is not supported.
[STDERR  ] 2019-03-17T19:59:42.408762583Z: [    4.079626] CPU feature 'AVX registers' is not supported.
[STDERR  ] 2019-03-17T19:59:42.408800015Z: [    4.084445] AVX2 or AES-NI instructions are not detected.
[STDERR  ] 2019-03-17T19:59:42.408839727Z: [    4.089259] AVX2 instructions are not detected.
[STDERR  ] 2019-03-17T19:59:42.408874533Z: [    4.093985] workingset: timestamp_bits=46 max_order=18 bucket_order=0
[STDERR  ] 2019-03-17T19:59:42.408910916Z: [    4.100151] squashfs: version 4.0 (2009/01/31) Phillip Lougher
[STDERR  ] 2019-03-17T19:59:42.408923974Z: [    4.105441] FS-Cache: Netfs 'cifs' registered for caching
[STDERR  ] 2019-03-17T19:59:42.408936385Z: [    4.110407] fuse init (API version 7.27)
[STDERR  ] 2019-03-17T19:59:42.408948790Z: [    4.114052] SGI XFS with ACLs, security attributes, no debug enabled
[STDERR  ] 2019-03-17T19:59:42.409027954Z: [    4.119902] 9p: Installing v9fs 9p2000 file system support
[STDERR  ] 2019-03-17T19:59:42.409050437Z: [    4.124856] FS-Cache: Netfs '9p' registered for caching
[STDERR  ] 2019-03-17T19:59:42.409062745Z: [    4.129564] pstore: using deflate compression
[STDERR  ] 2019-03-17T19:59:42.409097149Z: [    4.134832] NET: Registered protocol family 38
[STDERR  ] 2019-03-17T19:59:42.409113431Z: [    4.138864] Key type asymmetric registered
[STDERR  ] 2019-03-17T19:59:42.409126108Z: [    4.142655] Asymmetric key parser 'x509' registered
[STDERR  ] 2019-03-17T19:59:42.409138848Z: [    4.147047] Block layer SCSI generic (bsg) driver version 0.4 loaded (major 247)
[STDERR  ] 2019-03-17T19:59:42.409158744Z: [    4.153695] io scheduler noop registered
[STDERR  ] 2019-03-17T19:59:42.409206549Z: [    4.157227] io scheduler deadline registered (default)
[STDERR  ] 2019-03-17T19:59:42.409225444Z: [    4.161876] io scheduler cfq registered
[STDERR  ] 2019-03-17T19:59:42.409241045Z: [    4.165326] io scheduler mq-deadline registered (default)
[STDERR  ] 2019-03-17T19:59:42.409253513Z: [    4.170242] io scheduler kyber registered
[STDERR  ] 2019-03-17T19:59:42.409274751Z: [    4.173744] shpchp: Standard Hot Plug PCI Controller Driver version: 0.4
[STDERR  ] 2019-03-17T19:59:42.409287851Z: [    4.179231] hv_vmbus: registering driver hyperv_fb
[STDERR  ] 2019-03-17T19:59:42.409300373Z: [    4.183307] input: Power Button as /devices/LNXSYSTM:00/LNXPWRBN:00/input/input0
[STDERR  ] 2019-03-17T19:59:42.409313108Z: [    4.189345] ACPI: Power Button [PWRF]
[STDERR  ] 2019-03-17T19:59:42.409327986Z: [    4.193099] PCI Interrupt Link [GSIG] enabled at IRQ 22
[STDERR  ] 2019-03-17T19:59:42.409340511Z: [    4.203119] PCI Interrupt Link [GSIH] enabled at IRQ 23
[STDERR  ] 2019-03-17T19:59:42.409353102Z: [    4.213061] Serial: 8250/16550 driver, 4 ports, IRQ sharing disabled
[STDERR  ] 2019-03-17T19:59:42.409374011Z: [    4.256690] 00:04: ttyS0 at I/O 0x3f8 (irq = 4, base_baud = 115200) is a 16550A
[STDERR  ] 2019-03-17T19:59:42.409389392Z: [    4.264131] Non-volatile memory driver v1.3
[STDERR  ] 2019-03-17T19:59:42.409401868Z: [    4.269584] Hangcheck: starting hangcheck timer 0.9.1 (tick is 180 seconds, margin is 60 seconds).
[STDERR  ] 2019-03-17T19:59:42.409423529Z: [    4.277749] random: fast init done
[STDERR  ] 2019-03-17T19:59:42.409442674Z: [    4.281742] random: crng init done
[STDERR  ] 2019-03-17T19:59:42.409460957Z: [    4.286092] brd: module loaded
[STDERR  ] 2019-03-17T19:59:42.409473751Z: [    4.292609] loop: module loaded
[STDERR  ] 2019-03-17T19:59:42.409485943Z: [    4.299371] lpc_ich 0000:00:1f.0: I/O space for GPIO uninitialized
[STDERR  ] 2019-03-17T19:59:42.409540651Z: [    4.304366] VMware PVSCSI driver - version 1.0.7.0-k
[STDERR  ] 2019-03-17T19:59:42.409559907Z: [    4.308826] hv_vmbus: registering driver hv_storvsc
[STDERR  ] 2019-03-17T19:59:42.409616999Z: [    4.313910] PCI Interrupt Link [GSIA] enabled at IRQ 16
[STDERR  ] 2019-03-17T19:59:42.409630116Z: [    4.322049] ahci 0000:00:1f.2: AHCI 0001.0000 32 slots 6 ports 1.5 Gbps 0x3f impl SATA mode
[STDERR  ] 2019-03-17T19:59:42.409643420Z: [    4.329493] ahci 0000:00:1f.2: flags: 64bit ncq only 
[STDERR  ] 2019-03-17T19:59:42.409655035Z: [    4.337885] scsi host0: ahci
[STDERR  ] 2019-03-17T19:59:42.409667837Z: [    4.340541] scsi host1: ahci
[STDERR  ] 2019-03-17T19:59:42.409679776Z: [    4.343219] scsi host2: ahci
[STDERR  ] 2019-03-17T19:59:42.409691573Z: [    4.345757] scsi host3: ahci
[STDERR  ] 2019-03-17T19:59:42.409703695Z: [    4.348322] scsi host4: ahci
[STDERR  ] 2019-03-17T19:59:42.409716505Z: [    4.350821] scsi host5: ahci
[STDERR  ] 2019-03-17T19:59:42.409728726Z: [    4.353277] ata1: SATA max UDMA/133 abar m4096@0xfebd2000 port 0xfebd2100 irq 24
[STDERR  ] 2019-03-17T19:59:42.409741082Z: [    4.359269] ata2: SATA max UDMA/133 abar m4096@0xfebd2000 port 0xfebd2180 irq 24
[STDERR  ] 2019-03-17T19:59:42.409753508Z: [    4.365150] ata3: SATA max UDMA/133 abar m4096@0xfebd2000 port 0xfebd2200 irq 24
[STDERR  ] 2019-03-17T19:59:42.409765739Z: [    4.371077] ata4: SATA max UDMA/133 abar m4096@0xfebd2000 port 0xfebd2280 irq 24
[STDERR  ] 2019-03-17T19:59:42.409778354Z: [    4.376983] ata5: SATA max UDMA/133 abar m4096@0xfebd2000 port 0xfebd2300 irq 24
[STDERR  ] 2019-03-17T19:59:42.409790589Z: [    4.382952] ata6: SATA max UDMA/133 abar m4096@0xfebd2000 port 0xfebd2380 irq 24
[STDERR  ] 2019-03-17T19:59:42.409804923Z: [    4.391029] tun: Universal TUN/TAP device driver, 1.6
[STDERR  ] 2019-03-17T19:59:42.409817598Z: [    4.400035] VMware vmxnet3 virtual NIC driver - version 1.4.16.0-k-NAPI
[STDERR  ] 2019-03-17T19:59:42.409829896Z: [    4.405362] hv_vmbus: registering driver hv_netvsc
[STDERR  ] 2019-03-17T19:59:42.409842232Z: [    4.409372] Fusion MPT base driver 3.04.20
[STDERR  ] 2019-03-17T19:59:42.409854411Z: [    4.412789] Copyright (c) 1999-2008 LSI Corporation
[STDERR  ] 2019-03-17T19:59:42.409866287Z: [    4.416831] Fusion MPT SPI Host driver 3.04.20
[STDERR  ] 2019-03-17T19:59:42.409878256Z: [    4.420602] i8042: PNP: PS/2 Controller [PNP0303:KBD,PNP0f13:MOU] at 0x60,0x64 irq 1,12
[STDERR  ] 2019-03-17T19:59:42.409890701Z: [    4.430775] serio: i8042 KBD port at 0x60,0x64 irq 1
[STDERR  ] 2019-03-17T19:59:42.409906260Z: [    4.434982] serio: i8042 AUX port at 0x60,0x64 irq 12
[STDERR  ] 2019-03-17T19:59:42.409936075Z: [    4.439273] hv_vmbus: registering driver hyperv_keyboard
[STDERR  ] 2019-03-17T19:59:42.409948015Z: [    4.443797] mousedev: PS/2 mouse device common for all mice
[STDERR  ] 2019-03-17T19:59:42.409960214Z: [    4.449706] input: AT Translated Set 2 keyboard as /devices/platform/i8042/serio0/input/input1
[STDERR  ] 2019-03-17T19:59:42.409981720Z: [    4.456791] input: PC Speaker as /devices/platform/pcspkr/input/input2
[STDERR  ] 2019-03-17T19:59:42.410001029Z: [    4.463215] rtc_cmos 00:00: RTC can wake from S4
[STDERR  ] 2019-03-17T19:59:42.410014801Z: [    4.469528] rtc_cmos 00:00: registered as rtc0
[STDERR  ] 2019-03-17T19:59:42.410037017Z: [    4.473398] rtc_cmos 00:00: alarms up to one day, y3k, 114 bytes nvram, hpet irqs
[STDERR  ] 2019-03-17T19:59:42.410049887Z: [    4.479540] i2c /dev entries driver
[STDERR  ] 2019-03-17T19:59:42.410067798Z: [    4.482587] device-mapper: ioctl: 4.39.0-ioctl (2018-04-03) initialised: dm-devel@redhat.com
[STDERR  ] 2019-03-17T19:59:42.410080681Z: [    4.490260] usbcore: registered new interface driver usbhid
[STDERR  ] 2019-03-17T19:59:42.410099312Z: [    4.494873] usbhid: USB HID core driver
[STDERR  ] 2019-03-17T19:59:42.410112009Z: [    4.498140] hv_utils: Registering HyperV Utility Driver
[STDERR  ] 2019-03-17T19:59:42.410127228Z: [    4.502504] hv_vmbus: registering driver hv_util
[STDERR  ] 2019-03-17T19:59:42.410141113Z: [    4.506305] hv_vmbus: registering driver hv_balloon
[STDERR  ] 2019-03-17T19:59:42.410153123Z: [    4.510257] oprofile: using NMI interrupt.
[STDERR  ] 2019-03-17T19:59:42.410165585Z: [    4.513680] GACT probability on
[STDERR  ] 2019-03-17T19:59:42.410202225Z: [    4.516280] Mirror/redirect action on
[STDERR  ] 2019-03-17T19:59:42.410219199Z: [    4.519346] Simple TC action Loaded
[STDERR  ] 2019-03-17T19:59:42.410308550Z: [    4.522343] u32 classifier
[STDERR  ] 2019-03-17T19:59:42.410321415Z: [    4.524680]     Performance counters on
[STDERR  ] 2019-03-17T19:59:42.410333656Z: [    4.527901]     input device check on
[STDERR  ] 2019-03-17T19:59:42.410346285Z: [    4.531053]     Actions configured
[STDERR  ] 2019-03-17T19:59:42.410358874Z: [    4.534246] xt_time: kernel timezone is -0000
[STDERR  ] 2019-03-17T19:59:42.410371234Z: [    4.537911] IPVS: Registered protocols (TCP, UDP, SCTP, AH, ESP)
[STDERR  ] 2019-03-17T19:59:42.410388974Z: [    4.542848] IPVS: Connection hash table configured (size=4096, memory=64Kbytes)
[STDERR  ] 2019-03-17T19:59:42.410406169Z: [    4.548842] IPVS: ipvs loaded.
[STDERR  ] 2019-03-17T19:59:42.410418898Z: [    4.551451] IPVS: [rr] scheduler registered.
[STDERR  ] 2019-03-17T19:59:42.410440993Z: [    4.555141] IPVS: [wrr] scheduler registered.
[STDERR  ] 2019-03-17T19:59:42.410472929Z: [    4.558917] IPVS: [lc] scheduler registered.
[STDERR  ] 2019-03-17T19:59:42.410518742Z: [    4.562595] IPVS: [wlc] scheduler registered.
[STDERR  ] 2019-03-17T19:59:42.410531929Z: [    4.566327] IPVS: [fo] scheduler registered.
[STDERR  ] 2019-03-17T19:59:42.410544262Z: [    4.570064] IPVS: [ovf] scheduler registered.
[STDERR  ] 2019-03-17T19:59:42.410556312Z: [    4.573824] IPVS: [lblc] scheduler registered.
[STDERR  ] 2019-03-17T19:59:42.410572335Z: [    4.577673] IPVS: [lblcr] scheduler registered.
[STDERR  ] 2019-03-17T19:59:42.410584780Z: [    4.581415] IPVS: [dh] scheduler registered.
[STDERR  ] 2019-03-17T19:59:42.410596887Z: [    4.584866] IPVS: [sh] scheduler registered.
[STDERR  ] 2019-03-17T19:59:42.410609074Z: [    4.588398] IPVS: [mh] scheduler registered.
[STDERR  ] 2019-03-17T19:59:42.410621078Z: [    4.591942] IPVS: [sed] scheduler registered.
[STDERR  ] 2019-03-17T19:59:42.410632851Z: [    4.595897] IPVS: [nq] scheduler registered.
[STDERR  ] 2019-03-17T19:59:42.410644922Z: [    4.599450] IPVS: ftp: loaded support on port[0] = 21
[STDERR  ] 2019-03-17T19:59:42.410657499Z: [    4.604072] ipip: IPv4 and MPLS over IPv4 tunneling driver
[STDERR  ] 2019-03-17T19:59:42.410669782Z: [    4.609157] gre: GRE over IPv4 demultiplexor driver
[STDERR  ] 2019-03-17T19:59:42.410682121Z: [    4.613283] ipt_CLUSTERIP: ClusterIP Version 0.8 loaded successfully
[STDERR  ] 2019-03-17T19:59:42.410706384Z: [    4.618790] NET: Registered protocol family 10
[STDERR  ] 2019-03-17T19:59:42.410718846Z: [    4.622856] Segment Routing with IPv6
[STDERR  ] 2019-03-17T19:59:42.410730641Z: [    4.626576] NET: Registered protocol family 17
[STDERR  ] 2019-03-17T19:59:42.410742614Z: [    4.630234] Bridge firewalling registered
[STDERR  ] 2019-03-17T19:59:42.410757088Z: [    4.633882] 8021q: 802.1Q VLAN Support v1.8
[STDERR  ] 2019-03-17T19:59:42.410773312Z: [    4.637409] 9pnet: Installing 9P2000 support
[STDERR  ] 2019-03-17T19:59:42.410785714Z: [    4.641365] Key type dns_resolver registered
[STDERR  ] 2019-03-17T19:59:42.410797749Z: [    4.645219] registered taskstats version 1
[STDERR  ] 2019-03-17T19:59:42.410809110Z: [    4.657320] Key type big_key registered
[STDERR  ] 2019-03-17T19:59:42.410848983Z: [    4.664688] Key type trusted registered
[STDERR  ] 2019-03-17T19:59:42.410861634Z: [    4.671981] Key type encrypted registered
[STDERR  ] 2019-03-17T19:59:42.410884212Z: [    4.676106] ima: No TPM chip found, activating TPM-bypass!
[STDERR  ] 2019-03-17T19:59:42.410896656Z: [    4.681347] ima: Allocated hash algorithm: sha256
[STDERR  ] 2019-03-17T19:59:42.410915586Z: [    4.685754] evm: Initialising EVM extended attributes:
[STDERR  ] 2019-03-17T19:59:42.410931567Z: [    4.690420] evm: security.ima
[STDERR  ] 2019-03-17T19:59:42.410948214Z: [    4.693149] evm: security.capability
[STDERR  ] 2019-03-17T19:59:42.410960612Z: [    4.696404] evm: HMAC attrs: 0x1
[STDERR  ] 2019-03-17T19:59:42.410985231Z: [    4.700083] ata3: SATA link up 1.5 Gbps (SStatus 113 SControl 300)
[STDERR  ] 2019-03-17T19:59:42.410997490Z: [    4.706582] ata2: SATA link down (SStatus 0 SControl 300)
[STDERR  ] 2019-03-17T19:59:42.411010224Z: [    4.712206] ata1: SATA link down (SStatus 0 SControl 300)
[STDERR  ] 2019-03-17T19:59:42.411022743Z: [    4.717865] ata6: SATA link down (SStatus 0 SControl 300)
[STDERR  ] 2019-03-17T19:59:42.411035318Z: [    4.723519] ata5: SATA link down (SStatus 0 SControl 300)
[STDERR  ] 2019-03-17T19:59:42.411057036Z: [    4.729261] ata4: SATA link down (SStatus 0 SControl 300)
[STDERR  ] 2019-03-17T19:59:42.411069352Z: [    4.734327] ata3.00: ATAPI: QEMU DVD-ROM, 2.5+, max UDMA/100
[STDERR  ] 2019-03-17T19:59:42.411081584Z: [    4.739407] ata3.00: applying bridge limits
[STDERR  ] 2019-03-17T19:59:42.411093990Z: [    4.744052] ata3.00: configured for UDMA/100
[STDERR  ] 2019-03-17T19:59:42.411105922Z: [    4.748779] rtc_cmos 00:00: setting system clock to 2019-03-17 19:59:32 UTC (1552852772)
[STDERR  ] 2019-03-17T19:59:42.411118763Z: [    4.756900] scsi 2:0:0:0: CD-ROM            QEMU     QEMU DVD-ROM     2.5+ PQ: 0 ANSI: 5
[STDERR  ] 2019-03-17T19:59:42.411131574Z: [    4.764233] Unstable clock detected, switching default tracing clock to "global"
[STDERR  ] 2019-03-17T19:59:42.411150490Z: [    4.764233] If you want to keep using the local clock, then add:
[STDERR  ] 2019-03-17T19:59:42.411162758Z: [    4.764233]   "trace_clock=local"
[STDERR  ] 2019-03-17T19:59:42.411182417Z: [    4.764233] on the kernel command line
[STDERR  ] 2019-03-17T19:59:42.411195411Z: [    4.797345] sr 2:0:0:0: [sr0] scsi3-mmc drive: 4x/4x cd/rw xa/form2 tray
[STDERR  ] 2019-03-17T19:59:42.411207988Z: [    4.803539] cdrom: Uniform CD-ROM driver Revision: 3.20
[STDERR  ] 2019-03-17T19:59:42.411219842Z: [    4.808853] sr 2:0:0:0: Attached scsi generic sg0 type 5
[STDERR  ] 2019-03-17T19:59:42.411231390Z: [    4.816661] Freeing unused kernel image memory: 1584K
[STDERR  ] 2019-03-17T19:59:42.411250732Z: [    4.822550] Write protecting the kernel read-only data: 18432k
[STDERR  ] 2019-03-17T19:59:42.411272986Z: [    4.830098] Freeing unused kernel image memory: 2028K
[STDERR  ] 2019-03-17T19:59:42.411288475Z: [    4.834935] Freeing unused kernel image memory: 1040K
[STDERR  ] 2019-03-17T19:59:42.411300571Z: [    4.839541] Run /init as init process
[STDERR  ] 2019-03-17T19:59:42.411312891Z: 
[STDERR  ] 2019-03-17T19:59:42.411326162Z: Welcome to LinuxKit
[STDERR  ] 2019-03-17T19:59:42.411342606Z: 
[STDERR  ] 2019-03-17T19:59:42.411355087Z:                         ##         .
[STDERR  ] 2019-03-17T19:59:42.411368142Z:                   ## ## ##        ==
[STDERR  ] 2019-03-17T19:59:42.411389065Z:                ## ## ## ## ##    ===
[STDERR  ] 2019-03-17T19:59:42.411401217Z:            /"""""""""""""""""\___/ ===
[STDERR  ] 2019-03-17T19:59:42.411415940Z:           {                       /  ===-
[STDERR  ] 2019-03-17T19:59:42.411428348Z:            \______ O           __/
[STDERR  ] 2019-03-17T19:59:42.411440724Z:              \    \         __/
[STDERR  ] 2019-03-17T19:59:42.411452805Z:               \____\_______/
[STDERR  ] 2019-03-17T19:59:42.411465170Z: 
[STDERR  ] 2019-03-17T19:59:42.411477410Z: [    6.099257] 8021q: adding VLAN 0 to HW filter on device eth0
[STDERR  ] 2019-03-17T19:59:42.411490080Z: eth0: waiting for carrier
[STDERR  ] 2019-03-17T19:59:42.411513760Z: eth0: carrier acquired
[STDERR  ] 2019-03-17T19:59:42.411526855Z: DUID 00:04:c9:34:a3:c8:02:90:4e:f5:9e:f2:3d:ff:49:ab:09:72
[STDERR  ] 2019-03-17T19:59:42.411543904Z: eth0: IAID 5f:6c:4a:ce
[STDERR  ] 2019-03-17T19:59:42.411556296Z: eth0: adding address fe80::a7c9:e4ee:530c:2e67
[STDERR  ] 2019-03-17T19:59:42.411579122Z: eth0: soliciting an IPv6 router
[STDERR  ] 2019-03-17T19:59:42.411591617Z: eth0: soliciting a DHCP lease
[STDERR  ] 2019-03-17T19:59:42.411607370Z: eth0: offered 10.0.2.15 from 10.0.2.2
[STDERR  ] 2019-03-17T19:59:42.411619617Z: eth0: leased 10.0.2.15 for 86400 seconds
[STDERR  ] 2019-03-17T19:59:42.411634471Z: eth0: adding route to 10.0.2.0/24
[STDERR  ] 2019-03-17T19:59:42.411652629Z: eth0: adding default route via 10.0.2.2
[STDERR  ] 2019-03-17T19:59:42.411665207Z: exiting due to oneshot
[STDERR  ] 2019-03-17T19:59:42.411677703Z: dhcpcd exited
[STDERR  ] 2019-03-17T19:59:42.411695751Z: [    6.193037] IPVS: ftp: loaded support on port[0] = 21
[STDERR  ] 2019-03-17T19:59:42.411708860Z: [    6.235356] wireguard: loading out-of-tree module taints kernel.
[STDERR  ] 2019-03-17T19:59:42.411730920Z: [    6.243059] wireguard: WireGuard 0.0.20190227 loaded. See www.wireguard.com for information.
[STDERR  ] 2019-03-17T19:59:42.411749575Z: [    6.250683] wireguard: Copyright (C) 2015-2019 Jason A. Donenfeld <Jason@zx2c4.com>. All Rights Reserved.
[STDERR  ] 2019-03-17T19:59:42.411767907Z: Created interface wg0 type wireguard
[STDERR  ] 2019-03-17T19:59:42.411793026Z: Moved interface wg0 to pid 314
[STDERR  ] 2019-03-17T19:59:42.411813689Z: [#] wg setconf wg0 /dev/fd/63
[STDERR  ] 2019-03-17T19:59:42.411826392Z: [#] ip address add 192.168.2.1/24 dev wg0
[STDERR  ] 2019-03-17T19:59:42.411838775Z: [#] ip link set mtu 65456 dev wg0
[STDERR  ] 2019-03-17T19:59:42.411856009Z: [#] ip link set wg0 up
[STDERR  ] 2019-03-17T19:59:42.411872961Z: [#] ip route add 0.0.0.0/0 dev wg0
[STDERR  ] 2019-03-17T19:59:42.411885678Z: [    6.368890] IPVS: ftp: loaded support on port[0] = 21
[STDERR  ] 2019-03-17T19:59:42.411898290Z: Created interface wg1 type wireguard
[STDERR  ] 2019-03-17T19:59:42.411928787Z: Moved interface wg1 to pid 374
[STDERR  ] 2019-03-17T19:59:42.411941408Z: [#] wg setconf wg1 /dev/fd/63
[STDERR  ] 2019-03-17T19:59:42.411953853Z: [#] ip address add 192.168.2.2/24 dev wg1
[STDERR  ] 2019-03-17T19:59:42.411966281Z: [#] ip link set mtu 65456 dev wg1
[STDERR  ] 2019-03-17T19:59:42.411988963Z: [#] ip link set wg1 up
[STDERR  ] 2019-03-17T19:59:42.412001499Z: [#] ip route add 0.0.0.0/0 dev wg1
[STDERR  ] 2019-03-17T19:59:42.412014755Z: [34mINFO[0m[2019-03-17T19:59:33.570794809Z] starting containerd                           [34mrevision[0m=e6b3f5632f50dbc4e9cb6288d911bf4f5e95b18e [34mversion[0m=v1.2.4
[STDERR  ] 2019-03-17T19:59:42.412029836Z: [34mINFO[0m[2019-03-17T19:59:33.580231892Z] loading plugin "io.containerd.content.v1.content"...  [34mtype[0m=io.containerd.content.v1
[STDERR  ] 2019-03-17T19:59:42.412042921Z: [34mINFO[0m[2019-03-17T19:59:33.587722318Z] loading plugin "io.containerd.snapshotter.v1.btrfs"...  [34mtype[0m=io.containerd.snapshotter.v1
[STDERR  ] 2019-03-17T19:59:42.412058950Z: [33mWARN[0m[2019-03-17T19:59:33.595659492Z] failed to load plugin io.containerd.snapshotter.v1.btrfs  [33merror[0m="path /var/lib/containerd/io.containerd.snapshotter.v1.btrfs must be a btrfs filesystem to be used with the btrfs snapshotter"
[STDERR  ] 2019-03-17T19:59:42.412075941Z: [34mINFO[0m[2019-03-17T19:59:33.608252360Z] loading plugin "io.containerd.snapshotter.v1.aufs"...  [34mtype[0m=io.containerd.snapshotter.v1
[STDERR  ] 2019-03-17T19:59:42.412095926Z: [33mWARN[0m[2019-03-17T19:59:33.618101170Z] failed to load plugin io.containerd.snapshotter.v1.aufs  [33merror[0m="modprobe aufs failed: "modprobe: module aufs not found in modules.dep\n": exit status 1"
[STDERR  ] 2019-03-17T19:59:42.412109610Z: [34mINFO[0m[2019-03-17T19:59:33.629005728Z] loading plugin "io.containerd.snapshotter.v1.native"...  [34mtype[0m=io.containerd.snapshotter.v1
[STDERR  ] 2019-03-17T19:59:42.412136456Z: [34mINFO[0m[2019-03-17T19:59:33.636929258Z] loading plugin "io.containerd.snapshotter.v1.overlayfs"...  [34mtype[0m=io.containerd.snapshotter.v1
[STDERR  ] 2019-03-17T19:59:42.412162202Z: [34mINFO[0m[2019-03-17T19:59:33.645183790Z] loading plugin "io.containerd.snapshotter.v1.zfs"...  [34mtype[0m=io.containerd.snapshotter.v1
[STDERR  ] 2019-03-17T19:59:42.412183812Z: [33mWARN[0m[2019-03-17T19:59:33.653126474Z] failed to load plugin io.containerd.snapshotter.v1.zfs  [33merror[0m="path /var/lib/containerd/io.containerd.snapshotter.v1.zfs must be a zfs filesystem to be used with the zfs snapshotter"
[STDERR  ] 2019-03-17T19:59:42.412199566Z: [34mINFO[0m[2019-03-17T19:59:33.665272869Z] loading plugin "io.containerd.metadata.v1.bolt"...  [34mtype[0m=io.containerd.metadata.v1
[STDERR  ] 2019-03-17T19:59:42.412212034Z: [33mWARN[0m[2019-03-17T19:59:33.672831016Z] could not use snapshotter btrfs in metadata plugin  [33merror[0m="path /var/lib/containerd/io.containerd.snapshotter.v1.btrfs must be a btrfs filesystem to be used with the btrfs snapshotter"
[STDERR  ] 2019-03-17T19:59:42.412225313Z: [33mWARN[0m[2019-03-17T19:59:33.685165215Z] could not use snapshotter aufs in metadata plugin  [33merror[0m="modprobe aufs failed: "modprobe: module aufs not found in modules.dep\n": exit status 1"
[STDERR  ] 2019-03-17T19:59:42.412248617Z: [33mWARN[0m[2019-03-17T19:59:33.695717237Z] could not use snapshotter zfs in metadata plugin  [33merror[0m="path /var/lib/containerd/io.containerd.snapshotter.v1.zfs must be a zfs filesystem to be used with the zfs snapshotter"
[STDERR  ] 2019-03-17T19:59:42.412271951Z: [34mINFO[0m[2019-03-17T19:59:33.708177803Z] loading plugin "io.containerd.differ.v1.walking"...  [34mtype[0m=io.containerd.differ.v1
[STDERR  ] 2019-03-17T19:59:42.412284901Z: [34mINFO[0m[2019-03-17T19:59:33.715801944Z] loading plugin "io.containerd.gc.v1.scheduler"...  [34mtype[0m=io.containerd.gc.v1
[STDERR  ] 2019-03-17T19:59:42.412297682Z: [34mINFO[0m[2019-03-17T19:59:33.722966816Z] loading plugin "io.containerd.service.v1.containers-service"...  [34mtype[0m=io.containerd.service.v1
[STDERR  ] 2019-03-17T19:59:42.412311079Z: [34mINFO[0m[2019-03-17T19:59:33.730952318Z] loading plugin "io.containerd.service.v1.content-service"...  [34mtype[0m=io.containerd.service.v1
[STDERR  ] 2019-03-17T19:59:42.412328748Z: [34mINFO[0m[2019-03-17T19:59:33.739140636Z] loading plugin "io.containerd.service.v1.diff-service"...  [34mtype[0m=io.containerd.service.v1
[STDERR  ] 2019-03-17T19:59:42.412341813Z: [34mINFO[0m[2019-03-17T19:59:33.746862732Z] loading plugin "io.containerd.service.v1.images-service"...  [34mtype[0m=io.containerd.service.v1
[STDERR  ] 2019-03-17T19:59:42.412354471Z: [34mINFO[0m[2019-03-17T19:59:33.754876643Z] loading plugin "io.containerd.service.v1.leases-service"...  [34mtype[0m=io.containerd.service.v1
[STDERR  ] 2019-03-17T19:59:42.412369443Z: [34mINFO[0m[2019-03-17T19:59:33.762626320Z] loading plugin "io.containerd.service.v1.namespaces-service"...  [34mtype[0m=io.containerd.service.v1
[STDERR  ] 2019-03-17T19:59:42.412396333Z: [34mINFO[0m[2019-03-17T19:59:33.770684010Z] loading plugin "io.containerd.service.v1.snapshots-service"...  [34mtype[0m=io.containerd.service.v1
[STDERR  ] 2019-03-17T19:59:42.412410097Z: [34mINFO[0m[2019-03-17T19:59:33.778609177Z] loading plugin "io.containerd.runtime.v1.linux"...  [34mtype[0m=io.containerd.runtime.v1
[STDERR  ] 2019-03-17T19:59:42.412422551Z: [34mINFO[0m[2019-03-17T19:59:33.786041279Z] loading plugin "io.containerd.runtime.v2.task"...  [34mtype[0m=io.containerd.runtime.v2
[STDERR  ] 2019-03-17T19:59:42.412435469Z: [34mINFO[0m[2019-03-17T19:59:33.793340606Z] loading plugin "io.containerd.monitor.v1.cgroups"...  [34mtype[0m=io.containerd.monitor.v1
[STDERR  ] 2019-03-17T19:59:42.412456397Z: [34mINFO[0m[2019-03-17T19:59:33.801501773Z] loading plugin "io.containerd.service.v1.tasks-service"...  [34mtype[0m=io.containerd.service.v1
[STDERR  ] 2019-03-17T19:59:42.412479559Z: [34mINFO[0m[2019-03-17T19:59:33.809120717Z] loading plugin "io.containerd.internal.v1.restart"...  [34mtype[0m=io.containerd.internal.v1
[STDERR  ] 2019-03-17T19:59:42.412500229Z: [34mINFO[0m[2019-03-17T19:59:33.817075540Z] loading plugin "io.containerd.grpc.v1.containers"...  [34mtype[0m=io.containerd.grpc.v1
[STDERR  ] 2019-03-17T19:59:42.412516473Z: [34mINFO[0m[2019-03-17T19:59:33.824262770Z] loading plugin "io.containerd.grpc.v1.content"...  [34mtype[0m=io.containerd.grpc.v1
[STDERR  ] 2019-03-17T19:59:42.412540455Z: [34mINFO[0m[2019-03-17T19:59:33.831322643Z] loading plugin "io.containerd.grpc.v1.diff"...  [34mtype[0m=io.containerd.grpc.v1
[STDERR  ] 2019-03-17T19:59:42.412553115Z: [34mINFO[0m[2019-03-17T19:59:33.838325796Z] loading plugin "io.containerd.grpc.v1.events"...  [34mtype[0m=io.containerd.grpc.v1
[STDERR  ] 2019-03-17T19:59:42.412566237Z: [34mINFO[0m[2019-03-17T19:59:33.845648889Z] loading plugin "io.containerd.grpc.v1.healthcheck"...  [34mtype[0m=io.containerd.grpc.v1
[STDERR  ] 2019-03-17T19:59:42.412578890Z: [34mINFO[0m[2019-03-17T19:59:33.852953413Z] loading plugin "io.containerd.grpc.v1.images"...  [34mtype[0m=io.containerd.grpc.v1
[STDERR  ] 2019-03-17T19:59:42.412591413Z: [34mINFO[0m[2019-03-17T19:59:33.860179731Z] loading plugin "io.containerd.grpc.v1.leases"...  [34mtype[0m=io.containerd.grpc.v1
[STDERR  ] 2019-03-17T19:59:42.412604087Z: [34mINFO[0m[2019-03-17T19:59:33.867518563Z] loading plugin "io.containerd.grpc.v1.namespaces"...  [34mtype[0m=io.containerd.grpc.v1
[STDERR  ] 2019-03-17T19:59:42.412616829Z: [34mINFO[0m[2019-03-17T19:59:33.874852259Z] loading plugin "io.containerd.internal.v1.opt"...  [34mtype[0m=io.containerd.internal.v1
[STDERR  ] 2019-03-17T19:59:42.412644166Z: [33mWARN[0m[2019-03-17T19:59:33.882146109Z] failed to load plugin io.containerd.internal.v1.opt  [33merror[0m="mkdir /opt/containerd: read-only file system"
[STDERR  ] 2019-03-17T19:59:42.412658289Z: [34mINFO[0m[2019-03-17T19:59:33.890530400Z] loading plugin "io.containerd.grpc.v1.snapshots"...  [34mtype[0m=io.containerd.grpc.v1
[STDERR  ] 2019-03-17T19:59:42.412671119Z: [34mINFO[0m[2019-03-17T19:59:33.897806903Z] loading plugin "io.containerd.grpc.v1.tasks"...  [34mtype[0m=io.containerd.grpc.v1
[STDERR  ] 2019-03-17T19:59:42.412690772Z: [34mINFO[0m[2019-03-17T19:59:33.904857553Z] loading plugin "io.containerd.grpc.v1.version"...  [34mtype[0m=io.containerd.grpc.v1
[STDERR  ] 2019-03-17T19:59:42.412706200Z: [34mINFO[0m[2019-03-17T19:59:33.911965005Z] loading plugin "io.containerd.grpc.v1.introspection"...  [34mtype[0m=io.containerd.grpc.v1
[STDERR  ] 2019-03-17T19:59:42.412718768Z: [34mINFO[0m[2019-03-17T19:59:33.919596807Z] serving...                                    [34maddress[0m="/run/containerd/debug.sock"
[STDERR  ] 2019-03-17T19:59:42.412748402Z: [34mINFO[0m[2019-03-17T19:59:33.927017168Z] serving...                                    [34maddress[0m="/run/containerd/containerd.sock"
[STDERR  ] 2019-03-17T19:59:42.412764679Z: [34mINFO[0m[2019-03-17T19:59:33.934687599Z] containerd successfully booted in 0.364489s  
[STDERR  ] 2019-03-17T19:59:42.412777592Z: [34mINFO[0m[2019-03-17T19:59:33.968817418Z] shim containerd-shim started                  [34maddress[0m="/containerd-shim/services.linuxkit/nginx/shim.sock" [34mdebug[0m=false [34mpid[0m=431
[STDERR  ] 2019-03-17T19:59:42.412794349Z: [34mINFO[0m[2019-03-17T19:59:34.103988041Z] shim containerd-shim started                  [34maddress[0m="/containerd-shim/services.linuxkit/test/shim.sock" [34mdebug[0m=false [34mpid[0m=475
[STDERR  ] 2019-03-17T19:59:42.412810191Z: wireguard test suite PASSED
[STDERR  ] 2019-03-17T19:59:42.412822900Z: The system is going down NOW!
[STDERR  ] 2019-03-17T19:59:42.412842452Z: Sent SIGTERM to all processes
[STDERR  ] 2019-03-17T19:59:42.412859134Z: Sent SIGKILL to all processes
[STDERR  ] 2019-03-17T19:59:42.412871649Z: Requesting system poweroff
[STDERR  ] 2019-03-17T19:59:42.412884172Z: [   14.312614] ACPI: Preparing to enter system sleep state S5
[STDERR  ] 2019-03-17T19:59:42.412902389Z: [   14.317960] reboot: Power down
[STDERR  ] 2019-03-17T19:59:42.412914984Z: + echo [    0.000000] Linux version 4.19.28-linuxkit (root@9341f087bbd6) (gcc version 8.2.0 (Alpine 8.2.0)) #1 SMP Sun Mar 10 20:02:02 UTC 2019
[STDERR  ] 2019-03-17T19:59:42.412932198Z: [    0.000000] Command line: console=ttyS0 console=ttyAMA0
[STDERR  ] 2019-03-17T19:59:42.412944497Z: [    0.000000] x86/fpu: x87 FPU will use FXSAVE
[STDERR  ] 2019-03-17T19:59:42.412956949Z: [    0.000000] BIOS-provided physical RAM map:
[STDERR  ] 2019-03-17T19:59:42.412969370Z: [    0.000000] BIOS-e820: [mem 0x0000000000000000-0x000000000009fbff] usable
[STDERR  ] 2019-03-17T19:59:42.412984532Z: [    0.000000] BIOS-e820: [mem 0x000000000009fc00-0x000000000009ffff] reserved
[STDERR  ] 2019-03-17T19:59:42.412997057Z: [    0.000000] BIOS-e820: [mem 0x00000000000f0000-0x00000000000fffff] reserved
[STDERR  ] 2019-03-17T19:59:42.413009278Z: [    0.000000] BIOS-e820: [mem 0x0000000000100000-0x000000003ffdefff] usable
[STDERR  ] 2019-03-17T19:59:42.413021876Z: [    0.000000] BIOS-e820: [mem 0x000000003ffdf000-0x000000003fffffff] reserved
[STDERR  ] 2019-03-17T19:59:42.413034431Z: [    0.000000] BIOS-e820: [mem 0x00000000b0000000-0x00000000bfffffff] reserved
[STDERR  ] 2019-03-17T19:59:42.413049299Z: [    0.000000] BIOS-e820: [mem 0x00000000fed1c000-0x00000000fed1ffff] reserved
[STDERR  ] 2019-03-17T19:59:42.413061465Z: [    0.000000] BIOS-e820: [mem 0x00000000feffc000-0x00000000feffffff] reserved
[STDERR  ] 2019-03-17T19:59:42.413107317Z: [    0.000000] BIOS-e820: [mem 0x00000000fffc0000-0x00000000ffffffff] reserved
[STDERR  ] 2019-03-17T19:59:42.413142792Z: [    0.000000] NX (Execute Disable) protection: active
[STDERR  ] 2019-03-17T19:59:42.413155829Z: [    0.000000] SMBIOS 2.8 present.
[STDERR  ] 2019-03-17T19:59:42.413167953Z: [    0.000000] DMI: QEMU Standard PC (Q35 + ICH9, 2009), BIOS 1.10.2-1 04/01/2014
[STDERR  ] 2019-03-17T19:59:42.413191819Z: [    0.000000] Hypervisor detected: KVM
[STDERR  ] 2019-03-17T19:59:42.413204898Z: [    0.000000] kvm-clock: Using msrs 4b564d01 and 4b564d00
[STDERR  ] 2019-03-17T19:59:42.413217359Z: [    0.584548] kvm-clock: cpu 0, msr 2b81a001, primary cpu clock
[STDERR  ] 2019-03-17T19:59:42.413230560Z: [    0.584548] clocksource: kvm-clock: mask: 0xffffffffffffffff max_cycles: 0x1cd42e4dffb, max_idle_ns: 881590591483 ns
[STDERR  ] 2019-03-17T19:59:42.413248519Z: [    0.584560] tsc: Detected 2299.798 MHz processor
[STDERR  ] 2019-03-17T19:59:42.413271566Z: [    0.587990] last_pfn = 0x3ffdf max_arch_pfn = 0x400000000
[STDERR  ] 2019-03-17T19:59:42.413294824Z: [    0.588619] x86/PAT: PAT not supported by CPU.
[STDERR  ] 2019-03-17T19:59:42.413307954Z: [    0.588677] x86/PAT: Configuration [0-7]: WB  WT  UC- UC  WB  WT  UC- UC  
[STDERR  ] 2019-03-17T19:59:42.413320491Z: [    0.600831] found SMP MP-table at [mem 0x000f6a90-0x000f6a9f] mapped at [(____ptrval____)]
[STDERR  ] 2019-03-17T19:59:42.413333165Z: [    0.601157] RAMDISK: [mem 0x398e5000-0x3ffcffff]
[STDERR  ] 2019-03-17T19:59:42.413345221Z: [    0.601379] ACPI: Early table checksum verification disabled
[STDERR  ] 2019-03-17T19:59:42.413358030Z: [    0.601571] ACPI: RSDP 0x00000000000F68D0 000014 (v00 BOCHS )
[STDERR  ] 2019-03-17T19:59:42.413370205Z: [    0.601583] ACPI: RSDT 0x000000003FFE2404 000034 (v01 BOCHS  BXPCRSDT 00000001 BXPC 00000001)
[STDERR  ] 2019-03-17T19:59:42.413382719Z: [    0.601603] ACPI: FACP 0x000000003FFE22A4 000074 (v01 BOCHS  BXPCFACP 00000001 BXPC 00000001)
[STDERR  ] 2019-03-17T19:59:42.413395369Z: [    0.601610] ACPI: DSDT 0x000000003FFE0040 002264 (v01 BOCHS  BXPCDSDT 00000001 BXPC 00000001)
[STDERR  ] 2019-03-17T19:59:42.413408090Z: [    0.601614] ACPI: FACS 0x000000003FFE0000 000040
[STDERR  ] 2019-03-17T19:59:42.413420605Z: [    0.601618] ACPI: APIC 0x000000003FFE2318 000078 (v01 BOCHS  BXPCAPIC 00000001 BXPC 00000001)
[STDERR  ] 2019-03-17T19:59:42.413436522Z: [    0.601622] ACPI: HPET 0x000000003FFE2390 000038 (v01 BOCHS  BXPCHPET 00000001 BXPC 00000001)
[STDERR  ] 2019-03-17T19:59:42.413454421Z: [    0.601626] ACPI: MCFG 0x000000003FFE23C8 00003C (v01 BOCHS  BXPCMCFG 00000001 BXPC 00000001)
[STDERR  ] 2019-03-17T19:59:42.413467112Z: [    0.602507] Zone ranges:
[STDERR  ] 2019-03-17T19:59:42.413499319Z: [    0.602509]   DMA      [mem 0x0000000000001000-0x0000000000ffffff]
[STDERR  ] 2019-03-17T19:59:42.413518049Z: [    0.602511]   DMA32    [mem 0x0000000001000000-0x000000003ffdefff]
[STDERR  ] 2019-03-17T19:59:42.413530301Z: [    0.602550]   Normal   empty
[STDERR  ] 2019-03-17T19:59:42.413542711Z: [    0.602551]   Device   empty
[STDERR  ] 2019-03-17T19:59:42.413555213Z: [    0.602553] Movable zone start for each node
[STDERR  ] 2019-03-17T19:59:42.413568201Z: [    0.602553] Early memory node ranges
[STDERR  ] 2019-03-17T19:59:42.413580668Z: [    0.602555]   node   0: [mem 0x0000000000001000-0x000000000009efff]
[STDERR  ] 2019-03-17T19:59:42.413593103Z: [    0.602556]   node   0: [mem 0x0000000000100000-0x000000003ffdefff]
[STDERR  ] 2019-03-17T19:59:42.413605412Z: [    0.603228] Reserved but unavailable: 98 pages
[STDERR  ] 2019-03-17T19:59:42.413627356Z: [    0.603231] Initmem setup node 0 [mem 0x0000000000001000-0x000000003ffdefff]
[STDERR  ] 2019-03-17T19:59:42.413640108Z: [    0.615572] ACPI: PM-Timer IO Port: 0x608
[STDERR  ] 2019-03-17T19:59:42.413652598Z: [    0.615620] ACPI: LAPIC_NMI (acpi_id[0xff] dfl dfl lint[0x1])
[STDERR  ] 2019-03-17T19:59:42.413664832Z: [    0.615860] IOAPIC[0]: apic_id 0, version 17, address 0xfec00000, GSI 0-23
[STDERR  ] 2019-03-17T19:59:42.413681606Z: [    0.615864] ACPI: INT_SRC_OVR (bus 0 bus_irq 0 global_irq 2 dfl dfl)
[STDERR  ] 2019-03-17T19:59:42.413696977Z: [    0.615867] ACPI: INT_SRC_OVR (bus 0 bus_irq 5 global_irq 5 high level)
[STDERR  ] 2019-03-17T19:59:42.413713304Z: [    0.615868] ACPI: INT_SRC_OVR (bus 0 bus_irq 9 global_irq 9 high level)
[STDERR  ] 2019-03-17T19:59:42.413726287Z: [    0.615874] ACPI: INT_SRC_OVR (bus 0 bus_irq 10 global_irq 10 high level)
[STDERR  ] 2019-03-17T19:59:42.413738602Z: [    0.615876] ACPI: INT_SRC_OVR (bus 0 bus_irq 11 global_irq 11 high level)
[STDERR  ] 2019-03-17T19:59:42.413751188Z: [    0.615883] Using ACPI (MADT) for SMP configuration information
[STDERR  ] 2019-03-17T19:59:42.413763458Z: [    0.615885] ACPI: HPET id: 0x8086a201 base: 0xfed00000
[STDERR  ] 2019-03-17T19:59:42.413775839Z: [    0.615921] smpboot: Allowing 1 CPUs, 0 hotplug CPUs
[STDERR  ] 2019-03-17T19:59:42.413788305Z: [    0.616034] [mem 0x40000000-0xafffffff] available for PCI devices
[STDERR  ] 2019-03-17T19:59:42.413800644Z: [    0.616035] Booting paravirtualized kernel on KVM
[STDERR  ] 2019-03-17T19:59:42.413812960Z: [    0.616038] clocksource: refined-jiffies: mask: 0xffffffff max_cycles: 0xffffffff, max_idle_ns: 1910969940391419 ns
[STDERR  ] 2019-03-17T19:59:42.413836264Z: [    0.728305] random: get_random_bytes called from start_kernel+0x91/0x517 with crng_init=0
[STDERR  ] 2019-03-17T19:59:42.413849107Z: [    0.728330] setup_percpu: NR_CPUS:128 nr_cpumask_bits:128 nr_cpu_ids:1 nr_node_ids:1
[STDERR  ] 2019-03-17T19:59:42.413861449Z: [    0.729201] percpu: Embedded 45 pages/cpu @(____ptrval____) s145112 r8192 d31016 u2097152
[STDERR  ] 2019-03-17T19:59:42.413874055Z: [    0.729312] KVM setup async PF for cpu 0
[STDERR  ] 2019-03-17T19:59:42.413896113Z: [    0.729363] kvm-stealtime: cpu 0, msr 38415e80
[STDERR  ] 2019-03-17T19:59:42.413908075Z: [    0.729394] Built 1 zonelists, mobility grouping on.  Total pages: 257896
[STDERR  ] 2019-03-17T19:59:42.413920533Z: [    0.729397] Kernel command line: console=ttyS0 console=ttyAMA0
[STDERR  ] 2019-03-17T19:59:42.413932858Z: [    0.729575] Dentry cache hash table entries: 131072 (order: 8, 1048576 bytes)
[STDERR  ] 2019-03-17T19:59:42.413945325Z: [    0.729667] Inode-cache hash table entries: 65536 (order: 7, 524288 bytes)
[STDERR  ] 2019-03-17T19:59:42.413989508Z: [    0.733734] Memory: 896604K/1048052K available (12300K kernel code, 1573K rwdata, 3056K rodata, 1584K init, 2036K bss, 151448K reserved, 0K cma-reserved)
[STDERR  ] 2019-03-17T19:59:42.414006866Z: [    0.734431] Kernel/User page tables isolation: enabled
[STDERR  ] 2019-03-17T19:59:42.414027603Z: [    0.734570] ftrace: allocating 43042 entries in 169 pages
[STDERR  ] 2019-03-17T19:59:42.414044706Z: [    0.757333] rcu: Hierarchical RCU implementation.
[STDERR  ] 2019-03-17T19:59:42.414064942Z: [    0.757337] rcu: 	RCU restricting CPUs from NR_CPUS=128 to nr_cpu_ids=1.
[STDERR  ] 2019-03-17T19:59:42.414077656Z: [    0.757338] rcu: Adjusting geometry for rcu_fanout_leaf=16, nr_cpu_ids=1
[STDERR  ] 2019-03-17T19:59:42.414092222Z: [    0.760391] NR_IRQS: 8448, nr_irqs: 256, preallocated irqs: 16
[STDERR  ] 2019-03-17T19:59:42.414104553Z: [    0.788131] Console: colour VGA+ 80x25
[STDERR  ] 2019-03-17T19:59:42.414117104Z: [    1.232291] console [ttyS0] enabled
[STDERR  ] 2019-03-17T19:59:42.414129317Z: [    1.235711] ACPI: Core revision 20180810
[STDERR  ] 2019-03-17T19:59:42.414162217Z: [    1.240134] clocksource: hpet: mask: 0xffffffff max_cycles: 0xffffffff, max_idle_ns: 19112604467 ns
[STDERR  ] 2019-03-17T19:59:42.414180857Z: [    1.249235] APIC: Switch to symmetric I/O mode setup
[STDERR  ] 2019-03-17T19:59:42.414210690Z: [    1.256331] x2apic enabled
[STDERR  ] 2019-03-17T19:59:42.414227905Z: [    1.261255] Switched APIC routing to physical x2apic.
[STDERR  ] 2019-03-17T19:59:42.414240481Z: [    1.276243] ..TIMER: vector=0x30 apic1=0 pin1=2 apic2=-1 pin2=-1
[STDERR  ] 2019-03-17T19:59:42.414252884Z: [    1.281919] clocksource: tsc-early: mask: 0xffffffffffffffff max_cycles: 0x2126765bdb5, max_idle_ns: 440795204572 ns
[STDERR  ] 2019-03-17T19:59:42.414275820Z: [    1.291480] Calibrating delay loop (skipped) preset value.. 4599.59 BogoMIPS (lpj=2299798)
[STDERR  ] 2019-03-17T19:59:42.414290867Z: [    1.292460] pid_max: default: 32768 minimum: 301
[STDERR  ] 2019-03-17T19:59:42.414303398Z: [    1.293642] Security Framework initialized
[STDERR  ] 2019-03-17T19:59:42.414315958Z: [    1.294459] Yama: becoming mindful.
[STDERR  ] 2019-03-17T19:59:42.414337611Z: [    1.295501] Mount-cache hash table entries: 2048 (order: 2, 16384 bytes)
[STDERR  ] 2019-03-17T19:59:42.414350148Z: [    1.296464] Mountpoint-cache hash table entries: 2048 (order: 2, 16384 bytes)
[STDERR  ] 2019-03-17T19:59:42.414362714Z: [    1.300497] Last level iTLB entries: 4KB 0, 2MB 0, 4MB 0
[STDERR  ] 2019-03-17T19:59:42.414375211Z: [    1.301460] Last level dTLB entries: 4KB 0, 2MB 0, 4MB 0, 1GB 0
[STDERR  ] 2019-03-17T19:59:42.414387217Z: [    1.302461] Spectre V2 : Mitigation: Full generic retpoline
[STDERR  ] 2019-03-17T19:59:42.414399553Z: [    1.303459] Spectre V2 : Spectre v2 / SpectreRSB mitigation: Filling RSB on context switch
[STDERR  ] 2019-03-17T19:59:42.414412418Z: [    1.304458] Speculative Store Bypass: Vulnerable
[STDERR  ] 2019-03-17T19:59:42.414425109Z: [    1.316172] Freeing SMP alternatives memory: 20K
[STDERR  ] 2019-03-17T19:59:42.414449024Z: [    1.318453] smpboot: CPU0: Intel QEMU Virtual CPU version 2.5+ (family: 0x6, model: 0x6, stepping: 0x3)
[STDERR  ] 2019-03-17T19:59:42.414462026Z: [    1.318638] Performance Events: PMU not available due to virtualization, using software events only.
[STDERR  ] 2019-03-17T19:59:42.414474326Z: [    1.320830] rcu: Hierarchical SRCU implementation.
[STDERR  ] 2019-03-17T19:59:42.414487109Z: [    1.321579] NMI watchdog: Perf NMI watchdog permanently disabled
[STDERR  ] 2019-03-17T19:59:42.414514261Z: [    1.323534] smp: Bringing up secondary CPUs ...
[STDERR  ] 2019-03-17T19:59:42.414526885Z: [    1.324459] smp: Brought up 1 node, 1 CPU
[STDERR  ] 2019-03-17T19:59:42.414539421Z: [    1.325459] smpboot: Max logical packages: 1
[STDERR  ] 2019-03-17T19:59:42.414551925Z: [    1.326459] smpboot: Total of 1 processors activated (4599.59 BogoMIPS)
[STDERR  ] 2019-03-17T19:59:42.414564317Z: [    1.328680] devtmpfs: initialized
[STDERR  ] 2019-03-17T19:59:42.414576637Z: [    1.329538] x86/mm: Memory block size: 128MB
[STDERR  ] 2019-03-17T19:59:42.414588771Z: [    1.331873] clocksource: jiffies: mask: 0xffffffff max_cycles: 0xffffffff, max_idle_ns: 1911260446275000 ns
[STDERR  ] 2019-03-17T19:59:42.414604127Z: [    1.332467] futex hash table entries: 256 (order: 2, 16384 bytes)
[STDERR  ] 2019-03-17T19:59:42.414633403Z: [    1.334679] NET: Registered protocol family 16
[STDERR  ] 2019-03-17T19:59:42.414659364Z: [    1.335626] audit: initializing netlink subsys (disabled)
[STDERR  ] 2019-03-17T19:59:42.414675777Z: [    1.336531] audit: type=2000 audit(1552852768.357:1): state=initialized audit_enabled=0 res=1
[STDERR  ] 2019-03-17T19:59:42.414688047Z: [    1.337564] cpuidle: using governor ladder
[STDERR  ] 2019-03-17T19:59:42.414700842Z: [    1.338460] cpuidle: using governor menu
[STDERR  ] 2019-03-17T19:59:42.414713169Z: [    1.340526] ACPI: bus type PCI registered
[STDERR  ] 2019-03-17T19:59:42.414725633Z: [    1.341971] PCI: MMCONFIG for domain 0000 [bus 00-ff] at [mem 0xb0000000-0xbfffffff] (base 0xb0000000)
[STDERR  ] 2019-03-17T19:59:42.414738039Z: [    1.342464] PCI: MMCONFIG at [mem 0xb0000000-0xbfffffff] reserved in E820
[STDERR  ] 2019-03-17T19:59:42.414750597Z: [    1.343476] PCI: Using configuration type 1 for base access
[STDERR  ] 2019-03-17T19:59:42.414763348Z: [    1.347559] HugeTLB registered 2.00 MiB page size, pre-allocated 0 pages
[STDERR  ] 2019-03-17T19:59:42.414775908Z: [    1.348630] cryptd: max_cpu_qlen set to 1000
[STDERR  ] 2019-03-17T19:59:42.414788481Z: [    1.349629] ACPI: Added _OSI(Module Device)
[STDERR  ] 2019-03-17T19:59:42.414810788Z: [    1.350459] ACPI: Added _OSI(Processor Device)
[STDERR  ] 2019-03-17T19:59:42.414823343Z: [    1.351458] ACPI: Added _OSI(3.0 _SCP Extensions)
[STDERR  ] 2019-03-17T19:59:42.414839209Z: [    1.352458] ACPI: Added _OSI(Processor Aggregator Device)
[STDERR  ] 2019-03-17T19:59:42.414851574Z: [    1.353473] ACPI: Added _OSI(Linux-Dell-Video)
[STDERR  ] 2019-03-17T19:59:42.414868427Z: [    1.354460] ACPI: Added _OSI(Linux-Lenovo-NV-HDMI-Audio)
[STDERR  ] 2019-03-17T19:59:42.414883755Z: [    1.357713] ACPI: 1 ACPI AML tables successfully acquired and loaded
[STDERR  ] 2019-03-17T19:59:42.414910709Z: [    1.360627] ACPI: Interpreter enabled
[STDERR  ] 2019-03-17T19:59:42.414926274Z: [    1.361467] ACPI: (supports S0 S5)
[STDERR  ] 2019-03-17T19:59:42.414938921Z: [    1.362458] ACPI: Using IOAPIC for interrupt routing
[STDERR  ] 2019-03-17T19:59:42.414951213Z: [    1.363521] PCI: Using host bridge windows from ACPI; if necessary, use "pci=nocrs" and report a bug
[STDERR  ] 2019-03-17T19:59:42.414964021Z: [    1.364667] ACPI: Enabled 2 GPEs in block 00 to 3F
[STDERR  ] 2019-03-17T19:59:42.414975735Z: [    1.370318] ACPI: PCI Root Bridge [PCI0] (domain 0000 [bus 00-ff])
[STDERR  ] 2019-03-17T19:59:42.414988015Z: [    1.370468] acpi PNP0A08:00: _OSC: OS supports [ExtendedConfig ASPM ClockPM Segments MSI]
[STDERR  ] 2019-03-17T19:59:42.415002680Z: [    1.371589] acpi PNP0A08:00: _OSC: platform does not support [SHPCHotplug LTR]
[STDERR  ] 2019-03-17T19:59:42.415021988Z: [    1.372581] acpi PNP0A08:00: _OSC: OS now controls [PCIeHotplug PME PCIeCapability]
[STDERR  ] 2019-03-17T19:59:42.415034784Z: [    1.373555] PCI host bridge to bus 0000:00
[STDERR  ] 2019-03-17T19:59:42.415047048Z: [    1.374463] pci_bus 0000:00: root bus resource [io  0x0000-0x0cf7 window]
[STDERR  ] 2019-03-17T19:59:42.415059355Z: [    1.375462] pci_bus 0000:00: root bus resource [io  0x0d00-0xffff window]
[STDERR  ] 2019-03-17T19:59:42.415071490Z: [    1.376462] pci_bus 0000:00: root bus resource [mem 0x000a0000-0x000bffff window]
[STDERR  ] 2019-03-17T19:59:42.415085925Z: [    1.377463] pci_bus 0000:00: root bus resource [mem 0xc0000000-0xfebfffff window]
[STDERR  ] 2019-03-17T19:59:42.415098428Z: [    1.378463] pci_bus 0000:00: root bus resource [bus 00-ff]
[STDERR  ] 2019-03-17T19:59:42.415111097Z: [    1.450257] pci 0000:00:1f.0: quirk: [io  0x0600-0x067f] claimed by ICH6 ACPI/GPIO/TCO
[STDERR  ] 2019-03-17T19:59:42.415123178Z: [    1.477477] ACPI: PCI Interrupt Link [LNKA] (IRQs 5 *10 11)
[STDERR  ] 2019-03-17T19:59:42.415135720Z: [    1.478765] ACPI: PCI Interrupt Link [LNKB] (IRQs 5 *10 11)
[STDERR  ] 2019-03-17T19:59:42.415148181Z: [    1.479776] ACPI: PCI Interrupt Link [LNKC] (IRQs 5 10 *11)
[STDERR  ] 2019-03-17T19:59:42.415169971Z: [    1.480755] ACPI: PCI Interrupt Link [LNKD] (IRQs 5 10 *11)
[STDERR  ] 2019-03-17T19:59:42.415188606Z: [    1.481751] ACPI: PCI Interrupt Link [LNKE] (IRQs 5 *10 11)
[STDERR  ] 2019-03-17T19:59:42.415223638Z: [    1.483554] ACPI: PCI Interrupt Link [LNKF] (IRQs 5 *10 11)
[STDERR  ] 2019-03-17T19:59:42.415236018Z: [    1.484764] ACPI: PCI Interrupt Link [LNKG] (IRQs 5 10 *11)
[STDERR  ] 2019-03-17T19:59:42.415248035Z: [    1.486588] ACPI: PCI Interrupt Link [LNKH] (IRQs 5 10 *11)
[STDERR  ] 2019-03-17T19:59:42.415276336Z: [    1.487613] ACPI: PCI Interrupt Link [GSIA] (IRQs *16)
[STDERR  ] 2019-03-17T19:59:42.415291897Z: [    1.488478] ACPI: PCI Interrupt Link [GSIB] (IRQs *17)
[STDERR  ] 2019-03-17T19:59:42.415304396Z: [    1.489478] ACPI: PCI Interrupt Link [GSIC] (IRQs *18)
[STDERR  ] 2019-03-17T19:59:42.415316766Z: [    1.490476] ACPI: PCI Interrupt Link [GSID] (IRQs *19)
[STDERR  ] 2019-03-17T19:59:42.415329381Z: [    1.491476] ACPI: PCI Interrupt Link [GSIE] (IRQs *20)
[STDERR  ] 2019-03-17T19:59:42.415344714Z: [    1.492477] ACPI: PCI Interrupt Link [GSIF] (IRQs *21)
[STDERR  ] 2019-03-17T19:59:42.415357284Z: [    1.493477] ACPI: PCI Interrupt Link [GSIG] (IRQs *22)
[STDERR  ] 2019-03-17T19:59:42.415369658Z: [    1.494476] ACPI: PCI Interrupt Link [GSIH] (IRQs *23)
[STDERR  ] 2019-03-17T19:59:42.415389089Z: [    1.496103] SCSI subsystem initialized
[STDERR  ] 2019-03-17T19:59:42.415401347Z: [    1.496576] ACPI: bus type USB registered
[STDERR  ] 2019-03-17T19:59:42.415428270Z: [    1.497494] usbcore: registered new interface driver usbfs
[STDERR  ] 2019-03-17T19:59:42.415440612Z: [    1.498482] usbcore: registered new interface driver hub
[STDERR  ] 2019-03-17T19:59:42.415452822Z: [    1.499491] usbcore: registered new device driver usb
[STDERR  ] 2019-03-17T19:59:42.415465343Z: [    1.500482] pps_core: LinuxPPS API ver. 1 registered
[STDERR  ] 2019-03-17T19:59:42.415477425Z: [    1.501457] pps_core: Software ver. 5.3.6 - Copyright 2005-2007 Rodolfo Giometti <giometti@linux.it>
[STDERR  ] 2019-03-17T19:59:42.415496685Z: [    1.502471] PTP clock support registered
[STDERR  ] 2019-03-17T19:59:42.415509176Z: [    1.503545] PCI: Using ACPI for IRQ routing
[STDERR  ] 2019-03-17T19:59:42.415521664Z: [    1.972218] NetLabel: Initializing
[STDERR  ] 2019-03-17T19:59:42.415534168Z: [    1.972458] NetLabel:  domain hash size = 128
[STDERR  ] 2019-03-17T19:59:42.415546479Z: [    1.973457] NetLabel:  protocols = UNLABELED CIPSOv4 CALIPSO
[STDERR  ] 2019-03-17T19:59:42.415562618Z: [    1.974501] NetLabel:  unlabeled traffic allowed by default
[STDERR  ] 2019-03-17T19:59:42.415582631Z: [    1.975638] HPET: 3 timers in total, 0 timers will be used for per-cpu timer
[STDERR  ] 2019-03-17T19:59:42.415598732Z: [    1.976569] hpet0: at MMIO 0xfed00000, IRQs 2, 8, 0
[STDERR  ] 2019-03-17T19:59:42.415611031Z: [    1.977459] hpet0: 3 comparators, 64-bit 100.000000 MHz counter
[STDERR  ] 2019-03-17T19:59:42.415623435Z: [    1.982497] clocksource: Switched to clocksource kvm-clock
[STDERR  ] 2019-03-17T19:59:42.415636095Z: [    2.011772] VFS: Disk quotas dquot_6.6.0
[STDERR  ] 2019-03-17T19:59:42.415651353Z: [    2.015621] VFS: Dquot-cache hash table entries: 512 (order 0, 4096 bytes)
[STDERR  ] 2019-03-17T19:59:42.415663911Z: [    2.022060] FS-Cache: Loaded
[STDERR  ] 2019-03-17T19:59:42.415676507Z: [    2.024922] CacheFiles: Loaded
[STDERR  ] 2019-03-17T19:59:42.415689101Z: [    2.027855] pnp: PnP ACPI init
[STDERR  ] 2019-03-17T19:59:42.415709455Z: [    2.031928] pnp: PnP ACPI: found 5 devices
[STDERR  ] 2019-03-17T19:59:42.415738487Z: [    2.042546] clocksource: acpi_pm: mask: 0xffffff max_cycles: 0xffffff, max_idle_ns: 2085701024 ns
[STDERR  ] 2019-03-17T19:59:42.415751297Z: [    2.050798] NET: Registered protocol family 2
[STDERR  ] 2019-03-17T19:59:42.415763578Z: [    2.055818] tcp_listen_portaddr_hash hash table entries: 512 (order: 1, 8192 bytes)
[STDERR  ] 2019-03-17T19:59:42.415776182Z: [    2.063069] TCP established hash table entries: 8192 (order: 4, 65536 bytes)
[STDERR  ] 2019-03-17T19:59:42.415793815Z: [    2.069616] TCP bind hash table entries: 8192 (order: 5, 131072 bytes)
[STDERR  ] 2019-03-17T19:59:42.415806511Z: [    2.075638] TCP: Hash tables configured (established 8192 bind 8192)
[STDERR  ] 2019-03-17T19:59:42.415826292Z: [    2.081639] UDP hash table entries: 512 (order: 2, 16384 bytes)
[STDERR  ] 2019-03-17T19:59:42.415848755Z: [    2.087085] UDP-Lite hash table entries: 512 (order: 2, 16384 bytes)
[STDERR  ] 2019-03-17T19:59:42.415866372Z: [    2.093040] NET: Registered protocol family 1
[STDERR  ] 2019-03-17T19:59:42.415879411Z: [    2.097138] NET: Registered protocol family 44
[STDERR  ] 2019-03-17T19:59:42.415894374Z: [    2.101621] pci 0000:00:01.0: Video device with shadowed ROM at [mem 0x000c0000-0x000dffff]
[STDERR  ] 2019-03-17T19:59:42.415907014Z: [    2.109862] Trying to unpack rootfs image as initramfs...
[STDERR  ] 2019-03-17T19:59:42.415919732Z: [    4.041133] Freeing initrd memory: 105388K
[STDERR  ] 2019-03-17T19:59:42.415932127Z: [    4.045163] clocksource: tsc: mask: 0xffffffffffffffff max_cycles: 0x2126765bdb5, max_idle_ns: 440795204572 ns
[STDERR  ] 2019-03-17T19:59:42.415957013Z: [    4.055643] PCLMULQDQ-NI instructions are not detected.
[STDERR  ] 2019-03-17T19:59:42.415969566Z: [    4.060413] AVX or AES-NI instructions are not detected.
[STDERR  ] 2019-03-17T19:59:42.415982166Z: [    4.065179] CPU feature 'AVX registers' is not supported.
[STDERR  ] 2019-03-17T19:59:42.415994892Z: [    4.069997] CPU feature 'AVX registers' is not supported.
[STDERR  ] 2019-03-17T19:59:42.416012438Z: [    4.074815] CPU feature 'AVX registers' is not supported.
[STDERR  ] 2019-03-17T19:59:42.416035692Z: [    4.079626] CPU feature 'AVX registers' is not supported.
[STDERR  ] 2019-03-17T19:59:42.416054932Z: [    4.084445] AVX2 or AES-NI instructions are not detected.
[STDERR  ] 2019-03-17T19:59:42.416067379Z: [    4.089259] AVX2 instructions are not detected.
[STDERR  ] 2019-03-17T19:59:42.416079659Z: [    4.093985] workingset: timestamp_bits=46 max_order=18 bucket_order=0
[STDERR  ] 2019-03-17T19:59:42.416092493Z: [    4.100151] squashfs: version 4.0 (2009/01/31) Phillip Lougher
[STDERR  ] 2019-03-17T19:59:42.416118383Z: [    4.105441] FS-Cache: Netfs 'cifs' registered for caching
[STDERR  ] 2019-03-17T19:59:42.416130903Z: [    4.110407] fuse init (API version 7.27)
[STDERR  ] 2019-03-17T19:59:42.416143190Z: [    4.114052] SGI XFS with ACLs, security attributes, no debug enabled
[STDERR  ] 2019-03-17T19:59:42.416156133Z: [    4.119902] 9p: Installing v9fs 9p2000 file system support
[STDERR  ] 2019-03-17T19:59:42.416168782Z: [    4.124856] FS-Cache: Netfs '9p' registered for caching
[STDERR  ] 2019-03-17T19:59:42.416187016Z: [    4.129564] pstore: using deflate compression
[STDERR  ] 2019-03-17T19:59:42.416199336Z: [    4.134832] NET: Registered protocol family 38
[STDERR  ] 2019-03-17T19:59:42.416211558Z: [    4.138864] Key type asymmetric registered
[STDERR  ] 2019-03-17T19:59:42.416223763Z: [    4.142655] Asymmetric key parser 'x509' registered
[STDERR  ] 2019-03-17T19:59:42.416236124Z: [    4.147047] Block layer SCSI generic (bsg) driver version 0.4 loaded (major 247)
[STDERR  ] 2019-03-17T19:59:42.416272507Z: [    4.153695] io scheduler noop registered
[STDERR  ] 2019-03-17T19:59:42.416285554Z: [    4.157227] io scheduler deadline registered (default)
[STDERR  ] 2019-03-17T19:59:42.416297623Z: [    4.161876] io scheduler cfq registered
[STDERR  ] 2019-03-17T19:59:42.416310195Z: [    4.165326] io scheduler mq-deadline registered (default)
[STDERR  ] 2019-03-17T19:59:42.416322718Z: [    4.170242] io scheduler kyber registered
[STDERR  ] 2019-03-17T19:59:42.416341513Z: [    4.173744] shpchp: Standard Hot Plug PCI Controller Driver version: 0.4
[STDERR  ] 2019-03-17T19:59:42.416355036Z: [    4.179231] hv_vmbus: registering driver hyperv_fb
[STDERR  ] 2019-03-17T19:59:42.416367723Z: [    4.183307] input: Power Button as /devices/LNXSYSTM:00/LNXPWRBN:00/input/input0
[STDERR  ] 2019-03-17T19:59:42.416380280Z: [    4.189345] ACPI: Power Button [PWRF]
[STDERR  ] 2019-03-17T19:59:42.416407257Z: [    4.193099] PCI Interrupt Link [GSIG] enabled at IRQ 22
[STDERR  ] 2019-03-17T19:59:42.416419779Z: [    4.203119] PCI Interrupt Link [GSIH] enabled at IRQ 23
[STDERR  ] 2019-03-17T19:59:42.416436389Z: [    4.213061] Serial: 8250/16550 driver, 4 ports, IRQ sharing disabled
[STDERR  ] 2019-03-17T19:59:42.416449070Z: [    4.256690] 00:04: ttyS0 at I/O 0x3f8 (irq = 4, base_baud = 115200) is a 16550A
[STDERR  ] 2019-03-17T19:59:42.416461894Z: [    4.264131] Non-volatile memory driver v1.3
[STDERR  ] 2019-03-17T19:59:42.416474882Z: [    4.269584] Hangcheck: starting hangcheck timer 0.9.1 (tick is 180 seconds, margin is 60 seconds).
[STDERR  ] 2019-03-17T19:59:42.416487449Z: [    4.277749] random: fast init done
[STDERR  ] 2019-03-17T19:59:42.416503298Z: [    4.281742] random: crng init done
[STDERR  ] 2019-03-17T19:59:42.416523292Z: [    4.286092] brd: module loaded
[STDERR  ] 2019-03-17T19:59:42.416534821Z: [    4.292609] loop: module loaded
[STDERR  ] 2019-03-17T19:59:42.416545794Z: [    4.299371] lpc_ich 0000:00:1f.0: I/O space for GPIO uninitialized
[STDOUT  ] 2019-03-17T19:59:42.416536507Z: [    0.000000] Linux version 4.19.28-linuxkit (root@9341f087bbd6) (gcc version 8.2.0 (Alpine 8.2.0)) #1 SMP Sun Mar 10 20:02:02 UTC 2019
[STDOUT  ] 2019-03-17T19:59:42.416589543Z: [    0.000000] Command line: console=ttyS0 console=ttyAMA0
[STDOUT  ] 2019-03-17T19:59:42.416599812Z: [    0.000000] x86/fpu: x87 FPU will use FXSAVE
[STDOUT  ] 2019-03-17T19:59:42.416609084Z: [    0.000000] BIOS-provided physical RAM map:
[STDOUT  ] 2019-03-17T19:59:42.416618165Z: [    0.000000] BIOS-e820: [mem 0x0000000000000000-0x000000000009fbff] usable
[STDOUT  ] 2019-03-17T19:59:42.416628393Z: [    0.000000] BIOS-e820: [mem 0x000000000009fc00-0x000000000009ffff] reserved
[STDOUT  ] 2019-03-17T19:59:42.416637427Z: [    0.000000] BIOS-e820: [mem 0x00000000000f0000-0x00000000000fffff] reserved
[STDOUT  ] 2019-03-17T19:59:42.416646169Z: [    0.000000] BIOS-e820: [mem 0x0000000000100000-0x000000003ffdefff] usable
[STDOUT  ] 2019-03-17T19:59:42.416655394Z: [    0.000000] BIOS-e820: [mem 0x000000003ffdf000-0x000000003fffffff] reserved
[STDOUT  ] 2019-03-17T19:59:42.416667565Z: [    0.000000] BIOS-e820: [mem 0x00000000b0000000-0x00000000bfffffff] reserved
[STDOUT  ] 2019-03-17T19:59:42.416682401Z: [    0.000000] BIOS-e820: [mem 0x00000000fed1c000-0x00000000fed1ffff] reserved
[STDOUT  ] 2019-03-17T19:59:42.416692383Z: [    0.000000] BIOS-e820: [mem 0x00000000feffc000-0x00000000feffffff] reserved
[STDOUT  ] 2019-03-17T19:59:42.416702099Z: [    0.000000] BIOS-e820: [mem 0x00000000fffc0000-0x00000000ffffffff] reserved
[STDOUT  ] 2019-03-17T19:59:42.416710256Z: [    0.000000] NX (Execute Disable) protection: active
[STDOUT  ] 2019-03-17T19:59:42.416720245Z: [    0.000000] SMBIOS 2.8 present.
[STDOUT  ] 2019-03-17T19:59:42.416728874Z: [    0.000000] DMI: QEMU Standard PC (Q35 + ICH9, 2009), BIOS 1.10.2-1 04/01/2014
[STDOUT  ] 2019-03-17T19:59:42.416737319Z: [    0.000000] Hypervisor detected: KVM
[STDOUT  ] 2019-03-17T19:59:42.416746617Z: [    0.000000] kvm-clock: Using msrs 4b564d01 and 4b564d00
[STDOUT  ] 2019-03-17T19:59:42.416755821Z: [    0.584548] kvm-clock: cpu 0, msr 2b81a001, primary cpu clock
[STDOUT  ] 2019-03-17T19:59:42.416772765Z: [    0.584548] clocksource: kvm-clock: mask: 0xffffffffffffffff max_cycles: 0x1cd42e4dffb, max_idle_ns: 881590591483 ns
[STDOUT  ] 2019-03-17T19:59:42.416782822Z: [    0.584560] tsc: Detected 2299.798 MHz processor
[STDOUT  ] 2019-03-17T19:59:42.416791593Z: [    0.587990] last_pfn = 0x3ffdf max_arch_pfn = 0x400000000
[STDOUT  ] 2019-03-17T19:59:42.416803203Z: [    0.588619] x86/PAT: PAT not supported by CPU.
[STDOUT  ] 2019-03-17T19:59:42.416811908Z: [    0.588677] x86/PAT: Configuration [0-7]: WB  WT  UC- UC  WB  WT  UC- UC  
[STDOUT  ] 2019-03-17T19:59:42.416820467Z: [    0.600831] found SMP MP-table at [mem 0x000f6a90-0x000f6a9f] mapped at [(____ptrval____)]
[STDOUT  ] 2019-03-17T19:59:42.416829650Z: [    0.601157] RAMDISK: [mem 0x398e5000-0x3ffcffff]
[STDERR  ] 2019-03-17T19:59:42.416557813Z: [    4.304366] VMware PVSCSI driver - version 1.0.7.0-k
[STDERR  ] 2019-03-17T19:59:42.416863631Z: [    4.308826] hv_vmbus: registering driver hv_storvsc
[STDERR  ] 2019-03-17T19:59:42.416893468Z: [    4.313910] PCI Interrupt Link [GSIA] enabled at IRQ 16
[STDERR  ] 2019-03-17T19:59:42.416913152Z: [    4.322049] ahci 0000:00:1f.2: AHCI 0001.0000 32 slots 6 ports 1.5 Gbps 0x3f impl SATA mode
[STDOUT  ] 2019-03-17T19:59:42.416842140Z: [    0.601379] ACPI: Early table checksum verification disabled
[STDERR  ] 2019-03-17T19:59:42.416927137Z: [    4.329493] ahci 0000:00:1f.2: flags: 64bit ncq only 
[STDOUT  ] 2019-03-17T19:59:42.416940118Z: [    0.601571] ACPI: RSDP 0x00000000000F68D0 000014 (v00 BOCHS )
[STDOUT  ] 2019-03-17T19:59:42.416956910Z: [    0.601583] ACPI: RSDT 0x000000003FFE2404 000034 (v01 BOCHS  BXPCRSDT 00000001 BXPC 00000001)
[STDOUT  ] 2019-03-17T19:59:42.416970715Z: [    0.601603] ACPI: FACP 0x000000003FFE22A4 000074 (v01 BOCHS  BXPCFACP 00000001 BXPC 00000001)
[STDOUT  ] 2019-03-17T19:59:42.416980033Z: [    0.601610] ACPI: DSDT 0x000000003FFE0040 002264 (v01 BOCHS  BXPCDSDT 00000001 BXPC 00000001)
[STDOUT  ] 2019-03-17T19:59:42.416988878Z: [    0.601614] ACPI: FACS 0x000000003FFE0000 000040
[STDOUT  ] 2019-03-17T19:59:42.416997483Z: [    0.601618] ACPI: APIC 0x000000003FFE2318 000078 (v01 BOCHS  BXPCAPIC 00000001 BXPC 00000001)
[STDOUT  ] 2019-03-17T19:59:42.417005790Z: [    0.601622] ACPI: HPET 0x000000003FFE2390 000038 (v01 BOCHS  BXPCHPET 00000001 BXPC 00000001)
[STDOUT  ] 2019-03-17T19:59:42.417014396Z: [    0.601626] ACPI: MCFG 0x000000003FFE23C8 00003C (v01 BOCHS  BXPCMCFG 00000001 BXPC 00000001)
[STDOUT  ] 2019-03-17T19:59:42.417023250Z: [    0.602507] Zone ranges:
[STDOUT  ] 2019-03-17T19:59:42.417034629Z: [    0.602509]   DMA      [mem 0x0000000000001000-0x0000000000ffffff]
[STDOUT  ] 2019-03-17T19:59:42.417043748Z: [    0.602511]   DMA32    [mem 0x0000000001000000-0x000000003ffdefff]
[STDOUT  ] 2019-03-17T19:59:42.417052940Z: [    0.602550]   Normal   empty
[STDOUT  ] 2019-03-17T19:59:42.417061300Z: [    0.602551]   Device   empty
[STDOUT  ] 2019-03-17T19:59:42.417088681Z: [    0.602553] Movable zone start for each node
[STDOUT  ] 2019-03-17T19:59:42.417098541Z: [    0.602553] Early memory node ranges
[STDOUT  ] 2019-03-17T19:59:42.417107422Z: [    0.602555]   node   0: [mem 0x0000000000001000-0x000000000009efff]
[STDOUT  ] 2019-03-17T19:59:42.417116639Z: [    0.602556]   node   0: [mem 0x0000000000100000-0x000000003ffdefff]
[STDOUT  ] 2019-03-17T19:59:42.417125039Z: [    0.603228] Reserved but unavailable: 98 pages
[STDOUT  ] 2019-03-17T19:59:42.417133161Z: [    0.603231] Initmem setup node 0 [mem 0x0000000000001000-0x000000003ffdefff]
[STDOUT  ] 2019-03-17T19:59:42.417141623Z: [    0.615572] ACPI: PM-Timer IO Port: 0x608
[STDOUT  ] 2019-03-17T19:59:42.417150866Z: [    0.615620] ACPI: LAPIC_NMI (acpi_id[0xff] dfl dfl lint[0x1])
[STDOUT  ] 2019-03-17T19:59:42.417160110Z: [    0.615860] IOAPIC[0]: apic_id 0, version 17, address 0xfec00000, GSI 0-23
[STDOUT  ] 2019-03-17T19:59:42.417168971Z: [    0.615864] ACPI: INT_SRC_OVR (bus 0 bus_irq 0 global_irq 2 dfl dfl)
[STDOUT  ] 2019-03-17T19:59:42.417177829Z: [    0.615867] ACPI: INT_SRC_OVR (bus 0 bus_irq 5 global_irq 5 high level)
[STDOUT  ] 2019-03-17T19:59:42.417186643Z: [    0.615868] ACPI: INT_SRC_OVR (bus 0 bus_irq 9 global_irq 9 high level)
[STDOUT  ] 2019-03-17T19:59:42.417198431Z: [    0.615874] ACPI: INT_SRC_OVR (bus 0 bus_irq 10 global_irq 10 high level)
[STDOUT  ] 2019-03-17T19:59:42.417206925Z: [    0.615876] ACPI: INT_SRC_OVR (bus 0 bus_irq 11 global_irq 11 high level)
[STDOUT  ] 2019-03-17T19:59:42.417216080Z: [    0.615883] Using ACPI (MADT) for SMP configuration information
[STDOUT  ] 2019-03-17T19:59:42.417224975Z: [    0.615885] ACPI: HPET id: 0x8086a201 base: 0xfed00000
[STDOUT  ] 2019-03-17T19:59:42.417233764Z: [    0.615921] smpboot: Allowing 1 CPUs, 0 hotplug CPUs
[STDOUT  ] 2019-03-17T19:59:42.417242288Z: [    0.616034] [mem 0x40000000-0xafffffff] available for PCI devices
[STDERR  ] 2019-03-17T19:59:42.416941820Z: [    4.337885] scsi host0: ahci
[STDERR  ] 2019-03-17T19:59:42.417284430Z: [    4.340541] scsi host1: ahci
[STDERR  ] 2019-03-17T19:59:42.417301184Z: [    4.343219] scsi host2: ahci
[STDERR  ] 2019-03-17T19:59:42.417313620Z: [    4.345757] scsi host3: ahci
[STDERR  ] 2019-03-17T19:59:42.417326102Z: [    4.348322] scsi host4: ahci
[STDERR  ] 2019-03-17T19:59:42.417338578Z: [    4.350821] scsi host5: ahci
[STDERR  ] 2019-03-17T19:59:42.417351327Z: [    4.353277] ata1: SATA max UDMA/133 abar m4096@0xfebd2000 port 0xfebd2100 irq 24
[STDERR  ] 2019-03-17T19:59:42.417364828Z: [    4.359269] ata2: SATA max UDMA/133 abar m4096@0xfebd2000 port 0xfebd2180 irq 24
[STDERR  ] 2019-03-17T19:59:42.417377239Z: [    4.365150] ata3: SATA max UDMA/133 abar m4096@0xfebd2000 port 0xfebd2200 irq 24
[STDERR  ] 2019-03-17T19:59:42.417389556Z: [    4.371077] ata4: SATA max UDMA/133 abar m4096@0xfebd2000 port 0xfebd2280 irq 24
[STDERR  ] 2019-03-17T19:59:42.417402017Z: [    4.376983] ata5: SATA max UDMA/133 abar m4096@0xfebd2000 port 0xfebd2300 irq 24
[STDERR  ] 2019-03-17T19:59:42.417414355Z: [    4.382952] ata6: SATA max UDMA/133 abar m4096@0xfebd2000 port 0xfebd2380 irq 24
[STDERR  ] 2019-03-17T19:59:42.417430594Z: [    4.391029] tun: Universal TUN/TAP device driver, 1.6
[STDERR  ] 2019-03-17T19:59:42.417443229Z: [    4.400035] VMware vmxnet3 virtual NIC driver - version 1.4.16.0-k-NAPI
[STDERR  ] 2019-03-17T19:59:42.417455955Z: [    4.405362] hv_vmbus: registering driver hv_netvsc
[STDERR  ] 2019-03-17T19:59:42.417469080Z: [    4.409372] Fusion MPT base driver 3.04.20
[STDERR  ] 2019-03-17T19:59:42.417481779Z: [    4.412789] Copyright (c) 1999-2008 LSI Corporation
[STDERR  ] 2019-03-17T19:59:42.417494231Z: [    4.416831] Fusion MPT SPI Host driver 3.04.20
[STDERR  ] 2019-03-17T19:59:42.417506229Z: [    4.420602] i8042: PNP: PS/2 Controller [PNP0303:KBD,PNP0f13:MOU] at 0x60,0x64 irq 1,12
[STDERR  ] 2019-03-17T19:59:42.417519334Z: [    4.430775] serio: i8042 KBD port at 0x60,0x64 irq 1
[STDERR  ] 2019-03-17T19:59:42.417531653Z: [    4.434982] serio: i8042 AUX port at 0x60,0x64 irq 12
[STDERR  ] 2019-03-17T19:59:42.417544021Z: [    4.439273] hv_vmbus: registering driver hyperv_keyboard
[STDERR  ] 2019-03-17T19:59:42.417556585Z: [    4.443797] mousedev: PS/2 mouse device common for all mice
[STDERR  ] 2019-03-17T19:59:42.417569098Z: [    4.449706] input: AT Translated Set 2 keyboard as /devices/platform/i8042/serio0/input/input1
[STDERR  ] 2019-03-17T19:59:42.417581435Z: [    4.456791] input: PC Speaker as /devices/platform/pcspkr/input/input2
[STDERR  ] 2019-03-17T19:59:42.417593573Z: [    4.463215] rtc_cmos 00:00: RTC can wake from S4
[STDERR  ] 2019-03-17T19:59:42.417605996Z: [    4.469528] rtc_cmos 00:00: registered as rtc0
[STDERR  ] 2019-03-17T19:59:42.417618437Z: [    4.473398] rtc_cmos 00:00: alarms up to one day, y3k, 114 bytes nvram, hpet irqs
[STDERR  ] 2019-03-17T19:59:42.417633369Z: [    4.479540] i2c /dev entries driver
[STDERR  ] 2019-03-17T19:59:42.417645773Z: [    4.482587] device-mapper: ioctl: 4.39.0-ioctl (2018-04-03) initialised: dm-devel@redhat.com
[STDERR  ] 2019-03-17T19:59:42.417661042Z: [    4.490260] usbcore: registered new interface driver usbhid
[STDERR  ] 2019-03-17T19:59:42.417673892Z: [    4.494873] usbhid: USB HID core driver
[STDERR  ] 2019-03-17T19:59:42.417686321Z: [    4.498140] hv_utils: Registering HyperV Utility Driver
[STDERR  ] 2019-03-17T19:59:42.417700791Z: [    4.502504] hv_vmbus: registering driver hv_util
[STDERR  ] 2019-03-17T19:59:42.417712965Z: [    4.506305] hv_vmbus: registering driver hv_balloon
[STDERR  ] 2019-03-17T19:59:42.417725200Z: [    4.510257] oprofile: using NMI interrupt.
[STDERR  ] 2019-03-17T19:59:42.417737170Z: [    4.513680] GACT probability on
[STDERR  ] 2019-03-17T19:59:42.417749896Z: [    4.516280] Mirror/redirect action on
[STDERR  ] 2019-03-17T19:59:42.417762372Z: [    4.519346] Simple TC action Loaded
[STDERR  ] 2019-03-17T19:59:42.417774738Z: [    4.522343] u32 classifier
[STDERR  ] 2019-03-17T19:59:42.417787121Z: [    4.524680]     Performance counters on
[STDERR  ] 2019-03-17T19:59:42.417799411Z: [    4.527901]     input device check on
[STDERR  ] 2019-03-17T19:59:42.417815226Z: [    4.531053]     Actions configured
[STDERR  ] 2019-03-17T19:59:42.417833021Z: [    4.534246] xt_time: kernel timezone is -0000
[STDERR  ] 2019-03-17T19:59:42.417851857Z: [    4.537911] IPVS: Registered protocols (TCP, UDP, SCTP, AH, ESP)
[STDERR  ] 2019-03-17T19:59:42.417864203Z: [    4.542848] IPVS: Connection hash table configured (size=4096, memory=64Kbytes)
[STDERR  ] 2019-03-17T19:59:42.417876582Z: [    4.548842] IPVS: ipvs loaded.
[STDERR  ] 2019-03-17T19:59:42.417888779Z: [    4.551451] IPVS: [rr] scheduler registered.
[STDERR  ] 2019-03-17T19:59:42.417905498Z: [    4.555141] IPVS: [wrr] scheduler registered.
[STDERR  ] 2019-03-17T19:59:42.417944156Z: [    4.558917] IPVS: [lc] scheduler registered.
[STDERR  ] 2019-03-17T19:59:42.417956626Z: [    4.562595] IPVS: [wlc] scheduler registered.
[STDERR  ] 2019-03-17T19:59:42.417968928Z: [    4.566327] IPVS: [fo] scheduler registered.
[STDERR  ] 2019-03-17T19:59:42.417980793Z: [    4.570064] IPVS: [ovf] scheduler registered.
[STDERR  ] 2019-03-17T19:59:42.417993371Z: [    4.573824] IPVS: [lblc] scheduler registered.
[STDERR  ] 2019-03-17T19:59:42.418005602Z: [    4.577673] IPVS: [lblcr] scheduler registered.
[STDERR  ] 2019-03-17T19:59:42.418018039Z: [    4.581415] IPVS: [dh] scheduler registered.
[STDERR  ] 2019-03-17T19:59:42.418043013Z: [    4.584866] IPVS: [sh] scheduler registered.
[STDERR  ] 2019-03-17T19:59:42.418062530Z: [    4.588398] IPVS: [mh] scheduler registered.
[STDERR  ] 2019-03-17T19:59:42.418076943Z: [    4.591942] IPVS: [sed] scheduler registered.
[STDERR  ] 2019-03-17T19:59:42.418089623Z: [    4.595897] IPVS: [nq] scheduler registered.
[STDERR  ] 2019-03-17T19:59:42.418105803Z: [    4.599450] IPVS: ftp: loaded support on port[0] = 21
[STDERR  ] 2019-03-17T19:59:42.418118336Z: [    4.604072] ipip: IPv4 and MPLS over IPv4 tunneling driver
[STDERR  ] 2019-03-17T19:59:42.418131000Z: [    4.609157] gre: GRE over IPv4 demultiplexor driver
[STDERR  ] 2019-03-17T19:59:42.418143363Z: [    4.613283] ipt_CLUSTERIP: ClusterIP Version 0.8 loaded successfully
[STDERR  ] 2019-03-17T19:59:42.418158653Z: [    4.618790] NET: Registered protocol family 10
[STDERR  ] 2019-03-17T19:59:42.418191962Z: [    4.622856] Segment Routing with IPv6
[STDERR  ] 2019-03-17T19:59:42.418204472Z: [    4.626576] NET: Registered protocol family 17
[STDERR  ] 2019-03-17T19:59:42.418216894Z: [    4.630234] Bridge firewalling registered
[STDERR  ] 2019-03-17T19:59:42.418238479Z: [    4.633882] 8021q: 802.1Q VLAN Support v1.8
[STDERR  ] 2019-03-17T19:59:42.418271526Z: [    4.637409] 9pnet: Installing 9P2000 support
[STDERR  ] 2019-03-17T19:59:42.418291374Z: [    4.641365] Key type dns_resolver registered
[STDERR  ] 2019-03-17T19:59:42.418308802Z: [    4.645219] registered taskstats version 1
[STDERR  ] 2019-03-17T19:59:42.418321381Z: [    4.657320] Key type big_key registered
[STDERR  ] 2019-03-17T19:59:42.418333687Z: [    4.664688] Key type trusted registered
[STDERR  ] 2019-03-17T19:59:42.418346272Z: [    4.671981] Key type encrypted registered
[STDERR  ] 2019-03-17T19:59:42.418359171Z: [    4.676106] ima: No TPM chip found, activating TPM-bypass!
[STDERR  ] 2019-03-17T19:59:42.418371710Z: [    4.681347] ima: Allocated hash algorithm: sha256
[STDERR  ] 2019-03-17T19:59:42.418392828Z: [    4.685754] evm: Initialising EVM extended attributes:
[STDERR  ] 2019-03-17T19:59:42.418405366Z: [    4.690420] evm: security.ima
[STDERR  ] 2019-03-17T19:59:42.418417671Z: [    4.693149] evm: security.capability
[STDERR  ] 2019-03-17T19:59:42.418430144Z: [    4.696404] evm: HMAC attrs: 0x1
[STDERR  ] 2019-03-17T19:59:42.418442491Z: [    4.700083] ata3: SATA link up 1.5 Gbps (SStatus 113 SControl 300)
[STDERR  ] 2019-03-17T19:59:42.418455179Z: [    4.706582] ata2: SATA link down (SStatus 0 SControl 300)
[STDERR  ] 2019-03-17T19:59:42.418470836Z: [    4.712206] ata1: SATA link down (SStatus 0 SControl 300)
[STDERR  ] 2019-03-17T19:59:42.418483197Z: [    4.717865] ata6: SATA link down (SStatus 0 SControl 300)
[STDERR  ] 2019-03-17T19:59:42.418500554Z: [    4.723519] ata5: SATA link down (SStatus 0 SControl 300)
[STDERR  ] 2019-03-17T19:59:42.418535669Z: [    4.729261] ata4: SATA link down (SStatus 0 SControl 300)
[STDERR  ] 2019-03-17T19:59:42.418555684Z: [    4.734327] ata3.00: ATAPI: QEMU DVD-ROM, 2.5+, max UDMA/100
[STDERR  ] 2019-03-17T19:59:42.418568570Z: [    4.739407] ata3.00: applying bridge limits
[STDERR  ] 2019-03-17T19:59:42.418594066Z: [    4.744052] ata3.00: configured for UDMA/100
[STDERR  ] 2019-03-17T19:59:42.418606190Z: [    4.748779] rtc_cmos 00:00: setting system clock to 2019-03-17 19:59:32 UTC (1552852772)
[STDERR  ] 2019-03-17T19:59:42.418618792Z: [    4.756900] scsi 2:0:0:0: CD-ROM            QEMU     QEMU DVD-ROM     2.5+ PQ: 0 ANSI: 5
[STDERR  ] 2019-03-17T19:59:42.418631358Z: [    4.764233] Unstable clock detected, switching default tracing clock to "global"
[STDERR  ] 2019-03-17T19:59:42.418643518Z: [    4.764233] If you want to keep using the local clock, then add:
[STDERR  ] 2019-03-17T19:59:42.418655512Z: [    4.764233]   "trace_clock=local"
[STDERR  ] 2019-03-17T19:59:42.418667831Z: [    4.764233] on the kernel command line
[STDERR  ] 2019-03-17T19:59:42.418680157Z: [    4.797345] sr 2:0:0:0: [sr0] scsi3-mmc drive: 4x/4x cd/rw xa/form2 tray
[STDERR  ] 2019-03-17T19:59:42.418701039Z: [    4.803539] cdrom: Uniform CD-ROM driver Revision: 3.20
[STDERR  ] 2019-03-17T19:59:42.418713612Z: [    4.808853] sr 2:0:0:0: Attached scsi generic sg0 type 5
[STDERR  ] 2019-03-17T19:59:42.418726091Z: [    4.816661] Freeing unused kernel image memory: 1584K
