[INFO    ] 2018-01-19T11:40:04.073736366Z: Running Test linuxkit.packages.getty-containerd in /tmp/build/test/cases/040_packages/007_getty-containerd
[INFO    ] 2018-01-19T11:40:04.073841932Z: Running command: [/bin/sh -x /tmp/build/test/cases/040_packages/007_getty-containerd/test.sh]
[STDERR  ] 2018-01-19T11:40:04.13894417Z: + set -e
[STDERR  ] 2018-01-19T11:40:04.139008842Z: + . /tmp/build/test/cases/_lib/lib.sh
[STDERR  ] 2018-01-19T11:40:04.139019671Z: + [ -f src/github.com/linuxkit/rtf/lib/lib.sh ]
[STDERR  ] 2018-01-19T11:40:04.139026899Z: + LINUXKIT_TMPDIR=/tmp/build/test/cases/_tmp
[STDERR  ] 2018-01-19T11:40:04.139033606Z: + [ -f /tmp/build/test/cases/_tmp/env.sh ]
[STDERR  ] 2018-01-19T11:40:04.139040177Z: + . /tmp/build/test/cases/_tmp/env.sh
[STDERR  ] 2018-01-19T11:40:04.139046603Z: + export LINUXKIT_EXAMPLES_DIR=/tmp/build/test/cases/../../examples
[STDERR  ] 2018-01-19T11:40:04.139053723Z: + export LINUXKIT_BLUEPRINTS_DIR=/tmp/build/test/cases/../../blueprints
[STDERR  ] 2018-01-19T11:40:04.139075718Z: + RT_CANCEL=253
[STDERR  ] 2018-01-19T11:40:04.139082806Z: + NAME=test-ctr
[STDERR  ] 2018-01-19T11:40:04.139090532Z: + trap clean_up EXIT
[STDERR  ] 2018-01-19T11:40:04.139097132Z: + linuxkit build -format kernel+initrd -name test-ctr test.yml
[STDERR  ] 2018-01-19T11:40:04.164485142Z: Extract kernel image: linuxkit/kernel:4.9.x
[STDERR  ] 2018-01-19T11:40:05.287362786Z: time="2018-01-19T11:40:05Z" level=warning msg="certificate with CN Justin Cormack is near expiry"
[STDERR  ] 2018-01-19T11:40:05.28751602Z: time="2018-01-19T11:40:05Z" level=warning msg="certificate with CN  is near expiry"
[STDERR  ] 2018-01-19T11:40:05.287747614Z: time="2018-01-19T11:40:05Z" level=warning msg="certificate with CN  is near expiry"
[STDERR  ] 2018-01-19T11:40:05.337775488Z: time="2018-01-19T11:40:05Z" level=warning msg="certificate with CN Justin Cormack is near expiry"
[STDERR  ] 2018-01-19T11:40:05.381092581Z: Pull image: docker.io/linuxkit/kernel:4.9.x@sha256:4e75a4717ea3adb578e611076a38722d27c98676e90f84c8ae7edccce359b5ba
[STDERR  ] 2018-01-19T11:40:09.469344537Z: Add init containers:
[STDERR  ] 2018-01-19T11:40:09.469403184Z: Process init image: linuxkit/init:be8756f0a6005279d2409a8790b4dd8b2ac11df9
[STDERR  ] 2018-01-19T11:40:10.521836898Z: time="2018-01-19T11:40:10Z" level=warning msg="certificate with CN Justin Cormack is near expiry"
[STDERR  ] 2018-01-19T11:40:10.521996112Z: time="2018-01-19T11:40:10Z" level=warning msg="certificate with CN  is near expiry"
[STDERR  ] 2018-01-19T11:40:10.522156575Z: time="2018-01-19T11:40:10Z" level=warning msg="certificate with CN  is near expiry"
[STDERR  ] 2018-01-19T11:40:10.526913972Z: time="2018-01-19T11:40:10Z" level=warning msg="certificate with CN Justin Cormack is near expiry"
[STDERR  ] 2018-01-19T11:40:10.528516551Z: time="2018-01-19T11:40:10Z" level=warning msg="certificate with CN  is near expiry"
[STDERR  ] 2018-01-19T11:40:10.717631297Z: Process init image: linuxkit/runc:7b15b00b4e3507d62e3ed8d44dfe650561cd35ff
[STDERR  ] 2018-01-19T11:40:11.745781873Z: time="2018-01-19T11:40:11Z" level=warning msg="certificate with CN  is near expiry"
[STDERR  ] 2018-01-19T11:40:11.746046233Z: time="2018-01-19T11:40:11Z" level=warning msg="certificate with CN  is near expiry"
[STDERR  ] 2018-01-19T11:40:11.746678094Z: time="2018-01-19T11:40:11Z" level=warning msg="certificate with CN Justin Cormack is near expiry"
[STDERR  ] 2018-01-19T11:40:11.751055638Z: time="2018-01-19T11:40:11Z" level=warning msg="certificate with CN Justin Cormack is near expiry"
[STDERR  ] 2018-01-19T11:40:11.752369619Z: time="2018-01-19T11:40:11Z" level=warning msg="certificate with CN  is near expiry"
[STDERR  ] 2018-01-19T11:40:11.928817669Z: Process init image: linuxkit/containerd:78706a05d00a7385ff2b6b7db280041338e4b34a
[STDERR  ] 2018-01-19T11:40:12.955146903Z: time="2018-01-19T11:40:12Z" level=warning msg="certificate with CN Justin Cormack is near expiry"
[STDERR  ] 2018-01-19T11:40:12.955311463Z: time="2018-01-19T11:40:12Z" level=warning msg="certificate with CN  is near expiry"
[STDERR  ] 2018-01-19T11:40:12.95541037Z: time="2018-01-19T11:40:12Z" level=warning msg="certificate with CN  is near expiry"
[STDERR  ] 2018-01-19T11:40:12.955529742Z: time="2018-01-19T11:40:12Z" level=warning msg="certificate with CN  is near expiry"
[STDERR  ] 2018-01-19T11:40:12.958939202Z: time="2018-01-19T11:40:12Z" level=warning msg="certificate with CN Justin Cormack is near expiry"
[STDERR  ] 2018-01-19T11:40:12.960393076Z: time="2018-01-19T11:40:12Z" level=warning msg="certificate with CN  is near expiry"
[STDERR  ] 2018-01-19T11:40:13.183038148Z: Process init image: linuxkit/ca-certificates:de21b84d9b055ad9dcecc57965b654a7a24ef8e0
[STDERR  ] 2018-01-19T11:40:14.211199506Z: time="2018-01-19T11:40:14Z" level=warning msg="certificate with CN Justin Cormack is near expiry"
[STDERR  ] 2018-01-19T11:40:14.211370615Z: time="2018-01-19T11:40:14Z" level=warning msg="certificate with CN  is near expiry"
[STDERR  ] 2018-01-19T11:40:14.21258196Z: time="2018-01-19T11:40:14Z" level=warning msg="certificate with CN Justin Cormack is near expiry"
[STDERR  ] 2018-01-19T11:40:14.213662373Z: time="2018-01-19T11:40:14Z" level=warning msg="certificate with CN  is near expiry"
[STDERR  ] 2018-01-19T11:40:14.352648467Z: Add onboot containers:
[STDERR  ] 2018-01-19T11:40:14.352710146Z:   Create OCI config for linuxkit/dhcpcd:0d59a6cc03412289ef4313f2491ec666c1715cc9
[STDERR  ] 2018-01-19T11:40:15.384712285Z: time="2018-01-19T11:40:15Z" level=warning msg="certificate with CN Justin Cormack is near expiry"
[STDERR  ] 2018-01-19T11:40:15.384866092Z: time="2018-01-19T11:40:15Z" level=warning msg="certificate with CN  is near expiry"
[STDERR  ] 2018-01-19T11:40:15.384961581Z: time="2018-01-19T11:40:15Z" level=warning msg="certificate with CN  is near expiry"
[STDERR  ] 2018-01-19T11:40:15.386404434Z: time="2018-01-19T11:40:15Z" level=warning msg="certificate with CN Justin Cormack is near expiry"
[STDERR  ] 2018-01-19T11:40:15.387067402Z: time="2018-01-19T11:40:15Z" level=warning msg="certificate with CN  is near expiry"
[STDERR  ] 2018-01-19T11:40:15.547980868Z: Add service containers:
[STDERR  ] 2018-01-19T11:40:15.548028607Z:   Create OCI config for linuxkit/getty:22e27189b6b354e1d5d38fc0536a5af3f2adb79f
[STDERR  ] 2018-01-19T11:40:16.6028599Z: time="2018-01-19T11:40:16Z" level=warning msg="certificate with CN  is near expiry"
[STDERR  ] 2018-01-19T11:40:16.60295786Z: time="2018-01-19T11:40:16Z" level=warning msg="certificate with CN Justin Cormack is near expiry"
[STDERR  ] 2018-01-19T11:40:16.60313219Z: time="2018-01-19T11:40:16Z" level=warning msg="certificate with CN  is near expiry"
[STDERR  ] 2018-01-19T11:40:16.60946467Z: time="2018-01-19T11:40:16Z" level=warning msg="certificate with CN  is near expiry"
[STDERR  ] 2018-01-19T11:40:16.610550245Z: time="2018-01-19T11:40:16Z" level=warning msg="certificate with CN Justin Cormack is near expiry"
[STDERR  ] 2018-01-19T11:40:16.612034903Z: time="2018-01-19T11:40:16Z" level=warning msg="certificate with CN  is near expiry"
[STDERR  ] 2018-01-19T11:40:17.042982251Z: Add files:
[STDERR  ] 2018-01-19T11:40:17.043028552Z:   etc/getty.shadow
[STDERR  ] 2018-01-19T11:40:17.043042036Z: Create outputs:
[STDERR  ] 2018-01-19T11:40:22.981157581Z:   test-ctr-kernel test-ctr-initrd.img test-ctr-cmdline
[STDERR  ] 2018-01-19T11:40:23.034362564Z: + [ -f test-ctr-kernel ]
[STDERR  ] 2018-01-19T11:40:23.034432055Z: + [ -f test-ctr-initrd.img ]
[STDERR  ] 2018-01-19T11:40:23.034443906Z: + [ -f test-ctr-cmdline ]
[STDERR  ] 2018-01-19T11:40:23.034454229Z: + ./test.exp
[STDOUT  ] 2018-01-19T11:40:23.449323551Z: spawn linuxkit run test-ctr
[STDOUT  ] 2018-01-19T11:40:23.531680285Z: Unable to find qemu-system-x86_64 within the $PATH. Using a container
[STDOUT  ] 2018-01-19T11:40:25.169008372Z: [    0.000000] Linux version 4.9.34-linuxkit (root@b147ce67977e) (gcc version 6.3.0 (Alpine 6.3.0) ) #1 SMP Tue Jun 27 09:54:32 UTC 2017
[STDOUT  ] 2018-01-19T11:40:25.174681702Z: [    0.000000] Command line: console=ttyS0 console=ttyAMA0
[STDOUT  ] 2018-01-19T11:40:25.179610807Z: [    0.000000] x86/fpu: Legacy x87 FPU detected.
[STDOUT  ] 2018-01-19T11:40:25.185721747Z: [    0.000000] x86/fpu: Using 'eager' FPU context switches.
[STDOUT  ] 2018-01-19T11:40:25.191086318Z: [    0.000000] e820: BIOS-provided physical RAM map:
[STDOUT  ] 2018-01-19T11:40:25.19879514Z: [    0.000000] BIOS-e820: [mem 0x0000000000000000-0x000000000009fbff] usable
[STDOUT  ] 2018-01-19T11:40:25.206608793Z: [    0.000000] BIOS-e820: [mem 0x000000000009fc00-0x000000000009ffff] reserved
[STDOUT  ] 2018-01-19T11:40:25.214417175Z: [    0.000000] BIOS-e820: [mem 0x00000000000f0000-0x00000000000fffff] reserved
[STDOUT  ] 2018-01-19T11:40:25.222317921Z: [    0.000000] BIOS-e820: [mem 0x0000000000100000-0x000000003ffdefff] usable
[STDOUT  ] 2018-01-19T11:40:25.230021421Z: [    0.000000] BIOS-e820: [mem 0x000000003ffdf000-0x000000003fffffff] reserved
[STDOUT  ] 2018-01-19T11:40:25.23814447Z: [    0.000000] BIOS-e820: [mem 0x00000000b0000000-0x00000000bfffffff] reserved
[STDOUT  ] 2018-01-19T11:40:25.245878667Z: [    0.000000] BIOS-e820: [mem 0x00000000fed1c000-0x00000000fed1ffff] reserved
[STDOUT  ] 2018-01-19T11:40:25.253610614Z: [    0.000000] BIOS-e820: [mem 0x00000000feffc000-0x00000000feffffff] reserved
[STDOUT  ] 2018-01-19T11:40:25.261407415Z: [    0.000000] BIOS-e820: [mem 0x00000000fffc0000-0x00000000ffffffff] reserved
[STDOUT  ] 2018-01-19T11:40:25.266831903Z: [    0.000000] NX (Execute Disable) protection: active
[STDOUT  ] 2018-01-19T11:40:25.270469994Z: [    0.000000] SMBIOS 2.8 present.
[STDOUT  ] 2018-01-19T11:40:25.274494573Z: [    0.000000] Hypervisor detected: KVM
[STDOUT  ] 2018-01-19T11:40:25.281183238Z: [    0.000000] e820: last_pfn = 0x3ffdf max_arch_pfn = 0x400000000
[STDOUT  ] 2018-01-19T11:40:25.286177876Z: [    0.000000] x86/PAT: PAT not supported by CPU.
[STDOUT  ] 2018-01-19T11:40:25.294223184Z: [    0.000000] x86/PAT: Configuration [0-7]: WB  WT  UC- UC  WB  WT  UC- UC  
[STDOUT  ] 2018-01-19T11:40:25.303637447Z: [    0.000000] found SMP MP-table at [mem 0x000f6aa0-0x000f6aaf] mapped at [ffff8dc7400f6aa0]
[STDOUT  ] 2018-01-19T11:40:25.3089021Z: [    0.000000] RAMDISK: [mem 0x3dfe5000-0x3ffcffff]
[STDOUT  ] 2018-01-19T11:40:25.315277225Z: [    0.000000] ACPI: Early table checksum verification disabled
[STDOUT  ] 2018-01-19T11:40:25.321828799Z: [    0.000000] ACPI: RSDP 0x00000000000F68B0 000014 (v00 BOCHS )
[STDOUT  ] 2018-01-19T11:40:25.331345933Z: [    0.000000] ACPI: RSDT 0x000000003FFE20A8 000034 (v01 BOCHS  BXPCRSDT 00000001 BXPC 00000001)
[STDOUT  ] 2018-01-19T11:40:25.340897231Z: [    0.000000] ACPI: FACP 0x000000003FFE1EC8 0000F4 (v03 BOCHS  BXPCFACP 00000001 BXPC 00000001)
[STDOUT  ] 2018-01-19T11:40:25.350693497Z: [    0.000000] ACPI: DSDT 0x000000003FFE0040 001E88 (v01 BOCHS  BXPCDSDT 00000001 BXPC 00000001)
[STDOUT  ] 2018-01-19T11:40:25.356228392Z: [    0.000000] ACPI: FACS 0x000000003FFE0000 000040
[STDOUT  ] 2018-01-19T11:40:25.365846049Z: [    0.000000] ACPI: APIC 0x000000003FFE1FBC 000078 (v01 BOCHS  BXPCAPIC 00000001 BXPC 00000001)
[STDOUT  ] 2018-01-19T11:40:25.37545048Z: [    0.000000] ACPI: HPET 0x000000003FFE2034 000038 (v01 BOCHS  BXPCHPET 00000001 BXPC 00000001)
[STDOUT  ] 2018-01-19T11:40:25.384932871Z: [    0.000000] ACPI: MCFG 0x000000003FFE206C 00003C (v01 BOCHS  BXPCMCFG 00000001 BXPC 00000001)
[STDOUT  ] 2018-01-19T11:40:25.390806965Z: [    0.000000] kvm-clock: Using msrs 4b564d01 and 4b564d00
[STDOUT  ] 2018-01-19T11:40:25.397426596Z: [    0.000000] kvm-clock: cpu 0, msr 0:3ffdd001, primary cpu clock
[STDOUT  ] 2018-01-19T11:40:25.408985755Z: [    0.000000] clocksource: kvm-clock: mask: 0xffffffffffffffff max_cycles: 0x1cd42e4dffb, max_idle_ns: 881590591483 ns
[STDOUT  ] 2018-01-19T11:40:25.412003101Z: [    0.000000] Zone ranges:
[STDOUT  ] 2018-01-19T11:40:25.418970139Z: [    0.000000]   DMA      [mem 0x0000000000001000-0x0000000000ffffff]
[STDOUT  ] 2018-01-19T11:40:25.425957674Z: [    0.000000]   DMA32    [mem 0x0000000001000000-0x000000003ffdefff]
[STDOUT  ] 2018-01-19T11:40:25.429100271Z: [    0.000000]   Normal   empty
[STDOUT  ] 2018-01-19T11:40:25.43399905Z: [    0.000000] Movable zone start for each node
[STDOUT  ] 2018-01-19T11:40:25.438182926Z: [    0.000000] Early memory node ranges
[STDOUT  ] 2018-01-19T11:40:25.445109485Z: [    0.000000]   node   0: [mem 0x0000000000001000-0x000000000009efff]
[STDOUT  ] 2018-01-19T11:40:25.452200773Z: [    0.000000]   node   0: [mem 0x0000000000100000-0x000000003ffdefff]
[STDOUT  ] 2018-01-19T11:40:25.460131481Z: [    0.000000] Initmem setup node 0 [mem 0x0000000000001000-0x000000003ffdefff]
[STDOUT  ] 2018-01-19T11:40:25.464620239Z: [    0.000000] ACPI: PM-Timer IO Port: 0x608
[STDOUT  ] 2018-01-19T11:40:25.470993749Z: [    0.000000] ACPI: LAPIC_NMI (acpi_id[0xff] dfl dfl lint[0x1])
[STDOUT  ] 2018-01-19T11:40:25.478689314Z: [    0.000000] IOAPIC[0]: apic_id 0, version 17, address 0xfec00000, GSI 0-23
[STDOUT  ] 2018-01-19T11:40:25.485798301Z: [    0.000000] ACPI: INT_SRC_OVR (bus 0 bus_irq 0 global_irq 2 dfl dfl)
[STDOUT  ] 2018-01-19T11:40:25.493187263Z: [    0.000000] ACPI: INT_SRC_OVR (bus 0 bus_irq 5 global_irq 5 high level)
[STDOUT  ] 2018-01-19T11:40:25.500645643Z: [    0.000000] ACPI: INT_SRC_OVR (bus 0 bus_irq 9 global_irq 9 high level)
[STDOUT  ] 2018-01-19T11:40:25.508238759Z: [    0.000000] ACPI: INT_SRC_OVR (bus 0 bus_irq 10 global_irq 10 high level)
[STDOUT  ] 2018-01-19T11:40:25.51579535Z: [    0.000000] ACPI: INT_SRC_OVR (bus 0 bus_irq 11 global_irq 11 high level)
[STDOUT  ] 2018-01-19T11:40:25.522400016Z: [    0.000000] Using ACPI (MADT) for SMP configuration information
[STDOUT  ] 2018-01-19T11:40:25.52806805Z: [    0.000000] ACPI: HPET id: 0x8086a201 base: 0xfed00000
[STDOUT  ] 2018-01-19T11:40:25.533906873Z: [    0.000000] smpboot: Allowing 1 CPUs, 0 hotplug CPUs
[STDOUT  ] 2018-01-19T11:40:25.542838392Z: [    0.000000] e820: [mem 0x40000000-0xafffffff] available for PCI devices
[STDOUT  ] 2018-01-19T11:40:25.548179366Z: [    0.000000] Booting paravirtualized kernel on KVM
[STDOUT  ] 2018-01-19T11:40:25.559906133Z: [    0.000000] clocksource: refined-jiffies: mask: 0xffffffff max_cycles: 0xffffffff, max_idle_ns: 19112604462750000 ns
[STDOUT  ] 2018-01-19T11:40:25.568436692Z: [    0.000000] setup_percpu: NR_CPUS:128 nr_cpumask_bits:128 nr_cpu_ids:1 nr_node_ids:1
[STDOUT  ] 2018-01-19T11:40:25.57765033Z: [    0.000000] percpu: Embedded 35 pages/cpu @ffff8dc77dc00000 s105112 r8192 d30056 u2097152
[STDOUT  ] 2018-01-19T11:40:25.582100985Z: [    0.000000] KVM setup async PF for cpu 0
[STDOUT  ] 2018-01-19T11:40:25.587109018Z: [    0.000000] kvm-stealtime: cpu 0, msr 3dc0d540
[STDOUT  ] 2018-01-19T11:40:25.596051153Z: [    0.000000] Built 1 zonelists in Zone order, mobility grouping on.  Total pages: 257896
[STDOUT  ] 2018-01-19T11:40:25.603325496Z: [    0.000000] Kernel command line: console=ttyS0 console=ttyAMA0
[STDOUT  ] 2018-01-19T11:40:25.610226421Z: [    0.000000] PID hash table entries: 4096 (order: 3, 32768 bytes)
[STDOUT  ] 2018-01-19T11:40:25.618207793Z: [    0.000000] Dentry cache hash table entries: 131072 (order: 8, 1048576 bytes)
[STDOUT  ] 2018-01-19T11:40:25.62593565Z: [    0.000000] Inode-cache hash table entries: 65536 (order: 7, 524288 bytes)
[STDOUT  ] 2018-01-19T11:40:25.640832814Z: [    0.000000] Memory: 981528K/1048052K available (8023K kernel code, 1336K rwdata, 2692K rodata, 1372K init, 564K bss, 66524K reserved, 0K cma-reserved)
[STDOUT  ] 2018-01-19T11:40:25.645613188Z: [    0.000000] Hierarchical RCU implementation.
[STDOUT  ] 2018-01-19T11:40:25.651622957Z: [    0.000000] 	Build-time adjustment of leaf fanout to 64.
[STDOUT  ] 2018-01-19T11:40:25.658277323Z: [    0.000000] 	RCU restricting CPUs from NR_CPUS=128 to nr_cpu_ids=1.
[STDOUT  ] 2018-01-19T11:40:25.665745877Z: [    0.000000] RCU: Adjusting geometry for rcu_fanout_leaf=64, nr_cpu_ids=1
[STDOUT  ] 2018-01-19T11:40:25.670032602Z: [    0.000000] NR_IRQS:8448 nr_irqs:256 16
[STDOUT  ] 2018-01-19T11:40:25.674338474Z: [    0.000000] Console: colour VGA+ 80x25
[STDOUT  ] 2018-01-19T11:40:25.678305926Z: [    0.000000] console [ttyS0] enabled
[STDOUT  ] 2018-01-19T11:40:25.689110473Z: [    0.000000] clocksource: hpet: mask: 0xffffffff max_cycles: 0xffffffff, max_idle_ns: 19112604467 ns
[STDOUT  ] 2018-01-19T11:40:25.694965749Z: [    0.000000] tsc: Detected 2300.004 MHz processor
[STDOUT  ] 2018-01-19T11:40:25.704598735Z: [    0.020000] Calibrating delay loop (skipped) preset value.. 4600.00 BogoMIPS (lpj=23000040)
[STDOUT  ] 2018-01-19T11:40:25.70997735Z: [    0.023303] pid_max: default: 32768 minimum: 301
[STDOUT  ] 2018-01-19T11:40:25.714586811Z: [    0.030069] ACPI: Core revision 20160831
[STDOUT  ] 2018-01-19T11:40:25.722513996Z: [    0.035292] ACPI: 1 ACPI AML tables successfully acquired and loaded
[STDOUT  ] 2018-01-19T11:40:25.727399302Z: [    0.040097] Security Framework initialized
[STDOUT  ] 2018-01-19T11:40:25.731531247Z: [    0.044735] Yama: becoming mindful.
[STDOUT  ] 2018-01-19T11:40:25.739291465Z: [    0.050099] Mount-cache hash table entries: 2048 (order: 2, 16384 bytes)
[STDOUT  ] 2018-01-19T11:40:25.747176626Z: [    0.057595] Mountpoint-cache hash table entries: 2048 (order: 2, 16384 bytes)
[STDOUT  ] 2018-01-19T11:40:25.752877579Z: [    0.060938] CPU: Physical Processor ID: 0
[STDOUT  ] 2018-01-19T11:40:25.759297102Z: [    0.070299] Last level iTLB entries: 4KB 0, 2MB 0, 4MB 0
[STDOUT  ] 2018-01-19T11:40:25.765953789Z: [    0.076295] Last level dTLB entries: 4KB 0, 2MB 0, 4MB 0, 1GB 0
[STDOUT  ] 2018-01-19T11:40:25.888803454Z: [    0.200087] Freeing SMP alternatives memory: 20K (ffffffffa2ea7000 - ffffffffa2eac000)
[STDOUT  ] 2018-01-19T11:40:25.925350442Z: [    0.239461] ftrace: allocating 35396 entries in 139 pages
[STDOUT  ] 2018-01-19T11:40:26.545876561Z: [    0.260129] smpboot: Max logical packages: 1
[STDOUT  ] 2018-01-19T11:40:26.561587736Z: [    0.275090] ..TIMER: vector=0x30 apic1=0 pin1=2 apic2=-1 pin2=-1
[STDOUT  ] 2018-01-19T11:40:26.691272956Z: [    0.290000] smpboot: CPU0: Intel QEMU Virtual CPU version 2.5+ (family: 0x6, model: 0x6, stepping: 0x3)
[STDOUT  ] 2018-01-19T11:40:26.709342548Z: [    0.290010] Performance Events: PMU not available due to virtualization, using software events only.
[STDOUT  ] 2018-01-19T11:40:26.714916658Z: [    0.308261] x86: Booted up 1 node, 1 CPUs
[STDOUT  ] 2018-01-19T11:40:26.722421775Z: [    0.310011] smpboot: Total of 1 processors activated (4600.00 BogoMIPS)
[STDOUT  ] 2018-01-19T11:40:26.728760891Z: [    0.322548] devtmpfs: initialized
[STDOUT  ] 2018-01-19T11:40:26.733548031Z: [    0.326396] x86/mm: Memory block size: 128MB
[STDOUT  ] 2018-01-19T11:40:26.74813783Z: [    0.333272] clocksource: jiffies: mask: 0xffffffff max_cycles: 0xffffffff, max_idle_ns: 19112604462750000 ns
[STDOUT  ] 2018-01-19T11:40:26.755161729Z: [    0.340029] futex hash table entries: 256 (order: 2, 16384 bytes)
[STDOUT  ] 2018-01-19T11:40:26.760475996Z: [    0.350238] NET: Registered protocol family 16
[STDOUT  ] 2018-01-19T11:40:26.765302826Z: [    0.360285] cpuidle: using governor ladder
[STDOUT  ] 2018-01-19T11:40:26.769808295Z: [    0.364885] cpuidle: using governor menu
[STDOUT  ] 2018-01-19T11:40:26.774353503Z: [    0.369403] ACPI: bus type PCI registered
[STDOUT  ] 2018-01-19T11:40:26.785242069Z: [    0.370500] PCI: MMCONFIG for domain 0000 [bus 00-ff] at [mem 0xb0000000-0xbfffffff] (base 0xb0000000)
[STDOUT  ] 2018-01-19T11:40:26.79295143Z: [    0.380014] PCI: MMCONFIG at [mem 0xb0000000-0xbfffffff] reserved in E820
[STDOUT  ] 2018-01-19T11:40:26.79921242Z: [    0.390031] PCI: Using configuration type 1 for base access
[STDOUT  ] 2018-01-19T11:40:26.808132961Z: [    0.400915] HugeTLB registered 2 MB page size, pre-allocated 0 pages
[STDOUT  ] 2018-01-19T11:40:26.813212931Z: [    0.408269] ACPI: Added _OSI(Module Device)
[STDOUT  ] 2018-01-19T11:40:26.818391138Z: [    0.410009] ACPI: Added _OSI(Processor Device)
[STDOUT  ] 2018-01-19T11:40:26.823698379Z: [    0.415079] ACPI: Added _OSI(3.0 _SCP Extensions)
[STDOUT  ] 2018-01-19T11:40:26.830705744Z: [    0.420011] ACPI: Added _OSI(Processor Aggregator Device)
[STDOUT  ] 2018-01-19T11:40:26.839974848Z: [    0.434965] ACPI: Interpreter enabled
[STDOUT  ] 2018-01-19T11:40:26.844112617Z: [    0.439125] ACPI: (supports S0 S5)
[STDOUT  ] 2018-01-19T11:40:26.854918807Z: [    0.440010] ACPI: Using IOAPIC for interrupt routing
[STDOUT  ] 2018-01-19T11:40:26.874609293Z: [    0.450078] PCI: Using host bridge windows from ACPI; if necessary, use "pci=nocrs" and report a bug
[STDOUT  ] 2018-01-19T11:40:26.890653923Z: [    0.463034] ACPI: PCI Root Bridge [PCI0] (domain 0000 [bus 00-ff])
[STDOUT  ] 2018-01-19T11:40:26.908611417Z: [    0.470023] acpi PNP0A08:00: _OSC: OS supports [ExtendedConfig ASPM ClockPM Segments MSI]
[STDOUT  ] 2018-01-19T11:40:26.919673955Z: [    0.480190] acpi PNP0A08:00: _OSC: OS now controls [PCIeHotplug PME PCIeCapability]
[STDOUT  ] 2018-01-19T11:40:26.924486828Z: [    0.490106] PCI host bridge to bus 0000:00
[STDOUT  ] 2018-01-19T11:40:26.932262374Z: [    0.500015] pci_bus 0000:00: root bus resource [io  0x0000-0x0cf7 window]
[STDOUT  ] 2018-01-19T11:40:26.939977577Z: [    0.510016] pci_bus 0000:00: root bus resource [io  0x0d00-0xffff window]
[STDOUT  ] 2018-01-19T11:40:26.948378932Z: [    0.517614] pci_bus 0000:00: root bus resource [mem 0x000a0000-0x000bffff window]
[STDOUT  ] 2018-01-19T11:40:26.956745889Z: [    0.520017] pci_bus 0000:00: root bus resource [mem 0xc0000000-0xfebfffff window]
[STDOUT  ] 2018-01-19T11:40:26.962863851Z: [    0.530017] pci_bus 0000:00: root bus resource [bus 00-ff]
[STDOUT  ] 2018-01-19T11:40:27.095341129Z: [    0.666009] pci 0000:00:1f.0: quirk: [io  0x0600-0x067f] claimed by ICH6 ACPI/GPIO/TCO
[STDOUT  ] 2018-01-19T11:40:27.16004872Z: [    0.730202] ACPI: PCI Interrupt Link [LNKA] (IRQs 5 *10 11)
[STDOUT  ] 2018-01-19T11:40:27.169976174Z: [    0.740242] ACPI: PCI Interrupt Link [LNKB] (IRQs 5 *10 11)
[STDOUT  ] 2018-01-19T11:40:27.179849099Z: [    0.750241] ACPI: PCI Interrupt Link [LNKC] (IRQs 5 10 *11)
[STDOUT  ] 2018-01-19T11:40:27.189668425Z: [    0.760151] ACPI: PCI Interrupt Link [LNKD] (IRQs 5 10 *11)
[STDOUT  ] 2018-01-19T11:40:27.199661305Z: [    0.769841] ACPI: PCI Interrupt Link [LNKE] (IRQs 5 *10 11)
[STDOUT  ] 2018-01-19T11:40:27.209732434Z: [    0.772853] ACPI: PCI Interrupt Link [LNKF] (IRQs 5 *10 11)
[STDOUT  ] 2018-01-19T11:40:27.219576934Z: [    0.782728] ACPI: PCI Interrupt Link [LNKG] (IRQs 5 10 *11)
[STDOUT  ] 2018-01-19T11:40:27.229747385Z: [    0.792833] ACPI: PCI Interrupt Link [LNKH] (IRQs 5 10 *11)
[STDOUT  ] 2018-01-19T11:40:27.238734763Z: [    0.802613] ACPI: PCI Interrupt Link [GSIA] (IRQs *16)
[STDOUT  ] 2018-01-19T11:40:27.247459996Z: [    0.811448] ACPI: PCI Interrupt Link [GSIB] (IRQs *17)
[STDOUT  ] 2018-01-19T11:40:27.256378117Z: [    0.821641] ACPI: PCI Interrupt Link [GSIC] (IRQs *18)
[STDOUT  ] 2018-01-19T11:40:27.265907919Z: [    0.831547] ACPI: PCI Interrupt Link [GSID] (IRQs *19)
[STDOUT  ] 2018-01-19T11:40:27.275099592Z: [    0.841608] ACPI: PCI Interrupt Link [GSIE] (IRQs *20)
[STDOUT  ] 2018-01-19T11:40:27.284809441Z: [    0.851335] ACPI: PCI Interrupt Link [GSIF] (IRQs *21)
[STDOUT  ] 2018-01-19T11:40:27.293546354Z: [    0.861691] ACPI: PCI Interrupt Link [GSIG] (IRQs *22)
[STDOUT  ] 2018-01-19T11:40:27.302738208Z: [    0.871353] ACPI: PCI Interrupt Link [GSIH] (IRQs *23)
[STDOUT  ] 2018-01-19T11:40:27.310634227Z: [    0.882109] ACPI: Enabled 1 GPEs in block 00 to 3F
[STDOUT  ] 2018-01-19T11:40:27.316834157Z: [    0.890633] SCSI subsystem initialized
[STDOUT  ] 2018-01-19T11:40:27.322905114Z: [    0.896454] ACPI: bus type USB registered
[STDOUT  ] 2018-01-19T11:40:27.331714222Z: [    0.900063] usbcore: registered new interface driver usbfs
[STDOUT  ] 2018-01-19T11:40:27.339864932Z: [    0.910048] usbcore: registered new interface driver hub
[STDOUT  ] 2018-01-19T11:40:27.348172357Z: [    0.918106] usbcore: registered new device driver usb
[STDOUT  ] 2018-01-19T11:40:27.356833501Z: [    0.920058] pps_core: LinuxPPS API ver. 1 registered
[STDOUT  ] 2018-01-19T11:40:27.370939516Z: [    0.930117] pps_core: Software ver. 5.3.6 - Copyright 2005-2007 Rodolfo Giometti <giometti@linux.it>
[STDOUT  ] 2018-01-19T11:40:27.377556863Z: [    0.940034] PTP clock support registered
[STDOUT  ] 2018-01-19T11:40:27.382503787Z: [    0.946660] wmi: Mapper loaded
[STDOUT  ] 2018-01-19T11:40:27.389106914Z: [    0.950203] PCI: Using ACPI for IRQ routing
[STDOUT  ] 2018-01-19T11:40:27.792438993Z: [    1.355199] NetLabel: Initializing
[STDOUT  ] 2018-01-19T11:40:27.799207252Z: [    1.360010] NetLabel:  domain hash size = 128
[STDOUT  ] 2018-01-19T11:40:27.808262226Z: [    1.366896] NetLabel:  protocols = UNLABELED CIPSOv4
[STDOUT  ] 2018-01-19T11:40:27.819081886Z: [    1.370058] NetLabel:  unlabeled traffic allowed by default
[STDOUT  ] 2018-01-19T11:40:27.833004825Z: [    1.380135] HPET: 3 timers in total, 0 timers will be used for per-cpu timer
[STDOUT  ] 2018-01-19T11:40:27.842318557Z: [    1.390134] hpet0: at MMIO 0xfed00000, IRQs 2, 8, 0
[STDOUT  ] 2018-01-19T11:40:27.8534406Z: [    1.401849] hpet0: 3 comparators, 64-bit 100.000000 MHz counter
[STDOUT  ] 2018-01-19T11:40:27.86747076Z: [    1.413560] clocksource: Switched to clocksource kvm-clock
[STDOUT  ] 2018-01-19T11:40:27.884812151Z: [    1.432553] VFS: Disk quotas dquot_6.6.0
[STDOUT  ] 2018-01-19T11:40:27.893623469Z: [    1.437732] VFS: Dquot-cache hash table entries: 512 (order 0, 4096 bytes)
[STDOUT  ] 2018-01-19T11:40:27.897703799Z: [    1.446710] FS-Cache: Loaded
[STDOUT  ] 2018-01-19T11:40:27.901956005Z: [    1.450725] CacheFiles: Loaded
[STDOUT  ] 2018-01-19T11:40:27.90599081Z: [    1.454836] pnp: PnP ACPI init
[STDOUT  ] 2018-01-19T11:40:27.912237831Z: [    1.459878] pnp: PnP ACPI: found 5 devices
[STDOUT  ] 2018-01-19T11:40:27.929863191Z: [    1.471332] clocksource: acpi_pm: mask: 0xffffff max_cycles: 0xffffff, max_idle_ns: 2085701024 ns
[STDOUT  ] 2018-01-19T11:40:27.935678438Z: [    1.482937] NET: Registered protocol family 2
[STDOUT  ] 2018-01-19T11:40:27.944697245Z: [    1.488695] TCP established hash table entries: 8192 (order: 4, 65536 bytes)
[STDOUT  ] 2018-01-19T11:40:27.952828583Z: [    1.497691] TCP bind hash table entries: 8192 (order: 5, 131072 bytes)
[STDOUT  ] 2018-01-19T11:40:27.961046662Z: [    1.505829] TCP: Hash tables configured (established 8192 bind 8192)
[STDOUT  ] 2018-01-19T11:40:27.969112503Z: [    1.514607] UDP hash table entries: 512 (order: 2, 16384 bytes)
[STDOUT  ] 2018-01-19T11:40:27.977041384Z: [    1.522078] UDP-Lite hash table entries: 512 (order: 2, 16384 bytes)
[STDOUT  ] 2018-01-19T11:40:27.982736587Z: [    1.530120] NET: Registered protocol family 1
[STDOUT  ] 2018-01-19T11:40:27.993934238Z: [    1.535876] pci 0000:00:01.0: Video device with shadowed ROM at [mem 0x000c0000-0x000dffff]
[STDOUT  ] 2018-01-19T11:40:27.998933343Z: [    1.547337] Unpacking initramfs...
[STDOUT  ] 2018-01-19T11:40:28.557890271Z: [    2.101841] Freeing initrd memory: 32684K (ffff8dc77dfe5000 - ffff8dc77ffd0000)
[STDOUT  ] 2018-01-19T11:40:28.566061993Z: [    2.111869] PCLMULQDQ-NI instructions are not detected.
[STDOUT  ] 2018-01-19T11:40:28.573476067Z: [    2.119050] AVX or AES-NI instructions are not detected.
[STDOUT  ] 2018-01-19T11:40:28.580748184Z: [    2.126393] CPU feature 'AVX registers' is not supported.
[STDOUT  ] 2018-01-19T11:40:28.587960852Z: [    2.133736] CPU feature 'AVX registers' is not supported.
[STDOUT  ] 2018-01-19T11:40:28.595043862Z: [    2.140847] CPU feature 'AVX registers' is not supported.
[STDOUT  ] 2018-01-19T11:40:28.601986595Z: [    2.147812] CPU feature 'AVX registers' is not supported.
[STDOUT  ] 2018-01-19T11:40:28.609088869Z: [    2.154966] AVX2 or AES-NI instructions are not detected.
[STDOUT  ] 2018-01-19T11:40:28.614942476Z: [    2.162017] AVX2 instructions are not detected.
[STDOUT  ] 2018-01-19T11:40:28.622227456Z: [    2.168109] audit: initializing netlink subsys (disabled)
[STDOUT  ] 2018-01-19T11:40:28.629891241Z: [    2.175210] audit: type=2000 audit(1516362027.208:1): initialized
[STDOUT  ] 2018-01-19T11:40:28.638442099Z: [    2.183243] workingset: timestamp_bits=46 max_order=18 bucket_order=0
[STDOUT  ] 2018-01-19T11:40:28.645470159Z: [    2.191675] FS-Cache: Netfs 'cifs' registered for caching
[STDOUT  ] 2018-01-19T11:40:28.650646962Z: [    2.198457] fuse init (API version 7.26)
[STDOUT  ] 2018-01-19T11:40:28.658846863Z: [    2.203715] SGI XFS with ACLs, security attributes, no debug enabled
[STDOUT  ] 2018-01-19T11:40:28.665978743Z: [    2.211987] 9p: Installing v9fs 9p2000 file system support
[STDOUT  ] 2018-01-19T11:40:28.672668316Z: [    2.218885] FS-Cache: Netfs '9p' registered for caching
[STDOUT  ] 2018-01-19T11:40:28.679346514Z: [    2.226622] NET: Registered protocol family 38
[STDOUT  ] 2018-01-19T11:40:28.684665695Z: [    2.232342] Key type asymmetric registered
[STDOUT  ] 2018-01-19T11:40:28.690991515Z: [    2.237444] Asymmetric key parser 'x509' registered
[STDOUT  ] 2018-01-19T11:40:28.700790853Z: [    2.244012] Block layer SCSI generic (bsg) driver version 0.4 loaded (major 251)
[STDOUT  ] 2018-01-19T11:40:28.706339628Z: [    2.253897] io scheduler noop registered
[STDOUT  ] 2018-01-19T11:40:28.713076549Z: [    2.259076] io scheduler deadline registered (default)
[STDOUT  ] 2018-01-19T11:40:28.718239439Z: [    2.266045] io scheduler cfq registered
[STDOUT  ] 2018-01-19T11:40:28.725722062Z: [    2.271319] pci_hotplug: PCI Hot Plug PCI Core version: 0.5
[STDOUT  ] 2018-01-19T11:40:28.734387272Z: [    2.278495] pciehp: PCI Express Hot Plug Controller Driver version: 0.4
[STDOUT  ] 2018-01-19T11:40:28.74316591Z: [    2.287317] shpchp: Standard Hot Plug PCI Controller Driver version: 0.4
[STDOUT  ] 2018-01-19T11:40:28.749410702Z: [    2.296109] hv_vmbus: registering driver hyperv_fb
[STDOUT  ] 2018-01-19T11:40:28.759097356Z: [    2.302459] input: Power Button as /devices/LNXSYSTM:00/LNXPWRBN:00/input/input0
[STDOUT  ] 2018-01-19T11:40:28.763890487Z: [    2.311993] ACPI: Power Button [PWRF]
[STDOUT  ] 2018-01-19T11:40:28.769251443Z: [    2.317133] GHES: HEST is not enabled!
[STDOUT  ] 2018-01-19T11:40:28.777165345Z: [    2.322593] ACPI: PCI Interrupt Link [GSIG] enabled at IRQ 22
[STDOUT  ] 2018-01-19T11:40:28.790607732Z: [    2.335995] ACPI: PCI Interrupt Link [GSIH] enabled at IRQ 23
[STDOUT  ] 2018-01-19T11:40:28.804603148Z: [    2.349442] xenfs: not registering filesystem on non-xen platform
[STDOUT  ] 2018-01-19T11:40:28.81285287Z: [    2.357622] Serial: 8250/16550 driver, 4 ports, IRQ sharing disabled
[STDOUT  ] 2018-01-19T11:40:28.85604524Z: [    2.399733] 00:04: ttyS0 at I/O 0x3f8 (irq = 4, base_baud = 115200) is a 16550A
[STDOUT  ] 2018-01-19T11:40:28.862315666Z: [    2.409884] Non-volatile memory driver v1.3
[STDOUT  ] 2018-01-19T11:40:28.875825893Z: [    2.417366] Hangcheck: starting hangcheck timer 0.9.1 (tick is 180 seconds, margin is 60 seconds).
[STDOUT  ] 2018-01-19T11:40:28.880890408Z: [    2.429212] random: fast init done
[STDOUT  ] 2018-01-19T11:40:28.886029018Z: [    2.434451] random: crng init done
[STDOUT  ] 2018-01-19T11:40:28.891831993Z: [    2.440630] loop: module loaded
[STDOUT  ] 2018-01-19T11:40:28.898733326Z: [    2.445446] nbd: registered device at major 43
[STDOUT  ] 2018-01-19T11:40:28.908559789Z: [    2.453247] lpc_ich 0000:00:1f.0: I/O space for GPIO uninitialized
[STDOUT  ] 2018-01-19T11:40:28.915424859Z: [    2.461597] VMware PVSCSI driver - version 1.0.7.0-k
[STDOUT  ] 2018-01-19T11:40:28.922488821Z: [    2.468193] hv_vmbus: registering driver hv_storvsc
[STDOUT  ] 2018-01-19T11:40:28.93057409Z: [    2.475919] ACPI: PCI Interrupt Link [GSIA] enabled at IRQ 16
[STDOUT  ] 2018-01-19T11:40:28.944204147Z: [    2.486493] ahci 0000:00:1f.2: AHCI 0001.0000 32 slots 6 ports 1.5 Gbps 0x3f impl SATA mode
[STDOUT  ] 2018-01-19T11:40:28.950843022Z: [    2.497202] ahci 0000:00:1f.2: flags: 64bit ncq only 
[STDOUT  ] 2018-01-19T11:40:28.958089629Z: [    2.507145] scsi host0: ahci
[STDOUT  ] 2018-01-19T11:40:28.962015311Z: [    2.511093] scsi host1: ahci
[STDOUT  ] 2018-01-19T11:40:28.965908671Z: [    2.515024] scsi host2: ahci
[STDOUT  ] 2018-01-19T11:40:28.970027794Z: [    2.518953] scsi host3: ahci
[STDOUT  ] 2018-01-19T11:40:28.973909014Z: [    2.523041] scsi host4: ahci
[STDOUT  ] 2018-01-19T11:40:28.977839617Z: [    2.526927] scsi host5: ahci
[STDOUT  ] 2018-01-19T11:40:28.987432066Z: [    2.530900] ata1: SATA max UDMA/133 abar m4096@0xfebd2000 port 0xfebd2100 irq 24
[STDOUT  ] 2018-01-19T11:40:28.996847607Z: [    2.540395] ata2: SATA max UDMA/133 abar m4096@0xfebd2000 port 0xfebd2180 irq 24
[STDOUT  ] 2018-01-19T11:40:29.00632754Z: [    2.549736] ata3: SATA max UDMA/133 abar m4096@0xfebd2000 port 0xfebd2200 irq 24
[STDOUT  ] 2018-01-19T11:40:29.015584966Z: [    2.559218] ata4: SATA max UDMA/133 abar m4096@0xfebd2000 port 0xfebd2280 irq 24
[STDOUT  ] 2018-01-19T11:40:29.024975517Z: [    2.568536] ata5: SATA max UDMA/133 abar m4096@0xfebd2000 port 0xfebd2300 irq 24
[STDOUT  ] 2018-01-19T11:40:29.034335074Z: [    2.577999] ata6: SATA max UDMA/133 abar m4096@0xfebd2000 port 0xfebd2380 irq 24
[STDOUT  ] 2018-01-19T11:40:29.041218344Z: [    2.587734] tun: Universal TUN/TAP device driver, 1.6
[STDOUT  ] 2018-01-19T11:40:29.049279213Z: [    2.594215] tun: (C) 1999-2004 Max Krasnyansky <maxk@qualcomm.com>
[STDOUT  ] 2018-01-19T11:40:29.063376259Z: [    2.607781] VMware vmxnet3 virtual NIC driver - version 1.4.a.0-k-NAPI
[STDOUT  ] 2018-01-19T11:40:29.069974583Z: [    2.616437] hv_vmbus: registering driver hv_netvsc
[STDOUT  ] 2018-01-19T11:40:29.075482666Z: [    2.622944] Fusion MPT base driver 3.04.20
[STDOUT  ] 2018-01-19T11:40:29.081854385Z: [    2.628219] Copyright (c) 1999-2008 LSI Corporation
[STDOUT  ] 2018-01-19T11:40:29.087799887Z: [    2.634799] Fusion MPT SPI Host driver 3.04.20
[STDOUT  ] 2018-01-19T11:40:29.100450309Z: [    2.640871] i8042: PNP: PS/2 Controller [PNP0303:KBD,PNP0f13:MOU] at 0x60,0x64 irq 1,12
[STDOUT  ] 2018-01-19T11:40:29.110981535Z: [    2.656825] serio: i8042 KBD port at 0x60,0x64 irq 1
[STDOUT  ] 2018-01-19T11:40:29.117541408Z: [    2.663884] serio: i8042 AUX port at 0x60,0x64 irq 12
[STDOUT  ] 2018-01-19T11:40:29.124560064Z: [    2.670659] hv_vmbus: registering driver hyperv_keyboard
[STDOUT  ] 2018-01-19T11:40:29.131785772Z: [    2.677572] mousedev: PS/2 mouse device common for all mice
[STDOUT  ] 2018-01-19T11:40:29.144200767Z: [    2.686057] input: AT Translated Set 2 keyboard as /devices/platform/i8042/serio0/input/input1
[STDOUT  ] 2018-01-19T11:40:29.152700426Z: [    2.697290] input: PC Speaker as /devices/platform/pcspkr/input/input2
[STDOUT  ] 2018-01-19T11:40:29.158978537Z: [    2.705929] rtc_cmos 00:00: RTC can wake from S4
[STDOUT  ] 2018-01-19T11:40:29.169005609Z: [    2.714124] rtc_cmos 00:00: rtc core: registered rtc_cmos as rtc0
[STDOUT  ] 2018-01-19T11:40:29.179489273Z: [    2.722865] rtc_cmos 00:00: alarms up to one day, y3k, 114 bytes nvram, hpet irqs
[STDOUT  ] 2018-01-19T11:40:29.18398432Z: [    2.732411] i2c /dev entries driver
[STDOUT  ] 2018-01-19T11:40:29.191494875Z: [    2.736996] device-mapper: ioctl: 4.35.0-ioctl (2016-06-23) initialised: dm-devel@redhat.com
[STDOUT  ] 2018-01-19T11:40:29.200825684Z: [    2.745307] usbcore: registered new interface driver usbhid
[STDOUT  ] 2018-01-19T11:40:29.206713527Z: [    2.753665] usbhid: USB HID core driver
[STDOUT  ] 2018-01-19T11:40:29.21447026Z: [    2.759558] hv_utils: Registering HyperV Utility Driver
[STDOUT  ] 2018-01-19T11:40:29.221505309Z: [    2.767416] hv_vmbus: registering driver hv_util
[STDOUT  ] 2018-01-19T11:40:29.229091457Z: [    2.774434] hv_vmbus: registering driver hv_balloon
[STDOUT  ] 2018-01-19T11:40:29.235361379Z: [    2.781969] oprofile: using NMI interrupt.
[STDOUT  ] 2018-01-19T11:40:29.240213073Z: [    2.788266] GACT probability on
[STDOUT  ] 2018-01-19T11:40:29.245988315Z: [    2.793090] Mirror/redirect action on
[STDOUT  ] 2018-01-19T11:40:29.251114887Z: [    2.798674] Simple TC action Loaded
[STDOUT  ] 2018-01-19T11:40:29.255407538Z: [    2.804024] u32 classifier
[STDOUT  ] 2018-01-19T11:40:29.261209112Z: [    2.808182]     Performance counters on
[STDOUT  ] 2018-01-19T11:40:29.266933641Z: [    2.814129]     input device check on
[STDOUT  ] 2018-01-19T11:40:29.271951747Z: [    2.819668]     Actions configured
[STDOUT  ] 2018-01-19T11:40:29.279482961Z: [    2.825272] Netfilter messages via NETLINK v0.30.
[STDOUT  ] 2018-01-19T11:40:29.287125182Z: [    2.832658] nfnl_acct: registering with nfnetlink.
[STDOUT  ] 2018-01-19T11:40:29.296339887Z: [    2.840292] nf_conntrack version 0.5.0 (8192 buckets, 32768 max)
[STDOUT  ] 2018-01-19T11:40:29.306243721Z: [    2.849572] ctnetlink v0.93: registering with nfnetlink.
[STDOUT  ] 2018-01-19T11:40:29.319115575Z: [    2.859468] nf_tables: (c) 2007-2009 Patrick McHardy <kaber@trash.net>
[STDOUT  ] 2018-01-19T11:40:29.333037028Z: [    2.872368] nf_tables_compat: (c) 2012 Pablo Neira Ayuso <pablo@netfilter.org>
[STDOUT  ] 2018-01-19T11:40:29.34142885Z: [    2.886313] xt_time: kernel timezone is -0000
[STDOUT  ] 2018-01-19T11:40:29.347445332Z: [    2.894660] ip_set: protocol 6
[STDOUT  ] 2018-01-19T11:40:29.358336219Z: [    2.900654] IPVS: Registered protocols (TCP, UDP, SCTP, AH, ESP)
[STDOUT  ] 2018-01-19T11:40:29.367741402Z: [    2.911477] IPVS: Connection hash table configured (size=4096, memory=64Kbytes)
[STDOUT  ] 2018-01-19T11:40:29.373762844Z: [    2.920892] IPVS: Creating netns size=2104 id=0
[STDOUT  ] 2018-01-19T11:40:29.378034688Z: [    2.926857] IPVS: ipvs loaded.
[STDOUT  ] 2018-01-19T11:40:29.383415105Z: [    2.930865] IPVS: [rr] scheduler registered.
[STDOUT  ] 2018-01-19T11:40:29.390738328Z: [    2.936809] ata6: SATA link down (SStatus 0 SControl 300)
[STDOUT  ] 2018-01-19T11:40:29.39827762Z: [    2.944378] ata5: SATA link down (SStatus 0 SControl 300)
[STDOUT  ] 2018-01-19T11:40:29.405870639Z: [    2.951906] ata4: SATA link down (SStatus 0 SControl 300)
[STDOUT  ] 2018-01-19T11:40:29.41430309Z: [    2.959461] ata3: SATA link up 1.5 Gbps (SStatus 113 SControl 300)
[STDOUT  ] 2018-01-19T11:40:29.422161324Z: [    2.968179] ata2: SATA link down (SStatus 0 SControl 300)
[STDOUT  ] 2018-01-19T11:40:29.429764831Z: [    2.975739] ata1: SATA link down (SStatus 0 SControl 300)
[STDOUT  ] 2018-01-19T11:40:29.435622891Z: [    2.982861] IPVS: [wrr] scheduler registered.
[STDOUT  ] 2018-01-19T11:40:29.440981055Z: [    2.988353] IPVS: [lc] scheduler registered.
[STDOUT  ] 2018-01-19T11:40:29.448256143Z: [    2.993868] ata3.00: ATAPI: QEMU DVD-ROM, 2.5+, max UDMA/100
[STDOUT  ] 2018-01-19T11:40:29.453634745Z: [    3.001077] ata3.00: applying bridge limits
[STDOUT  ] 2018-01-19T11:40:29.459487096Z: [    3.006727] IPVS: [wlc] scheduler registered.
[STDOUT  ] 2018-01-19T11:40:29.464887819Z: [    3.012304] IPVS: [fo] scheduler registered.
[STDOUT  ] 2018-01-19T11:40:29.470470167Z: [    3.017646] IPVS: [ovf] scheduler registered.
[STDOUT  ] 2018-01-19T11:40:29.47609177Z: [    3.023592] ata3.00: configured for UDMA/100
[STDOUT  ] 2018-01-19T11:40:29.487464589Z: [    3.029889] scsi 2:0:0:0: CD-ROM            QEMU     QEMU DVD-ROM     2.5+ PQ: 0 ANSI: 5
[STDOUT  ] 2018-01-19T11:40:29.493499176Z: [    3.040345] IPVS: [lblc] scheduler registered.
[STDOUT  ] 2018-01-19T11:40:29.499388518Z: [    3.046254] IPVS: [lblcr] scheduler registered.
[STDOUT  ] 2018-01-19T11:40:29.50623104Z: [    3.053414] IPVS: [dh] scheduler registered.
[STDOUT  ] 2018-01-19T11:40:29.511600184Z: [    3.058946] IPVS: [sh] scheduler registered.
[STDOUT  ] 2018-01-19T11:40:29.517096704Z: [    3.064430] IPVS: [sed] scheduler registered.
[STDOUT  ] 2018-01-19T11:40:29.522647462Z: [    3.069849] IPVS: [nq] scheduler registered.
[STDOUT  ] 2018-01-19T11:40:29.531884807Z: [    3.076287] sr 2:0:0:0: [sr0] scsi3-mmc drive: 4x/4x cd/rw xa/form2 tray
[STDOUT  ] 2018-01-19T11:40:29.538631862Z: [    3.084711] cdrom: Uniform CD-ROM driver Revision: 3.20
[STDOUT  ] 2018-01-19T11:40:29.544995571Z: [    3.091446] IPVS: ftp: loaded support on port[0] = 21
[STDOUT  ] 2018-01-19T11:40:29.552217611Z: [    3.097963] ipip: IPv4 and MPLS over IPv4 tunneling driver
[STDOUT  ] 2018-01-19T11:40:29.559686443Z: [    3.105676] sr 2:0:0:0: Attached scsi generic sg0 type 5
[STDOUT  ] 2018-01-19T11:40:29.566052705Z: [    3.112772] gre: GRE over IPv4 demultiplexor driver
[STDOUT  ] 2018-01-19T11:40:29.572778149Z: [    3.118891] ip_tables: (C) 2000-2006 Netfilter Core Team
[STDOUT  ] 2018-01-19T11:40:29.581202877Z: [    3.126039] ipt_CLUSTERIP: ClusterIP Version 0.8 loaded successfully
[STDOUT  ] 2018-01-19T11:40:29.588526881Z: [    3.134150] arp_tables: arp_tables: (C) 2002 David S. Miller
[STDOUT  ] 2018-01-19T11:40:29.594329676Z: [    3.141372] NET: Registered protocol family 10
[STDOUT  ] 2018-01-19T11:40:29.602914341Z: [    3.147440] ip6_tables: (C) 2000-2006 Netfilter Core Team
[STDOUT  ] 2018-01-19T11:40:29.610122712Z: [    3.156039] NET: Registered protocol family 17
[STDOUT  ] 2018-01-19T11:40:29.616254649Z: [    3.163040] Bridge firewalling registered
[STDOUT  ] 2018-01-19T11:40:29.623049382Z: [    3.169025] Ebtables v2.0 registered
[STDOUT  ] 2018-01-19T11:40:29.629500804Z: [    3.175978] 8021q: 802.1Q VLAN Support v1.8
[STDOUT  ] 2018-01-19T11:40:29.636056487Z: [    3.182453] 9pnet: Installing 9P2000 support
[STDOUT  ] 2018-01-19T11:40:29.64249841Z: [    3.188836] Key type dns_resolver registered
[STDOUT  ] 2018-01-19T11:40:29.650344031Z: [    3.195520] microcode: sig=0x663, pf=0x1, revision=0x1
[STDOUT  ] 2018-01-19T11:40:29.665334796Z: [    3.203358] microcode: Microcode Update Driver: v2.01 <tigran@aivazian.fsnet.co.uk>, Peter Oruba
[STDOUT  ] 2018-01-19T11:40:29.671898189Z: [    3.218457] registered taskstats version 1
[STDOUT  ] 2018-01-19T11:40:29.681825344Z: [    3.228693] Key type big_key registered
[STDOUT  ] 2018-01-19T11:40:29.689924581Z: [    3.236755] Key type encrypted registered
[STDOUT  ] 2018-01-19T11:40:29.703648562Z: [    3.244604] rtc_cmos 00:00: setting system clock to 2018-01-19 11:40:28 UTC (1516362028)
[STDOUT  ] 2018-01-19T11:40:29.715597393Z: [    3.259576] Freeing unused kernel memory: 1372K (ffffffffa2d50000 - ffffffffa2ea7000)
[STDOUT  ] 2018-01-19T11:40:29.722105969Z: [    3.268401] Write protecting the kernel read-only data: 12288k
[STDOUT  ] 2018-01-19T11:40:29.731133256Z: [    3.275285] Freeing unused kernel memory: 156K (ffff8dc7797d9000 - ffff8dc779800000)
[STDOUT  ] 2018-01-19T11:40:29.744186255Z: [    3.288247] Freeing unused kernel memory: 1404K (ffff8dc779aa1000 - ffff8dc779c00000)
[STDOUT  ] 2018-01-19T11:40:30.019111479Z: 
[STDOUT  ] 2018-01-19T11:40:30.020559867Z: Welcome to LinuxKitSUCCESS boot
[STDOUT  ] 2018-01-19T11:40:30.020875604Z: 
[STDOUT  ] 2018-01-19T11:40:30.021745325Z: 
[STDOUT  ] 2018-01-19T11:40:30.024701146Z:                         ##         .
[STDOUT  ] 2018-01-19T11:40:30.027879401Z:                   ## ## ##        ==
[STDOUT  ] 2018-01-19T11:40:30.030860934Z:                ## ## ## ## ##    ===
[STDOUT  ] 2018-01-19T11:40:30.033828956Z:            /"""""""""""""""""\___/ ===
[STDOUT  ] 2018-01-19T11:40:30.037179264Z:           {                       /  ===-
[STDOUT  ] 2018-01-19T11:40:30.040309135Z:            \______ O           __/
[STDOUT  ] 2018-01-19T11:40:30.042932751Z:              \    \         __/
[STDOUT  ] 2018-01-19T11:40:30.045350124Z:               \____\_______/
[STDOUT  ] 2018-01-19T11:40:30.045966792Z: 
[STDOUT  ] 2018-01-19T11:40:30.107797362Z: [    3.654206] 8021q: adding VLAN 0 to HW filter on device eth0
[STDOUT  ] 2018-01-19T11:40:30.110911097Z: eth0: waiting for carrier
[STDOUT  ] 2018-01-19T11:40:30.130187529Z: eth0: carrier acquired
[STDOUT  ] 2018-01-19T11:40:30.137144159Z: DUID 00:01:00:01:21:f4:95:ad:56:7c:17:1f:7f:b4
[STDOUT  ] 2018-01-19T11:40:30.140228458Z: eth0: IAID 17:1f:7f:b4
[STDOUT  ] 2018-01-19T11:40:30.144421215Z: eth0: adding address fe80::b3a6:5664:93cd:e3f3
[STDOUT  ] 2018-01-19T11:40:30.14804963Z: eth0: soliciting an IPv6 router
[STDOUT  ] 2018-01-19T11:40:30.151192994Z: eth0: soliciting a DHCP lease
[STDOUT  ] 2018-01-19T11:40:30.155258444Z: eth0: offered 10.0.2.15 from 10.0.2.2
[STDOUT  ] 2018-01-19T11:40:30.159443304Z: eth0: leased 10.0.2.15 for 86400 seconds
[STDOUT  ] 2018-01-19T11:40:30.163022427Z: eth0: adding route to 10.0.2.0/24
[STDOUT  ] 2018-01-19T11:40:30.16686758Z: eth0: adding default route via 10.0.2.2
[STDOUT  ] 2018-01-19T11:40:30.176635751Z: exiting due to oneshot
[STDOUT  ] 2018-01-19T11:40:30.179045835Z: dhcpcd exited
[STDOUT  ] 2018-01-19T11:40:30.206627947Z: [34mINFO[0m[0000] starting containerd                           [34mmodule[0m=containerd [34mrevision[0m=9b55aab90508bd389d7654c4baf173a981477d55 [34mversion[0m=v1.0.1
[STDOUT  ] 2018-01-19T11:40:30.216984468Z: [34mINFO[0m[0000] loading plugin "io.containerd.content.v1.content"...  [34mmodule[0m=containerd [34mtype[0m=io.containerd.content.v1
[STDOUT  ] 2018-01-19T11:40:30.227059116Z: [34mINFO[0m[0000] loading plugin "io.containerd.snapshotter.v1.btrfs"...  [34mmodule[0m=containerd [34mtype[0m=io.containerd.snapshotter.v1
[STDOUT  ] 2018-01-19T11:40:30.244415878Z: [33mWARN[0m[0000] failed to load plugin io.containerd.snapshotter.v1.btrfs  [33merror[0m="path /var/lib/containerd/io.containerd.snapshotter.v1.btrfs must be a btrfs filesystem to be used with the btrfs snapshotter" [33mmodule[0m=containerd
[STDOUT  ] 2018-01-19T11:40:30.255009481Z: [34mINFO[0m[0000] loading plugin "io.containerd.snapshotter.v1.overlayfs"...  [34mmodule[0m=containerd [34mtype[0m=io.containerd.snapshotter.v1
[STDOUT  ] 2018-01-19T11:40:30.265048116Z: [34mINFO[0m[0000] loading plugin "io.containerd.metadata.v1.bolt"...  [34mmodule[0m=containerd [34mtype[0m=io.containerd.metadata.v1
[STDOUT  ] 2018-01-19T11:40:30.283140962Z: [33mWARN[0m[0000] could not use snapshotter btrfs in metadata plugin  [33merror[0m="path /var/lib/containerd/io.containerd.snapshotter.v1.btrfs must be a btrfs filesystem to be used with the btrfs snapshotter" [33mmodule[0m="containerd/io.containerd.metadata.v1.bolt"
[STDOUT  ] 2018-01-19T11:40:30.293638146Z: [34mINFO[0m[0000] loading plugin "io.containerd.differ.v1.walking"...  [34mmodule[0m=containerd [34mtype[0m=io.containerd.differ.v1
[STDOUT  ] 2018-01-19T11:40:30.302668291Z: [34mINFO[0m[0000] loading plugin "io.containerd.gc.v1.scheduler"...  [34mmodule[0m=containerd [34mtype[0m=io.containerd.gc.v1
[STDOUT  ] 2018-01-19T11:40:30.31247758Z: [34mINFO[0m[0000] loading plugin "io.containerd.grpc.v1.containers"...  [34mmodule[0m=containerd [34mtype[0m=io.containerd.grpc.v1
[STDOUT  ] 2018-01-19T11:40:30.322110445Z: [34mINFO[0m[0000] loading plugin "io.containerd.grpc.v1.content"...  [34mmodule[0m=containerd [34mtype[0m=io.containerd.grpc.v1
[STDOUT  ] 2018-01-19T11:40:30.331658471Z: [34mINFO[0m[0000] loading plugin "io.containerd.grpc.v1.diff"...  [34mmodule[0m=containerd [34mtype[0m=io.containerd.grpc.v1
[STDOUT  ] 2018-01-19T11:40:30.341046676Z: [34mINFO[0m[0000] loading plugin "io.containerd.grpc.v1.events"...  [34mmodule[0m=containerd [34mtype[0m=io.containerd.grpc.v1
[STDOUT  ] 2018-01-19T11:40:30.350520023Z: [34mINFO[0m[0000] loading plugin "io.containerd.grpc.v1.healthcheck"...  [34mmodule[0m=containerd [34mtype[0m=io.containerd.grpc.v1
[STDOUT  ] 2018-01-19T11:40:30.360158888Z: [34mINFO[0m[0000] loading plugin "io.containerd.grpc.v1.images"...  [34mmodule[0m=containerd [34mtype[0m=io.containerd.grpc.v1
[STDOUT  ] 2018-01-19T11:40:30.371663684Z: [34mINFO[0m[0000] loading plugin "io.containerd.grpc.v1.leases"...  [34mmodule[0m=containerd [34mtype[0m=io.containerd.grpc.v1
[STDOUT  ] 2018-01-19T11:40:30.382298434Z: [34mINFO[0m[0000] loading plugin "io.containerd.grpc.v1.namespaces"...  [34mmodule[0m=containerd [34mtype[0m=io.containerd.grpc.v1
[STDOUT  ] 2018-01-19T11:40:30.393098011Z: [34mINFO[0m[0000] loading plugin "io.containerd.grpc.v1.snapshots"...  [34mmodule[0m=containerd [34mtype[0m=io.containerd.grpc.v1
[STDOUT  ] 2018-01-19T11:40:30.404198225Z: [34mINFO[0m[0000] loading plugin "io.containerd.monitor.v1.cgroups"...  [34mmodule[0m=containerd [34mtype[0m=io.containerd.monitor.v1
[STDOUT  ] 2018-01-19T11:40:30.416635213Z: [34mINFO[0m[0000] loading plugin "io.containerd.runtime.v1.linux"...  [34mmodule[0m=containerd [34mtype[0m=io.containerd.runtime.v1
[STDOUT  ] 2018-01-19T11:40:30.427394292Z: [34mINFO[0m[0000] loading plugin "io.containerd.grpc.v1.tasks"...  [34mmodule[0m=containerd [34mtype[0m=io.containerd.grpc.v1
[STDOUT  ] 2018-01-19T11:40:30.438674087Z: [34mINFO[0m[0000] loading plugin "io.containerd.grpc.v1.version"...  [34mmodule[0m=containerd [34mtype[0m=io.containerd.grpc.v1
[STDOUT  ] 2018-01-19T11:40:30.449622268Z: [34mINFO[0m[0000] loading plugin "io.containerd.grpc.v1.introspection"...  [34mmodule[0m=containerd [34mtype[0m=io.containerd.grpc.v1
[STDOUT  ] 2018-01-19T11:40:30.461673149Z: [34mINFO[0m[0000] serving...                                    [34maddress[0m="/run/containerd/debug.sock" [34mmodule[0m="containerd/debug"
[STDOUT  ] 2018-01-19T11:40:30.47357374Z: [34mINFO[0m[0000] serving...                                    [34maddress[0m="/run/containerd/containerd.sock" [34mmodule[0m="containerd/grpc"
[STDOUT  ] 2018-01-19T11:40:30.481445823Z: [34mINFO[0m[0000] containerd successfully booted in 0.279300s   [34mmodule[0m=containerd
[STDOUT  ] 2018-01-19T11:40:30.522629918Z: [34mINFO[0m[0000] shim containerd-shim started                  [34maddress[0m="/containerd-shim/services.linuxkit/getty/shim.sock" [34mdebug[0m=false [34mmodule[0m="containerd/tasks" [34mpid[0m=326
[STDOUT  ] 2018-01-19T11:40:30.593023379Z: getty: cmdline has console=ttyAMA0 but /dev/ttyAMA0 is not a character device; not starting getty for ttyAMA0
[STDOUT  ] 2018-01-19T11:40:31.594785402Z: 
[STDOUT  ] 2018-01-19T11:40:31.604700431Z: linuxkit-567c171f7fb4 login: root
[STDOUT  ] 2018-01-19T11:40:31.609069755Z: Password: abcdefgh
[STDOUT  ] 2018-01-19T11:40:31.610534192Z: 
[STDOUT  ] 2018-01-19T11:40:31.619189223Z: Welcome to LinuxKit!
[STDOUT  ] 2018-01-19T11:40:31.619890927Z: 
[STDOUT  ] 2018-01-19T11:40:31.623030512Z: NOTE: This system is namespaced.
[STDOUT  ] 2018-01-19T11:40:31.62766912Z: The namespace you are currently in may not be the root.
[STDOUT  ] 2018-01-19T11:40:31.631214325Z: login[367]: root login on 'ttyS0'
[STDOUT  ] 2018-01-19T11:40:31.677750016Z: (ns: getty) linuxkit-567c171f7fb4:~# [6nctr images pull docker.io/library/hello-wor
[STDOUT  ] 2018-01-19T11:40:31.724881627Z: ld@sha256:f3b3b28a45160805bb16542c9531888519430e9e6d6ffc09d72261b0d26ff74f
[STDOUT  ] 2018-01-19T11:40:31.991270945Z: docker.io/library/hello-world@sha256:f3b3b28a45160805bb16542c9531888519430e9e6d6ffc09d72261b0d26ff74f: resolving      |[32m[0m--------------------------------------| 
[STDOUT  ] 2018-01-19T11:40:32.008117881Z: elapsed: 0.1 s                                                                                         total:   0.0 B (0.0 B/s)                                         
[STDOUT  ] 2018-01-19T11:40:32.087216399Z: [1A[2K[1A[2K[1A[2K[1A[2K[1A[2K[1A[2Kdocker.io/library/hello-world@sha256:f3b3b28a45160805bb16542c9531888519430e9e6d6ffc09d72261b0d26ff74f: resolving      |[32m[0m--------------------------------------| 
[STDOUT  ] 2018-01-19T11:40:32.098665139Z: elapsed: 0.3 s                                                                                         total:   0.0 B (0.0 B/s)                                         
[STDOUT  ] 2018-01-19T11:40:32.172911456Z: [1A[2K[1A[2K[1A[2K[1A[2K[1A[2K[1A[2Kdocker.io/library/hello-world@sha256:f3b3b28a45160805bb16542c9531888519430e9e6d6ffc09d72261b0d26ff74f: resolving      |[32m[0m--------------------------------------| 
[STDOUT  ] 2018-01-19T11:40:32.184087521Z: elapsed: 0.3 s                                                                                         total:   0.0 B (0.0 B/s)                                         
[STDOUT  ] 2018-01-19T11:40:32.272857019Z: [1A[2K[1A[2K[1A[2K[1A[2K[1A[2K[1A[2Kdocker.io/library/hello-world@sha256:f3b3b28a45160805bb16542c9531888519430e9e6d6ffc09d72261b0d26ff74f: resolving      |[32m[0m--------------------------------------| 
[STDOUT  ] 2018-01-19T11:40:32.284216563Z: elapsed: 0.4 s                                                                                         total:   0.0 B (0.0 B/s)                                         
[STDOUT  ] 2018-01-19T11:40:32.374205598Z: [1A[2K[1A[2K[1A[2K[1A[2K[1A[2K[1A[2Kdocker.io/library/hello-world@sha256:f3b3b28a45160805bb16542c9531888519430e9e6d6ffc09d72261b0d26ff74f: resolving      |[32m[0m--------------------------------------| 
[STDOUT  ] 2018-01-19T11:40:32.386833622Z: elapsed: 0.5 s                                                                                         total:   0.0 B (0.0 B/s)                                         
[STDOUT  ] 2018-01-19T11:40:32.475927536Z: [1A[2K[1A[2K[1A[2K[1A[2K[1A[2K[1A[2Kdocker.io/library/hello-world@sha256:f3b3b28a45160805bb16542c9531888519430e9e6d6ffc09d72261b0d26ff74f: resolving      |[32m[0m--------------------------------------| 
[STDOUT  ] 2018-01-19T11:40:32.489473244Z: elapsed: 0.6 s                                                                                         total:   0.0 B (0.0 B/s)                                         
[STDOUT  ] 2018-01-19T11:40:32.574752302Z: [1A[2K[1A[2K[1A[2K[1A[2K[1A[2K[1A[2Kdocker.io/library/hello-world@sha256:f3b3b28a45160805bb16542c9531888519430e9e6d6ffc09d72261b0d26ff74f: resolving      |[32m[0m--------------------------------------| 
[STDOUT  ] 2018-01-19T11:40:32.5889482Z: elapsed: 0.7 s                                                                                         total:   0.0 B (0.0 B/s)                                         
[STDOUT  ] 2018-01-19T11:40:32.674240197Z: [1A[2K[1A[2K[1A[2K[1A[2K[1A[2K[1A[2Kdocker.io/library/hello-world@sha256:f3b3b28a45160805bb16542c9531888519430e9e6d6ffc09d72261b0d26ff74f: resolving      |[32m[0m--------------------------------------| 
[STDOUT  ] 2018-01-19T11:40:32.686723646Z: elapsed: 0.8 s                                                                                         total:   0.0 B (0.0 B/s)                                         
[STDOUT  ] 2018-01-19T11:40:32.77471615Z: [1A[2K[1A[2K[1A[2K[1A[2K[1A[2K[1A[2Kdocker.io/library/hello-world@sha256:f3b3b28a45160805bb16542c9531888519430e9e6d6ffc09d72261b0d26ff74f: resolving      |[32m[0m--------------------------------------| 
[STDOUT  ] 2018-01-19T11:40:32.787495315Z: elapsed: 0.9 s                                                                                         total:   0.0 B (0.0 B/s)                                         
[STDOUT  ] 2018-01-19T11:40:32.876269287Z: [1A[2K[1A[2K[1A[2K[1A[2K[1A[2K[1A[2Kdocker.io/library/hello-world@sha256:f3b3b28a45160805bb16542c9531888519430e9e6d6ffc09d72261b0d26ff74f: resolving      |[32m[0m--------------------------------------| 
[STDOUT  ] 2018-01-19T11:40:32.889890187Z: elapsed: 1.0 s                                                                                         total:   0.0 B (0.0 B/s)                                         
[STDOUT  ] 2018-01-19T11:40:32.982556423Z: [1A[2K[1A[2K[1A[2K[1A[2K[1A[2K[1A[2Kdocker.io/library/hello-world@sha256:f3b3b28a45160805bb16542c9531888519430e9e6d6ffc09d72261b0d26ff74f: resolved       |[32m++++++++++++++++++++++++++++++++++++++[0m| 
[STDOUT  ] 2018-01-19T11:40:32.998290276Z: manifest-sha256:f3b3b28a45160805bb16542c9531888519430e9e6d6ffc09d72261b0d26ff74f:                      downloading    |[32m[0m--------------------------------------|    0.0 B/524.0 B 
[STDOUT  ] 2018-01-19T11:40:33.010987926Z: elapsed: 1.1 s                                                                                         total:   0.0 B (0.0 B/s)                                         
[STDOUT  ] 2018-01-19T11:40:33.087126549Z: [1A[2K[1A[2K[1A[2K[1A[2K[1A[2K[1A[2K[1A[2K[1A[2Kdocker.io/library/hello-world@sha256:f3b3b28a45160805bb16542c9531888519430e9e6d6ffc09d72261b0d26ff74f: resolved       |[32m++++++++++++++++++++++++++++++++++++++[0m| 
[STDOUT  ] 2018-01-19T11:40:33.110494573Z: manifest-sha256:f3b3b28a45160805bb16542c9531888519430e9e6d6ffc09d72261b0d26ff74f:                      downloading    |[32m[0m--------------------------------------|    0.0 B/524.0 B 
[STDOUT  ] 2018-01-19T11:40:33.130751919Z: elapsed: 1.3 s                                                                                         total:   0.0 B (0.0 B/s)                                         
[STDOUT  ] 2018-01-19T11:40:33.187192377Z: [1A[2K[1A[2K[1A[2K[1A[2K[1A[2K[1A[2K[1A[2K[1A[2Kdocker.io/library/hello-world@sha256:f3b3b28a45160805bb16542c9531888519430e9e6d6ffc09d72261b0d26ff74f: resolved       |[32m++++++++++++++++++++++++++++++++++++++[0m| 
[STDOUT  ] 2018-01-19T11:40:33.20945289Z: manifest-sha256:f3b3b28a45160805bb16542c9531888519430e9e6d6ffc09d72261b0d26ff74f:                      downloading    |[32m[0m--------------------------------------|    0.0 B/524.0 B 
[STDOUT  ] 2018-01-19T11:40:33.228532642Z: elapsed: 1.4 s                                                                                         total:   0.0 B (0.0 B/s)                                         
[STDOUT  ] 2018-01-19T11:40:33.277792504Z: [1A[2K[1A[2K[1A[2K[1A[2K[1A[2K[1A[2K[1A[2K[1A[2Kdocker.io/library/hello-world@sha256:f3b3b28a45160805bb16542c9531888519430e9e6d6ffc09d72261b0d26ff74f: resolved       |[32m++++++++++++++++++++++++++++++++++++++[0m| 
[STDOUT  ] 2018-01-19T11:40:33.29140872Z: manifest-sha256:f3b3b28a45160805bb16542c9531888519430e9e6d6ffc09d72261b0d26ff74f:                      downloading    |[32m[0m--------------------------------------|    0.0 B/524.0 B 
[STDOUT  ] 2018-01-19T11:40:33.312680008Z: elapsed: 1.5 s                                                                                         total:   0.0 B (0.0 B/s)                                         
[STDOUT  ] 2018-01-19T11:40:33.392329846Z: [1A[2K[1A[2K[1A[2K[1A[2K[1A[2K[1A[2K[1A[2K[1A[2Kdocker.io/library/hello-world@sha256:f3b3b28a45160805bb16542c9531888519430e9e6d6ffc09d72261b0d26ff74f: resolved       |[32m++++++++++++++++++++++++++++++++++++++[0m| 
[STDOUT  ] 2018-01-19T11:40:33.421488976Z: manifest-sha256:f3b3b28a45160805bb16542c9531888519430e9e6d6ffc09d72261b0d26ff74f:                      downloading    |[32m[0m--------------------------------------|    0.0 B/524.0 B 
[STDOUT  ] 2018-01-19T11:40:33.446916672Z: elapsed: 1.6 s                                                                                         total:   0.0 B (0.0 B/s)                                         
[STDOUT  ] 2018-01-19T11:40:33.479410409Z: [1A[2K[1A[2K[1A[2K[1A[2K[1A[2K[1A[2K[1A[2K[1A[2Kdocker.io/library/hello-world@sha256:f3b3b28a45160805bb16542c9531888519430e9e6d6ffc09d72261b0d26ff74f: resolved       |[32m++++++++++++++++++++++++++++++++++++++[0m| 
[STDOUT  ] 2018-01-19T11:40:33.495292382Z: manifest-sha256:f3b3b28a45160805bb16542c9531888519430e9e6d6ffc09d72261b0d26ff74f:                      downloading    |[32m[0m--------------------------------------|    0.0 B/524.0 B 
[STDOUT  ] 2018-01-19T11:40:33.510150629Z: elapsed: 1.7 s                                                                                         total:   0.0 B (0.0 B/s)                                         
[STDOUT  ] 2018-01-19T11:40:33.576111428Z: [1A[2K[1A[2K[1A[2K[1A[2K[1A[2K[1A[2K[1A[2K[1A[2Kdocker.io/library/hello-world@sha256:f3b3b28a45160805bb16542c9531888519430e9e6d6ffc09d72261b0d26ff74f: resolved       |[32m++++++++++++++++++++++++++++++++++++++[0m| 
[STDOUT  ] 2018-01-19T11:40:33.588286435Z: manifest-sha256:f3b3b28a45160805bb16542c9531888519430e9e6d6ffc09d72261b0d26ff74f:                      downloading    |[32m[0m--------------------------------------|    0.0 B/524.0 B 
[STDOUT  ] 2018-01-19T11:40:33.599387238Z: elapsed: 1.8 s                                                                                         total:   0.0 B (0.0 B/s)                                         
[STDOUT  ] 2018-01-19T11:40:33.674861613Z: [1A[2K[1A[2K[1A[2K[1A[2K[1A[2K[1A[2K[1A[2K[1A[2Kdocker.io/library/hello-world@sha256:f3b3b28a45160805bb16542c9531888519430e9e6d6ffc09d72261b0d26ff74f: resolved       |[32m++++++++++++++++++++++++++++++++++++++[0m| 
[STDOUT  ] 2018-01-19T11:40:33.697298492Z: manifest-sha256:f3b3b28a45160805bb16542c9531888519430e9e6d6ffc09d72261b0d26ff74f:                      downloading    |[32m[0m--------------------------------------|    0.0 B/524.0 B 
[STDOUT  ] 2018-01-19T11:40:33.709159844Z: elapsed: 1.8 s                                                                                         total:   0.0 B (0.0 B/s)                                         
[STDOUT  ] 2018-01-19T11:40:33.775588671Z: [1A[2K[1A[2K[1A[2K[1A[2K[1A[2K[1A[2K[1A[2K[1A[2Kdocker.io/library/hello-world@sha256:f3b3b28a45160805bb16542c9531888519430e9e6d6ffc09d72261b0d26ff74f: resolved       |[32m++++++++++++++++++++++++++++++++++++++[0m| 
[STDOUT  ] 2018-01-19T11:40:33.789132716Z: manifest-sha256:f3b3b28a45160805bb16542c9531888519430e9e6d6ffc09d72261b0d26ff74f:                      done           |[32m++++++++++++++++++++++++++++++++++++++[0m| 
[STDOUT  ] 2018-01-19T11:40:33.801478935Z: layer-sha256:b04784fba78d739b526e27edc02a5a8cd07b1052e9283f5fc155828f4b614c28:                         downloading    |[32m[0m--------------------------------------|    0.0 B/972.0 B 
[STDOUT  ] 2018-01-19T11:40:33.814155719Z: config-sha256:1815c82652c03bfd8644afda26fb184f2ed891d921b20a0703b46768f9755c57:                        downloading    |[32m[0m--------------------------------------|    0.0 B/1.5 KiB 
[STDOUT  ] 2018-01-19T11:40:33.825270587Z: elapsed: 2.0 s                                                                                         total:  524.0  (267.0 B/s)                                       
[STDOUT  ] 2018-01-19T11:40:33.880824073Z: [1A[2K[1A[2K[1A[2K[1A[2K[1A[2K[1A[2K[1A[2K[1A[2K[1A[2K[1A[2K[1A[2K[1A[2K[1A[2Kdocker.io/library/hello-world@sha256:f3b3b28a45160805bb16542c9531888519430e9e6d6ffc09d72261b0d26ff74f: resolved       |[32m++++++++++++++++++++++++++++++++++++++[0m| 
[STDOUT  ] 2018-01-19T11:40:33.893856949Z: manifest-sha256:f3b3b28a45160805bb16542c9531888519430e9e6d6ffc09d72261b0d26ff74f:                      done           |[32m++++++++++++++++++++++++++++++++++++++[0m| 
[STDOUT  ] 2018-01-19T11:40:33.906233Z: layer-sha256:b04784fba78d739b526e27edc02a5a8cd07b1052e9283f5fc155828f4b614c28:                         downloading    |[32m[0m--------------------------------------|    0.0 B/972.0 B 
[STDOUT  ] 2018-01-19T11:40:33.918400714Z: config-sha256:1815c82652c03bfd8644afda26fb184f2ed891d921b20a0703b46768f9755c57:                        downloading    |[32m[0m--------------------------------------|    0.0 B/1.5 KiB 
[STDOUT  ] 2018-01-19T11:40:33.929628574Z: elapsed: 2.1 s                                                                                         total:  524.0  (252.0 B/s)                                       
[STDOUT  ] 2018-01-19T11:40:33.982366626Z: [1A[2K[1A[2K[1A[2K[1A[2K[1A[2K[1A[2K[1A[2K[1A[2K[1A[2K[1A[2K[1A[2K[1A[2K[1A[2Kdocker.io/library/hello-world@sha256:f3b3b28a45160805bb16542c9531888519430e9e6d6ffc09d72261b0d26ff74f: resolved       |[32m++++++++++++++++++++++++++++++++++++++[0m| 
[STDOUT  ] 2018-01-19T11:40:33.995773199Z: manifest-sha256:f3b3b28a45160805bb16542c9531888519430e9e6d6ffc09d72261b0d26ff74f:                      done           |[32m++++++++++++++++++++++++++++++++++++++[0m| 
[STDOUT  ] 2018-01-19T11:40:34.008267707Z: layer-sha256:b04784fba78d739b526e27edc02a5a8cd07b1052e9283f5fc155828f4b614c28:                         downloading    |[32m[0m--------------------------------------|    0.0 B/972.0 B 
[STDOUT  ] 2018-01-19T11:40:34.020660298Z: config-sha256:1815c82652c03bfd8644afda26fb184f2ed891d921b20a0703b46768f9755c57:                        downloading    |[32m[0m--------------------------------------|    0.0 B/1.5 KiB 
[STDOUT  ] 2018-01-19T11:40:34.031965322Z: elapsed: 2.2 s                                                                                         total:  524.0  (240.0 B/s)                                       
[STDOUT  ] 2018-01-19T11:40:34.081817576Z: [1A[2K[1A[2K[1A[2K[1A[2K[1A[2K[1A[2K[1A[2K[1A[2K[1A[2K[1A[2K[1A[2K[1A[2K[1A[2Kdocker.io/library/hello-world@sha256:f3b3b28a45160805bb16542c9531888519430e9e6d6ffc09d72261b0d26ff74f: resolved       |[32m++++++++++++++++++++++++++++++++++++++[0m| 
[STDOUT  ] 2018-01-19T11:40:34.093174925Z: manifest-sha256:f3b3b28a45160805bb16542c9531888519430e9e6d6ffc09d72261b0d26ff74f:                      done           |[32m++++++++++++++++++++++++++++++++++++++[0m| 
[STDOUT  ] 2018-01-19T11:40:34.105353999Z: layer-sha256:b04784fba78d739b526e27edc02a5a8cd07b1052e9283f5fc155828f4b614c28:                         downloading    |[32m[0m--------------------------------------|    0.0 B/972.0 B 
[STDOUT  ] 2018-01-19T11:40:34.117638946Z: config-sha256:1815c82652c03bfd8644afda26fb184f2ed891d921b20a0703b46768f9755c57:                        downloading    |[32m[0m--------------------------------------|    0.0 B/1.5 KiB 
[STDOUT  ] 2018-01-19T11:40:34.128797612Z: elapsed: 2.3 s                                                                                         total:  524.0  (229.0 B/s)                                       
[STDOUT  ] 2018-01-19T11:40:34.182312669Z: [1A[2K[1A[2K[1A[2K[1A[2K[1A[2K[1A[2K[1A[2K[1A[2K[1A[2K[1A[2K[1A[2K[1A[2K[1A[2Kdocker.io/library/hello-world@sha256:f3b3b28a45160805bb16542c9531888519430e9e6d6ffc09d72261b0d26ff74f: resolved       |[32m++++++++++++++++++++++++++++++++++++++[0m| 
[STDOUT  ] 2018-01-19T11:40:34.19403869Z: manifest-sha256:f3b3b28a45160805bb16542c9531888519430e9e6d6ffc09d72261b0d26ff74f:                      done           |[32m++++++++++++++++++++++++++++++++++++++[0m| 
[STDOUT  ] 2018-01-19T11:40:34.208190709Z: layer-sha256:b04784fba78d739b526e27edc02a5a8cd07b1052e9283f5fc155828f4b614c28:                         downloading    |[32m[0m--------------------------------------|    0.0 B/972.0 B 
[STDOUT  ] 2018-01-19T11:40:34.222423245Z: config-sha256:1815c82652c03bfd8644afda26fb184f2ed891d921b20a0703b46768f9755c57:                        downloading    |[32m[0m--------------------------------------|    0.0 B/1.5 KiB 
[STDOUT  ] 2018-01-19T11:40:34.234291975Z: elapsed: 2.4 s                                                                                         total:  524.0  (220.0 B/s)                                       
[STDOUT  ] 2018-01-19T11:40:34.281421605Z: [1A[2K[1A[2K[1A[2K[1A[2K[1A[2K[1A[2K[1A[2K[1A[2K[1A[2K[1A[2K[1A[2K[1A[2K[1A[2Kdocker.io/library/hello-world@sha256:f3b3b28a45160805bb16542c9531888519430e9e6d6ffc09d72261b0d26ff74f: resolved       |[32m++++++++++++++++++++++++++++++++++++++[0m| 
[STDOUT  ] 2018-01-19T11:40:34.292897092Z: manifest-sha256:f3b3b28a45160805bb16542c9531888519430e9e6d6ffc09d72261b0d26ff74f:                      done           |[32m++++++++++++++++++++++++++++++++++++++[0m| 
[STDOUT  ] 2018-01-19T11:40:34.305223741Z: layer-sha256:b04784fba78d739b526e27edc02a5a8cd07b1052e9283f5fc155828f4b614c28:                         downloading    |[32m[0m--------------------------------------|    0.0 B/972.0 B 
[STDOUT  ] 2018-01-19T11:40:34.317447563Z: config-sha256:1815c82652c03bfd8644afda26fb184f2ed891d921b20a0703b46768f9755c57:                        downloading    |[32m[0m--------------------------------------|    0.0 B/1.5 KiB 
[STDOUT  ] 2018-01-19T11:40:34.328618812Z: elapsed: 2.5 s                                                                                         total:  524.0  (211.0 B/s)                                       
[STDOUT  ] 2018-01-19T11:40:34.380752119Z: [1A[2K[1A[2K[1A[2K[1A[2K[1A[2K[1A[2K[1A[2K[1A[2K[1A[2K[1A[2K[1A[2K[1A[2K[1A[2Kdocker.io/library/hello-world@sha256:f3b3b28a45160805bb16542c9531888519430e9e6d6ffc09d72261b0d26ff74f: resolved       |[32m++++++++++++++++++++++++++++++++++++++[0m| 
[STDOUT  ] 2018-01-19T11:40:34.394058723Z: manifest-sha256:f3b3b28a45160805bb16542c9531888519430e9e6d6ffc09d72261b0d26ff74f:                      done           |[32m++++++++++++++++++++++++++++++++++++++[0m| 
[STDOUT  ] 2018-01-19T11:40:34.40619103Z: layer-sha256:b04784fba78d739b526e27edc02a5a8cd07b1052e9283f5fc155828f4b614c28:                         downloading    |[32m[0m--------------------------------------|    0.0 B/972.0 B 
[STDOUT  ] 2018-01-19T11:40:34.418376727Z: config-sha256:1815c82652c03bfd8644afda26fb184f2ed891d921b20a0703b46768f9755c57:                        downloading    |[32m[0m--------------------------------------|    0.0 B/1.5 KiB 
[STDOUT  ] 2018-01-19T11:40:34.429481142Z: elapsed: 2.6 s                                                                                         total:  524.0  (203.0 B/s)                                       
[STDOUT  ] 2018-01-19T11:40:34.480478503Z: [1A[2K[1A[2K[1A[2K[1A[2K[1A[2K[1A[2K[1A[2K[1A[2K[1A[2K[1A[2K[1A[2K[1A[2K[1A[2Kdocker.io/library/hello-world@sha256:f3b3b28a45160805bb16542c9531888519430e9e6d6ffc09d72261b0d26ff74f: resolved       |[32m++++++++++++++++++++++++++++++++++++++[0m| 
[STDOUT  ] 2018-01-19T11:40:34.491685763Z: manifest-sha256:f3b3b28a45160805bb16542c9531888519430e9e6d6ffc09d72261b0d26ff74f:                      done           |[32m++++++++++++++++++++++++++++++++++++++[0m| 
[STDOUT  ] 2018-01-19T11:40:34.503778166Z: layer-sha256:b04784fba78d739b526e27edc02a5a8cd07b1052e9283f5fc155828f4b614c28:                         downloading    |[32m[0m--------------------------------------|    0.0 B/972.0 B 
[STDOUT  ] 2018-01-19T11:40:34.515006617Z: config-sha256:1815c82652c03bfd8644afda26fb184f2ed891d921b20a0703b46768f9755c57:                        done           |[32m++++++++++++++++++++++++++++++++++++++[0m| 
[STDOUT  ] 2018-01-19T11:40:34.526124448Z: elapsed: 2.7 s                                                                                         total:  2.0 Ki (763.0 B/s)                                       
[STDOUT  ] 2018-01-19T11:40:34.577515906Z: [1A[2K[1A[2K[1A[2K[1A[2K[1A[2K[1A[2K[1A[2K[1A[2K[1A[2K[1A[2K[1A[2K[1A[2Kdocker.io/library/hello-world@sha256:f3b3b28a45160805bb16542c9531888519430e9e6d6ffc09d72261b0d26ff74f: resolved       |[32m++++++++++++++++++++++++++++++++++++++[0m| 
[STDOUT  ] 2018-01-19T11:40:34.588773606Z: manifest-sha256:f3b3b28a45160805bb16542c9531888519430e9e6d6ffc09d72261b0d26ff74f:                      done           |[32m++++++++++++++++++++++++++++++++++++++[0m| 
[STDOUT  ] 2018-01-19T11:40:34.60095692Z: layer-sha256:b04784fba78d739b526e27edc02a5a8cd07b1052e9283f5fc155828f4b614c28:                         downloading    |[32m[0m--------------------------------------|    0.0 B/972.0 B 
[STDOUT  ] 2018-01-19T11:40:34.612147279Z: config-sha256:1815c82652c03bfd8644afda26fb184f2ed891d921b20a0703b46768f9755c57:                        done           |[32m++++++++++++++++++++++++++++++++++++++[0m| 
[STDOUT  ] 2018-01-19T11:40:34.62595665Z: elapsed: 2.8 s                                                                                         total:  2.0 Ki (736.0 B/s)                                       
[STDOUT  ] 2018-01-19T11:40:34.63380206Z: [31mERRO[0m[0002] active check failed                           [31merror[0m="context canceled: unknown"
[STDOUT  ] 2018-01-19T11:40:34.686901619Z: [1A[2K[1A[2K[1A[2K[1A[2K[1A[2K[1A[2K[1A[2K[1A[2K[1A[2K[1A[2K[1A[2K[1A[2Kdocker.io/library/hello-world@sha256:f3b3b28a45160805bb16542c9531888519430e9e6d6ffc09d72261b0d26ff74f: resolved       |[32m++++++++++++++++++++++++++++++++++++++[0m| 
[STDOUT  ] 2018-01-19T11:40:34.698214648Z: manifest-sha256:f3b3b28a45160805bb16542c9531888519430e9e6d6ffc09d72261b0d26ff74f:                      done           |[32m++++++++++++++++++++++++++++++++++++++[0m| 
[STDOUT  ] 2018-01-19T11:40:34.709316186Z: layer-sha256:b04784fba78d739b526e27edc02a5a8cd07b1052e9283f5fc155828f4b614c28:                         done           |[32m++++++++++++++++++++++++++++++++++++++[0m| 
[STDOUT  ] 2018-01-19T11:40:34.720453796Z: config-sha256:1815c82652c03bfd8644afda26fb184f2ed891d921b20a0703b46768f9755c57:                        done           |[32m++++++++++++++++++++++++++++++++++++++[0m| 
[STDOUT  ] 2018-01-19T11:40:34.731702869Z: elapsed: 2.9 s                                                                                         total:  2.0 Ki (702.0 B/s)                                       
[STDOUT  ] 2018-01-19T11:40:34.73815178Z: unpacking sha256:f3b3b28a45160805bb16542c9531888519430e9e6d6ffc09d72261b0d26ff74f...
[STDOUT  ] 2018-01-19T11:40:34.753638158Z: done
[STDOUT  ] 2018-01-19T11:40:34.759654567Z: (ns: getty) linuxkit-567c171f7fb4:~# [6SUCCESS ctr images pull
[STDOUT  ] 2018-01-19T11:40:34.799684716Z: nctr run -t docker.io/library/hello-world@sh
[STDOUT  ] 2018-01-19T11:40:34.845573397Z: a256:f3b3b28a45160805bb16542c9531888519430e9e6d6ffc09d72261b0d26ff74f test
[STDOUT  ] 2018-01-19T11:40:34.912348861Z: [34mINFO[0m[0004] shim containerd-shim started                  [34maddress[0m="/containerd-shim/default/test/shim.sock" [34mdebug[0m=false [34mmodule[0m="containerd/tasks" [34mpid[0m=383
[STDOUT  ] 2018-01-19T11:40:34.931433752Z: [    8.479012] IPVS: Creating netns size=2104 id=1
[STDOUT  ] 2018-01-19T11:40:34.937461225Z: [    8.484559] IPVS: ftp: loaded support on port[0] = 21
[STDOUT  ] 2018-01-19T11:40:34.972909547Z: 
[STDOUT  ] 2018-01-19T11:40:34.974693801Z: Hello from Docker!SUCCESS ctr run
[STDOUT  ] 2018-01-19T11:40:34.975372424Z: 
[STDOUT  ] 2018-01-19T11:40:34.987650192Z: This message shows that your installation appears to be working correctly.
[STDOUT  ] 2018-01-19T11:40:34.988974486Z: 
[STDOUT  ] 2018-01-19T11:40:35.000317778Z: To generate this message, Docker took the following steps:
[STDOUT  ] 2018-01-19T11:40:35.004152529Z:  1. The Docker client contacted the Docker daemon.
[STDOUT  ] 2018-01-19T11:40:35.02019488Z:  2. The Docker daemon pulled the "hello-world" image from the Docker Hub.
[STDOUT  ] 2018-01-19T11:40:35.032142344Z:  3. The Docker daemon created a new container from that image which runs the
[STDOUT  ] 2018-01-19T11:40:35.042021966Z:     executable that produces the output you are currently reading.
[STDOUT  ] 2018-01-19T11:40:35.0480639Z:  4. The Docker daemon streamed that output to the Docker client, which sent it
[STDOUT  ] 2018-01-19T11:40:35.050355796Z:     to your terminal.
[STDOUT  ] 2018-01-19T11:40:35.051257847Z: 
[STDOUT  ] 2018-01-19T11:40:35.056769935Z: To try something more ambitious, you can run an Ubuntu container with:
[STDOUT  ] 2018-01-19T11:40:35.059487524Z:  $ docker run -it ubuntu bash
[STDOUT  ] 2018-01-19T11:40:35.060382513Z: 
[STDOUT  ] 2018-01-19T11:40:35.065592945Z: Share images, automate workflows, and more with a free Docker ID:
[STDOUT  ] 2018-01-19T11:40:35.068164289Z:  https://cloud.docker.com/
[STDOUT  ] 2018-01-19T11:40:35.068992934Z: 
[STDOUT  ] 2018-01-19T11:40:35.072001402Z: For more examples and ideas, visit:
[STDOUT  ] 2018-01-19T11:40:35.075537802Z:  https://docs.docker.com/engine/userguide/
[STDOUT  ] 2018-01-19T11:40:35.076449379Z: 
[STDOUT  ] 2018-01-19T11:40:35.085452582Z: [31mERRO[0m[0000] resize pty                                    [31merror[0m="cannot resize a stopped container: unknown"
[STDOUT  ] 2018-01-19T11:40:35.127772654Z: ^C[34mINFO[0m[0004] shim reaped                                   [34mid[0m=test [34mmodule[0m="containerd/tasks"
[STDOUT  ] 2018-01-19T11:40:35.146634322Z: (ns: getty) linuxkit-567c171f7fb4:~# [6npoweroff -f
[STDOUT  ] 2018-01-19T11:40:35.175047095Z: [    8.721682] ACPI: Preparing to enter system sleep state S5
[STDOUT  ] 2018-01-19T11:40:35.179421258Z: [    8.728582] reboot: Power downSUCCESS poweroff
[STDERR  ] 2018-01-19T11:40:35.562910302Z: + exit 0
[STDERR  ] 2018-01-19T11:40:35.562963034Z: + clean_up
[STDERR  ] 2018-01-19T11:40:35.5629774Z: + rm -rf test-ctr-cmdline test-ctr-initrd.img test-ctr-kernel test-ctr-state
[PASS    ] linuxkit.packages.getty-containerd 31.50s
